Archive member included to satisfy reference by file (symbol)

C:/Program Files/SEGGER/SEGGER Embedded Studio for ARM 4.52c/lib/libc_v7em_fpv4_sp_d16_hard_t_le_eabi.a(libc2.o)
                              Output/twi_sensor_pca10040 Debug/Obj/nrf_log_str_formatter.o (isprint)
C:/Program Files/SEGGER/SEGGER Embedded Studio for ARM 4.52c/lib/libc_v7em_fpv4_sp_d16_hard_t_le_eabi.a(libc2_asm.o)
                              Output/twi_sensor_pca10040 Debug/Obj/nrf_log_frontend.o (memcpy)
C:/Program Files/SEGGER/SEGGER Embedded Studio for ARM 4.52c/lib/libc_v7em_fpv4_sp_d16_hard_t_le_eabi.a(libc.o)
                              C:/Program Files/SEGGER/SEGGER Embedded Studio for ARM 4.52c/lib/libc_v7em_fpv4_sp_d16_hard_t_le_eabi.a(libc2.o) (__heap_lock)
C:/Program Files/SEGGER/SEGGER Embedded Studio for ARM 4.52c/lib/libc_v7em_fpv4_sp_d16_hard_t_le_eabi.a(libc_asm.o)
                              C:/Program Files/SEGGER/SEGGER Embedded Studio for ARM 4.52c/lib/libc_v7em_fpv4_sp_d16_hard_t_le_eabi.a(libc2.o) (__aeabi_uldivmod)
C:/Program Files/SEGGER/SEGGER Embedded Studio for ARM 4.52c/lib/libdebugio_v7em_fpv4_sp_d16_hard_t_le_eabi.a(libdebugio.o)
                              Output/twi_sensor_pca10040 Debug/Obj/thumb_crt0.o (debug_fopen)
C:/Program Files/SEGGER/SEGGER Embedded Studio for ARM 4.52c/lib/libdebugio_mempoll_v7em_fpv4_sp_d16_hard_t_le_eabi.a(mempoll_debug_operations.o)
                              C:/Program Files/SEGGER/SEGGER Embedded Studio for ARM 4.52c/lib/libdebugio_v7em_fpv4_sp_d16_hard_t_le_eabi.a(libdebugio.o) (__do_debug_operation)
C:/Program Files/SEGGER/SEGGER Embedded Studio for ARM 4.52c/lib/libdebugio_mempoll_v7em_fpv4_sp_d16_hard_t_le_eabi.a(do_nv_debug_operation.o)
                              C:/Program Files/SEGGER/SEGGER Embedded Studio for ARM 4.52c/lib/libdebugio_v7em_fpv4_sp_d16_hard_t_le_eabi.a(libdebugio.o) (__do_nvdebug_operation)
C:/Program Files/SEGGER/SEGGER Embedded Studio for ARM 4.52c/lib/libm_v7em_fpv4_sp_d16_hard_t_le_eabi.a(libm_asm.o)
                              C:/Program Files/SEGGER/SEGGER Embedded Studio for ARM 4.52c/lib/libc_v7em_fpv4_sp_d16_hard_t_le_eabi.a(libc2.o) (__aeabi_dadd)
C:/Program Files/SEGGER/SEGGER Embedded Studio for ARM 4.52c/lib/libm_v7em_fpv4_sp_d16_hard_t_le_eabi.a(libm2.o)
                              C:/Program Files/SEGGER/SEGGER Embedded Studio for ARM 4.52c/lib/libvfprintf_v7em_fpv4_sp_d16_hard_t_le_eabi.o (frexp)

Discarded input sections

 .text          0x0000000000000000        0x0 Output/twi_sensor_pca10040 Debug/Obj/thumb_crt0.o
 .data          0x0000000000000000        0x0 Output/twi_sensor_pca10040 Debug/Obj/thumb_crt0.o
 .bss           0x0000000000000000        0x0 Output/twi_sensor_pca10040 Debug/Obj/thumb_crt0.o
 .text.__aeabi_read_tp
                0x0000000000000000        0x8 Output/twi_sensor_pca10040 Debug/Obj/thumb_crt0.o
 .text.abort    0x0000000000000000        0x2 Output/twi_sensor_pca10040 Debug/Obj/thumb_crt0.o
 .text.__assert
                0x0000000000000000        0x2 Output/twi_sensor_pca10040 Debug/Obj/thumb_crt0.o
 .text.__assert_func
                0x0000000000000000        0x2 Output/twi_sensor_pca10040 Debug/Obj/thumb_crt0.o
 .text.__aeabi_assert
                0x0000000000000000        0x2 Output/twi_sensor_pca10040 Debug/Obj/thumb_crt0.o
 .text.__sync_synchronize
                0x0000000000000000        0x2 Output/twi_sensor_pca10040 Debug/Obj/thumb_crt0.o
 .text.__getchar
                0x0000000000000000        0x4 Output/twi_sensor_pca10040 Debug/Obj/thumb_crt0.o
 .text.__putchar
                0x0000000000000000        0x4 Output/twi_sensor_pca10040 Debug/Obj/thumb_crt0.o
 .text.__open   0x0000000000000000        0x4 Output/twi_sensor_pca10040 Debug/Obj/thumb_crt0.o
 .text.__close  0x0000000000000000        0x4 Output/twi_sensor_pca10040 Debug/Obj/thumb_crt0.o
 .text.__write  0x0000000000000000        0xa Output/twi_sensor_pca10040 Debug/Obj/thumb_crt0.o
 .text.__read   0x0000000000000000        0xa Output/twi_sensor_pca10040 Debug/Obj/thumb_crt0.o
 .text.__seek   0x0000000000000000       0x1a Output/twi_sensor_pca10040 Debug/Obj/thumb_crt0.o
 .bss.__user_locale_name_buffer
                0x0000000000000000        0x4 Output/twi_sensor_pca10040 Debug/Obj/thumb_crt0.o
 .stack         0x0000000000000000        0x0 Output/twi_sensor_pca10040 Debug/Obj/thumb_crt0.o
 .stack_process
                0x0000000000000000        0x0 Output/twi_sensor_pca10040 Debug/Obj/thumb_crt0.o
 .heap          0x0000000000000000        0x0 Output/twi_sensor_pca10040 Debug/Obj/thumb_crt0.o
 .group         0x0000000000000000        0xc Output/twi_sensor_pca10040 Debug/Obj/nrf_log_backend_rtt.o
 .group         0x0000000000000000        0xc Output/twi_sensor_pca10040 Debug/Obj/nrf_log_backend_rtt.o
 .group         0x0000000000000000        0xc Output/twi_sensor_pca10040 Debug/Obj/nrf_log_backend_rtt.o
 .group         0x0000000000000000        0xc Output/twi_sensor_pca10040 Debug/Obj/nrf_log_backend_rtt.o
[...]
Memory Configuration

Name             Origin             Length             Attributes
UNPLACED_SECTIONS 0x0000000100000000 0x0000000000000000 xw
RAM              0x0000000020000000 0x0000000000010000 xw
FLASH            0x0000000000000000 0x0000000000080000 xw
*default*        0x0000000000000000 0xffffffffffffffff

Linker script and memory map

                0x0000000000000000                __vfprintf = __vfprintf_long
                0x0000000000000000                __vfscanf = __vfscanf_int
                0x0000000020000000                __RAM_segment_start__ = 0x20000000
                0x0000000020010000                __RAM_segment_end__ = 0x20010000
                0x0000000000010000                __RAM_segment_size__ = 0x10000
                0x0000000000000000                __FLASH_segment_start__ = 0x0
                0x0000000000080000                __FLASH_segment_end__ = 0x80000
                0x0000000000080000                __FLASH_segment_size__ = 0x80000
                0x0000000000000200                __HEAPSIZE__ = 0x200
                0x0000000000000000                __STACKSIZE_PROCESS__ = 0x0
                0x0000000000000800                __STACKSIZE__ = 0x800
                0x0000000020000000                __vectors_ram_load_start__ = 0x20000000

.vectors_ram    0x0000000020000000        0x0
                0x0000000020000000                __vectors_ram_start__ = .
                0x0000000020000000                __app_ram_start__ = __vectors_ram_start__
 *(.vectors_ram .vectors_ram.*)
                0x0000000020000000                __vectors_ram_end__ = (__vectors_ram_start__ + SIZEOF (.vectors_ram))
                0x0000000000000000                __vectors_ram_size__ = SIZEOF (.vectors_ram)
                0x0000000020000000                __vectors_ram_load_end__ = __vectors_ram_end__
                0x0000000000000001                . = ASSERT (((__vectors_ram_start__ == __vectors_ram_end__) || ((__vectors_ram_end__ - __RAM_segment_start__) <= __RAM_segment_size__)), error: .vectors_ram is too large to fit in RAM memory segment)
                0x0000000020000000                __nrf_sections_run_load_start__ = ALIGN (__vectors_ram_end__, 0x4)

.nrf_sections_run
                0x0000000020000000        0x0
                0x0000000020000000                __nrf_sections_run_start__ = .
                0x0000000020000000                __start_nrf_sections_run = __nrf_sections_run_start__
 *(.nrf_sections_run .nrf_sections_run.*)
                0x0000000020000000                __nrf_sections_run_end__ = (__nrf_sections_run_start__ + SIZEOF (.nrf_sections_run))
                0x0000000000000000                __nrf_sections_run_size__ = SIZEOF (.nrf_sections_run)
                0x0000000020000000                __nrf_sections_run_load_end__ = __nrf_sections_run_end__
                0x0000000000000001                . = ASSERT (((__nrf_sections_run_start__ == __nrf_sections_run_end__) || ((__nrf_sections_run_end__ - __RAM_segment_start__) <= __RAM_segment_size__)), error: .nrf_sections_run is too large to fit in RAM memory segment)
                0x0000000000000000                __vectors_load_start__ = 0x0

.vectors        0x0000000000000000       0xdc
                0x0000000000000000                __vectors_start__ = .
 *(.vectors .vectors.*)
 .vectors       0x0000000000000000       0xdc Output/twi_sensor_pca10040 Debug/Obj/ses_nrf52_Vectors.o
                0x0000000000000000                _vectors
                0x00000000000000dc                __vectors_end__ = (__vectors_start__ + SIZEOF (.vectors))
                0x00000000000000dc                __vectors_size__ = SIZEOF (.vectors)
                0x00000000000000dc                __vectors_load_end__ = __vectors_end__
                0x0000000000000001                . = ASSERT (((__vectors_start__ == __vectors_end__) || ((__vectors_end__ - __FLASH_segment_start__) <= __FLASH_segment_size__)), error: .vectors is too large to fit in FLASH memory segment)
                0x00000000000000dc                __init_load_start__ = ALIGN (__vectors_end__, 0x4)

.init           0x00000000000000dc      0x214
                0x00000000000000dc                __init_start__ = .
 *(.init .init.*)
 .init          0x00000000000000dc      0x15c Output/twi_sensor_pca10040 Debug/Obj/thumb_crt0.o
                0x00000000000000dc                _start
                0x0000000000000190                exit
 .init          0x0000000000000238       0x58 Output/twi_sensor_pca10040 Debug/Obj/ses_nRF_Startup.o
                0x0000000000000238                Reset_Handler
                0x000000000000025c                InitializeUserMemorySections
 .init          0x0000000000000290       0x60 Output/twi_sensor_pca10040 Debug/Obj/ses_nrf52_Vectors.o
                0x0000000000000290                NMI_Handler
                0x0000000000000292                HardFault_Handler
                0x0000000000000294                MemoryManagement_Handler
                0x0000000000000296                BusFault_Handler
                0x0000000000000298                UsageFault_Handler
                0x000000000000029a                SVC_Handler
                0x000000000000029c                DebugMon_Handler
                0x000000000000029e                PendSV_Handler
                0x00000000000002a0                SysTick_Handler
                0x00000000000002a4                POWER_CLOCK_IRQHandler
                0x00000000000002a6                RADIO_IRQHandler
                0x00000000000002ac                SPIM1_SPIS1_TWIM1_TWIS1_SPI1_TWI1_IRQHandler
                0x00000000000002ae                NFCT_IRQHandler
                0x00000000000002b0                GPIOTE_IRQHandler
                0x00000000000002b2                SAADC_IRQHandler
                0x00000000000002b4                TIMER0_IRQHandler
                0x00000000000002b6                TIMER1_IRQHandler
                0x00000000000002b8                TIMER2_IRQHandler
                0x00000000000002ba                RTC0_IRQHandler
                0x00000000000002bc                TEMP_IRQHandler
                0x00000000000002be                RNG_IRQHandler
                0x00000000000002c0                ECB_IRQHandler
                0x00000000000002c2                CCM_AAR_IRQHandler
                0x00000000000002c4                WDT_IRQHandler
                0x00000000000002c6                RTC1_IRQHandler
                0x00000000000002c8                QDEC_IRQHandler
                0x00000000000002ca                COMP_LPCOMP_IRQHandler
                0x00000000000002cc                SWI0_EGU0_IRQHandler
                0x00000000000002ce                SWI1_EGU1_IRQHandler
                0x00000000000002d0                SWI2_EGU2_IRQHandler
                0x00000000000002d2                SWI3_EGU3_IRQHandler
                0x00000000000002d4                SWI4_EGU4_IRQHandler
                0x00000000000002d6                SWI5_EGU5_IRQHandler
                0x00000000000002d8                TIMER3_IRQHandler
                0x00000000000002da                TIMER4_IRQHandler
                0x00000000000002dc                PWM0_IRQHandler
                0x00000000000002de                PDM_IRQHandler
                0x00000000000002e0                MWU_IRQHandler
                0x00000000000002e2                PWM1_IRQHandler
                0x00000000000002e4                PWM2_IRQHandler
                0x00000000000002e6                SPIM2_SPIS2_SPI2_IRQHandler
                0x00000000000002e8                RTC2_IRQHandler
                0x00000000000002ea                I2S_IRQHandler
                0x00000000000002ec                FPU_IRQHandler
                0x00000000000002f0                __init_end__ = (__init_start__ + SIZEOF (.init))
                0x0000000000000214                __init_size__ = SIZEOF (.init)
                0x00000000000002f0                __init_load_end__ = __init_end__
                0x0000000000000001                . = ASSERT (((__init_start__ == __init_end__) || ((__init_end__ - __FLASH_segment_start__) <= __FLASH_segment_size__)), error: .init is too large to fit in FLASH memory segment)
                0x00000000000002f0                __init_rodata_load_start__ = ALIGN (__init_end__, 0x4)

.init_rodata    0x00000000000002f0        0x0
                0x00000000000002f0                __init_rodata_start__ = .
 *(.init_rodata .init_rodata.*)
                0x00000000000002f0                __init_rodata_end__ = (__init_rodata_start__ + SIZEOF (.init_rodata))
                0x0000000000000000                __init_rodata_size__ = SIZEOF (.init_rodata)
                0x00000000000002f0                __init_rodata_load_end__ = __init_rodata_end__
                0x0000000000000001                . = ASSERT (((__init_rodata_start__ == __init_rodata_end__) || ((__init_rodata_end__ - __FLASH_segment_start__) <= __FLASH_segment_size__)), error: .init_rodata is too large to fit in FLASH memory segment)
                0x00000000000002f0                __text_load_start__ = ALIGN (__init_rodata_end__, 0x4)

.text           0x00000000000002f0     0x4b28
                0x00000000000002f0                __text_start__ = .
 *(.text .text.* .glue_7t .glue_7 .gnu.linkonce.t.* .gcc_except_table .ARM.extab* .gnu.linkonce.armextab.*)
 .glue_7        0x00000000000002f0        0x0 linker stubs
 .glue_7t       0x00000000000002f0        0x0 linker stubs
 .text.nrf_log_backend_serial_put
                0x00000000000002f0      0x14c Output/twi_sensor_pca10040 Debug/Obj/nrf_log_backend_serial.o
                0x00000000000002f0                nrf_log_backend_serial_put
 .text.uart_evt_handler
                0x000000000000043c       0x18 Output/twi_sensor_pca10040 Debug/Obj/nrf_log_backend_uart.o
 .text.uart_init
                0x0000000000000454       0x88 Output/twi_sensor_pca10040 Debug/Obj/nrf_log_backend_uart.o
 .text.nrf_log_backend_uart_init
                0x00000000000004dc       0x1c Output/twi_sensor_pca10040 Debug/Obj/nrf_log_backend_uart.o
                0x00000000000004dc                nrf_log_backend_uart_init
 .text.serial_tx
                0x00000000000004f8       0x6c Output/twi_sensor_pca10040 Debug/Obj/nrf_log_backend_uart.o
 .text.nrf_log_backend_uart_put
                0x0000000000000564       0x28 Output/twi_sensor_pca10040 Debug/Obj/nrf_log_backend_uart.o
 .text.nrf_log_backend_uart_flush
                0x000000000000058c        0xa Output/twi_sensor_pca10040 Debug/Obj/nrf_log_backend_uart.o
 *fill*         0x0000000000000596        0x2 
 .text.nrf_log_backend_uart_panic_set
                0x0000000000000598       0x20 Output/twi_sensor_pca10040 Debug/Obj/nrf_log_backend_uart.o
 .text.nrf_log_backend_enable
                0x00000000000005b8       0x10 Output/twi_sensor_pca10040 Debug/Obj/nrf_log_default_backends.o
 .text.nrf_log_default_backends_init
                0x00000000000005c8       0x3c Output/twi_sensor_pca10040 Debug/Obj/nrf_log_default_backends.o
                0x00000000000005c8                nrf_log_default_backends_init
 .text.nrf_log_backend_put
                0x0000000000000604       0x1c Output/twi_sensor_pca10040 Debug/Obj/nrf_log_frontend.o
 .text.nrf_log_backend_panic_set
                0x0000000000000620       0x18 Output/twi_sensor_pca10040 Debug/Obj/nrf_log_frontend.o
 .text.nrf_log_backend_id_set
                0x0000000000000638       0x18 Output/twi_sensor_pca10040 Debug/Obj/nrf_log_frontend.o
 .text.nrf_log_backend_id_get
                0x0000000000000650        0xe Output/twi_sensor_pca10040 Debug/Obj/nrf_log_frontend.o
 .text.nrf_log_backend_enable
                0x000000000000065e       0x10 Output/twi_sensor_pca10040 Debug/Obj/nrf_log_frontend.o
 .text.nrf_log_backend_is_enabled
                0x000000000000066e        0xe Output/twi_sensor_pca10040 Debug/Obj/nrf_log_frontend.o
 .text.nrf_atomic_u32_or
                0x000000000000067c       0x30 Output/twi_sensor_pca10040 Debug/Obj/nrf_log_frontend.o
 .text.nrf_atomic_u32_fetch_and
                0x00000000000006ac       0x30 Output/twi_sensor_pca10040 Debug/Obj/nrf_log_frontend.o
 .text.nrf_atomic_flag_set
                0x00000000000006dc       0x18 Output/twi_sensor_pca10040 Debug/Obj/nrf_log_frontend.o
 .text.nrf_atomic_flag_clear_fetch
                0x00000000000006f4       0x18 Output/twi_sensor_pca10040 Debug/Obj/nrf_log_frontend.o
 .text.nrf_log_init
                0x000000000000070c       0x98 Output/twi_sensor_pca10040 Debug/Obj/nrf_log_frontend.o
                0x000000000000070c                nrf_log_init
 .text.nrf_log_module_cnt_get
                0x00000000000007a4       0x14 Output/twi_sensor_pca10040 Debug/Obj/nrf_log_frontend.o
                0x00000000000007a4                nrf_log_module_cnt_get
 .text.module_idx_get
                0x00000000000007b8       0x6c Output/twi_sensor_pca10040 Debug/Obj/nrf_log_frontend.o
 .text.nrf_log_module_name_get
                0x0000000000000824       0x40 Output/twi_sensor_pca10040 Debug/Obj/nrf_log_frontend.o
                0x0000000000000824                nrf_log_module_name_get
 .text.nrf_log_color_id_get
                0x0000000000000864       0x70 Output/twi_sensor_pca10040 Debug/Obj/nrf_log_frontend.o
                0x0000000000000864                nrf_log_color_id_get
 .text.log_skip
                0x00000000000008d4      0x11c Output/twi_sensor_pca10040 Debug/Obj/nrf_log_frontend.o
 .text.std_header_set
                0x00000000000009f0       0xb8 Output/twi_sensor_pca10040 Debug/Obj/nrf_log_frontend.o
 .text.buf_prealloc
                0x0000000000000aa8       0xa8 Output/twi_sensor_pca10040 Debug/Obj/nrf_log_frontend.o
 .text.std_n    0x0000000000000b50       0x90 Output/twi_sensor_pca10040 Debug/Obj/nrf_log_frontend.o
 .text.nrf_log_frontend_std_0
                0x0000000000000be0       0x1c Output/twi_sensor_pca10040 Debug/Obj/nrf_log_frontend.o
                0x0000000000000be0                nrf_log_frontend_std_0
 .text.nrf_log_frontend_std_1
                0x0000000000000bfc       0x22 Output/twi_sensor_pca10040 Debug/Obj/nrf_log_frontend.o
                0x0000000000000bfc                nrf_log_frontend_std_1
 .text.nrf_log_frontend_std_2
                0x0000000000000c1e       0x28 Output/twi_sensor_pca10040 Debug/Obj/nrf_log_frontend.o
                0x0000000000000c1e                nrf_log_frontend_std_2
 .text.nrf_log_frontend_std_4
                0x0000000000000c46       0x30 Output/twi_sensor_pca10040 Debug/Obj/nrf_log_frontend.o
                0x0000000000000c46                nrf_log_frontend_std_4
 *fill*         0x0000000000000c76        0x2 
 .text.buffer_is_empty
                0x0000000000000c78       0x1c Output/twi_sensor_pca10040 Debug/Obj/nrf_log_frontend.o
                0x0000000000000c78                buffer_is_empty
 .text.nrf_log_frontend_dequeue
                0x0000000000000c94      0x378 Output/twi_sensor_pca10040 Debug/Obj/nrf_log_frontend.o
                0x0000000000000c94                nrf_log_frontend_dequeue
 .text.backend_id_assign
                0x000000000000100c       0x68 Output/twi_sensor_pca10040 Debug/Obj/nrf_log_frontend.o
 .text.nrf_log_backend_add
                0x0000000000001074       0x68 Output/twi_sensor_pca10040 Debug/Obj/nrf_log_frontend.o
                0x0000000000001074                nrf_log_backend_add
 .text.nrf_log_panic
                0x00000000000010dc       0x3c Output/twi_sensor_pca10040 Debug/Obj/nrf_log_frontend.o
                0x00000000000010dc                nrf_log_panic
 .text.prefix_process
                0x0000000000001118       0x80 Output/twi_sensor_pca10040 Debug/Obj/nrf_log_str_formatter.o
 .text.postfix_process
                0x0000000000001198       0x68 Output/twi_sensor_pca10040 Debug/Obj/nrf_log_str_formatter.o
 .text.nrf_log_std_entry_process
                0x0000000000001200      0x144 Output/twi_sensor_pca10040 Debug/Obj/nrf_log_str_formatter.o
                0x0000000000001200                nrf_log_std_entry_process
 .text.nrf_log_hexdump_entry_process
                0x0000000000001344       0xe8 Output/twi_sensor_pca10040 Debug/Obj/nrf_log_str_formatter.o
                0x0000000000001344                nrf_log_hexdump_entry_process
 .text.app_error_handler
                0x000000000000142c       0x30 Output/twi_sensor_pca10040 Debug/Obj/app_error.o
                0x000000000000142c                app_error_handler
 .text.app_error_save_and_stop
                0x000000000000145c       0x9c Output/twi_sensor_pca10040 Debug/Obj/app_error.o
                0x000000000000145c                app_error_save_and_stop
 .text.app_error_fault_handler
                0x00000000000014f8       0xd4 Output/twi_sensor_pca10040 Debug/Obj/app_error_weak.o
                0x00000000000014f8                app_error_fault_handler
 .text.app_util_disable_irq
                0x00000000000015cc       0x18 Output/twi_sensor_pca10040 Debug/Obj/app_util_platform.o
                0x00000000000015cc                app_util_disable_irq
 .text.app_util_enable_irq
                0x00000000000015e4       0x20 Output/twi_sensor_pca10040 Debug/Obj/app_util_platform.o
                0x00000000000015e4                app_util_enable_irq
 .text.app_util_critical_region_enter
                0x0000000000001604       0x28 Output/twi_sensor_pca10040 Debug/Obj/app_util_platform.o
                0x0000000000001604                app_util_critical_region_enter
 .text.app_util_critical_region_exit
                0x000000000000162c       0x2c Output/twi_sensor_pca10040 Debug/Obj/app_util_platform.o
                0x000000000000162c                app_util_critical_region_exit
 .text.privilege_level_get
                0x0000000000001658       0x3a Output/twi_sensor_pca10040 Debug/Obj/app_util_platform.o
                0x0000000000001658                privilege_level_get
 .text.assert_nrf_callback
                0x0000000000001692       0x2e Output/twi_sensor_pca10040 Debug/Obj/nrf_assert.o
                0x0000000000001692                assert_nrf_callback
 .text.nrf_balloc_idx2block
                0x00000000000016c0       0x38 Output/twi_sensor_pca10040 Debug/Obj/nrf_balloc.o
 .text.nrf_balloc_block2idx
                0x00000000000016f8       0x34 Output/twi_sensor_pca10040 Debug/Obj/nrf_balloc.o
 .text.nrf_balloc_init
                0x000000000000172c       0xb0 Output/twi_sensor_pca10040 Debug/Obj/nrf_balloc.o
                0x000000000000172c                nrf_balloc_init
 .text.nrf_balloc_alloc
                0x00000000000017dc       0x80 Output/twi_sensor_pca10040 Debug/Obj/nrf_balloc.o
                0x00000000000017dc                nrf_balloc_alloc
 .text.nrf_balloc_free
                0x000000000000185c       0x58 Output/twi_sensor_pca10040 Debug/Obj/nrf_balloc.o
                0x000000000000185c                nrf_balloc_free
 .text.nrf_fprintf_buffer_flush
                0x00000000000018b4       0x44 Output/twi_sensor_pca10040 Debug/Obj/nrf_fprintf.o
                0x00000000000018b4                nrf_fprintf_buffer_flush
 .text.nrf_fprintf
                0x00000000000018f8       0x74 Output/twi_sensor_pca10040 Debug/Obj/nrf_fprintf.o
                0x00000000000018f8                nrf_fprintf
 .text.buffer_add
                0x000000000000196c       0x3c Output/twi_sensor_pca10040 Debug/Obj/nrf_fprintf_format.o
 .text.string_print
                0x00000000000019a8       0xc2 Output/twi_sensor_pca10040 Debug/Obj/nrf_fprintf_format.o
 *fill*         0x0000000000001a6a        0x2 
 .text.unsigned_print
                0x0000000000001a6c      0x130 Output/twi_sensor_pca10040 Debug/Obj/nrf_fprintf_format.o
 .text.int_print
                0x0000000000001b9c      0x11c Output/twi_sensor_pca10040 Debug/Obj/nrf_fprintf_format.o
 .text.nrf_fprintf_fmt
                0x0000000000001cb8      0x388 Output/twi_sensor_pca10040 Debug/Obj/nrf_fprintf_format.o
                0x0000000000001cb8                nrf_fprintf_fmt
 .text.nrf_atomic_u32_add
                0x0000000000002040       0x30 Output/twi_sensor_pca10040 Debug/Obj/nrf_memobj.o
 .text.nrf_atomic_u32_sub
                0x0000000000002070       0x30 Output/twi_sensor_pca10040 Debug/Obj/nrf_memobj.o
 .text.nrf_memobj_pool_init
                0x00000000000020a0       0x16 Output/twi_sensor_pca10040 Debug/Obj/nrf_memobj.o
                0x00000000000020a0                nrf_memobj_pool_init
 .text.nrf_memobj_alloc
                0x00000000000020b6       0xae Output/twi_sensor_pca10040 Debug/Obj/nrf_memobj.o
                0x00000000000020b6                nrf_memobj_alloc
 .text.nrf_memobj_free
                0x0000000000002164       0x74 Output/twi_sensor_pca10040 Debug/Obj/nrf_memobj.o
                0x0000000000002164                nrf_memobj_free
 .text.nrf_memobj_get
                0x00000000000021d8       0x1e Output/twi_sensor_pca10040 Debug/Obj/nrf_memobj.o
                0x00000000000021d8                nrf_memobj_get
 .text.nrf_memobj_put
                0x00000000000021f6       0x34 Output/twi_sensor_pca10040 Debug/Obj/nrf_memobj.o
                0x00000000000021f6                nrf_memobj_put
 *fill*         0x000000000000222a        0x2 
 .text.memobj_op
                0x000000000000222c      0x104 Output/twi_sensor_pca10040 Debug/Obj/nrf_memobj.o
 .text.nrf_memobj_write
                0x0000000000002330       0x24 Output/twi_sensor_pca10040 Debug/Obj/nrf_memobj.o
                0x0000000000002330                nrf_memobj_write
 .text.nrf_memobj_read
                0x0000000000002354       0x24 Output/twi_sensor_pca10040 Debug/Obj/nrf_memobj.o
                0x0000000000002354                nrf_memobj_read
 .text.nrf_strerror_get
                0x0000000000002378       0x28 Output/twi_sensor_pca10040 Debug/Obj/nrf_strerror.o
                0x0000000000002378                nrf_strerror_get
 .text.nrf_strerror_find
                0x00000000000023a0       0x68 Output/twi_sensor_pca10040 Debug/Obj/nrf_strerror.o
                0x00000000000023a0                nrf_strerror_find
 .text.NVIC_EnableIRQ
                0x0000000000002408       0x2c Output/twi_sensor_pca10040 Debug/Obj/nrf_drv_common.o
 .text.NVIC_ClearPendingIRQ
                0x0000000000002434       0x30 Output/twi_sensor_pca10040 Debug/Obj/nrf_drv_common.o
 .text.NVIC_SetPriority
                0x0000000000002464       0x50 Output/twi_sensor_pca10040 Debug/Obj/nrf_drv_common.o
 .text.nrf_drv_common_irq_enable
                0x00000000000024b4       0x54 Output/twi_sensor_pca10040 Debug/Obj/nrf_drv_common.o
                0x00000000000024b4                nrf_drv_common_irq_enable
 .text.nrf_twim_task_trigger
                0x0000000000002508       0x1c Output/twi_sensor_pca10040 Debug/Obj/nrf_drv_twi.o
 .text.nrf_twim_event_clear
                0x0000000000002524       0x2a Output/twi_sensor_pca10040 Debug/Obj/nrf_drv_twi.o
 .text.nrf_twim_event_check
                0x000000000000254e       0x24 Output/twi_sensor_pca10040 Debug/Obj/nrf_drv_twi.o
 .text.nrf_twim_int_enable
                0x0000000000002572       0x14 Output/twi_sensor_pca10040 Debug/Obj/nrf_drv_twi.o
 .text.nrf_twim_int_disable
                0x0000000000002586       0x14 Output/twi_sensor_pca10040 Debug/Obj/nrf_drv_twi.o
 .text.nrf_twim_enable
                0x000000000000259a       0x12 Output/twi_sensor_pca10040 Debug/Obj/nrf_drv_twi.o
 .text.nrf_twim_pins_set
                0x00000000000025ac       0x1e Output/twi_sensor_pca10040 Debug/Obj/nrf_drv_twi.o
 .text.nrf_twim_frequency_set
                0x00000000000025ca       0x14 Output/twi_sensor_pca10040 Debug/Obj/nrf_drv_twi.o
 .text.nrf_twim_errorsrc_get_and_clear
                0x00000000000025de       0x1c Output/twi_sensor_pca10040 Debug/Obj/nrf_drv_twi.o
 .text.nrf_twim_address_set
                0x00000000000025fa       0x1a Output/twi_sensor_pca10040 Debug/Obj/nrf_drv_twi.o
 .text.nrf_twim_tx_buffer_set
                0x0000000000002614       0x24 Output/twi_sensor_pca10040 Debug/Obj/nrf_drv_twi.o
 .text.nrf_twim_rx_buffer_set
                0x0000000000002638       0x24 Output/twi_sensor_pca10040 Debug/Obj/nrf_drv_twi.o
 .text.nrf_twim_shorts_set
                0x000000000000265c       0x14 Output/twi_sensor_pca10040 Debug/Obj/nrf_drv_twi.o
 .text.nrf_twim_txd_amount_get
                0x0000000000002670       0x10 Output/twi_sensor_pca10040 Debug/Obj/nrf_drv_twi.o
 .text.nrf_twim_rxd_amount_get
                0x0000000000002680       0x10 Output/twi_sensor_pca10040 Debug/Obj/nrf_drv_twi.o
 .text.nrf_twim_tx_list_enable
                0x0000000000002690       0x12 Output/twi_sensor_pca10040 Debug/Obj/nrf_drv_twi.o
 .text.nrf_twim_tx_list_disable
                0x00000000000026a2       0x12 Output/twi_sensor_pca10040 Debug/Obj/nrf_drv_twi.o
 .text.nrf_twim_rx_list_enable
                0x00000000000026b4       0x12 Output/twi_sensor_pca10040 Debug/Obj/nrf_drv_twi.o
 .text.nrf_twim_rx_list_disable
                0x00000000000026c6       0x12 Output/twi_sensor_pca10040 Debug/Obj/nrf_drv_twi.o
 .text.nrf_drv_get_IRQn
                0x00000000000026d8       0x16 Output/twi_sensor_pca10040 Debug/Obj/nrf_drv_twi.o
 .text.nrf_drv_is_in_RAM
                0x00000000000026ee       0x1c Output/twi_sensor_pca10040 Debug/Obj/nrf_drv_twi.o
 *fill*         0x000000000000270a        0x2 
 .text.nrf_gpio_pin_port_decode
                0x000000000000270c       0x28 Output/twi_sensor_pca10040 Debug/Obj/nrf_drv_twi.o
 .text.nrf_gpio_pin_set
                0x0000000000002734       0x28 Output/twi_sensor_pca10040 Debug/Obj/nrf_drv_twi.o
 .text.nrf_gpio_pin_clear
                0x000000000000275c       0x28 Output/twi_sensor_pca10040 Debug/Obj/nrf_drv_twi.o
 .text.nrf_gpio_pin_read
                0x0000000000002784       0x2a Output/twi_sensor_pca10040 Debug/Obj/nrf_drv_twi.o
 .text.nrf_gpio_port_in_read
                0x00000000000027ae       0x10 Output/twi_sensor_pca10040 Debug/Obj/nrf_drv_twi.o
 .text.nrf_gpio_port_out_set
                0x00000000000027be       0x14 Output/twi_sensor_pca10040 Debug/Obj/nrf_drv_twi.o
 .text.nrf_gpio_port_out_clear
                0x00000000000027d2       0x14 Output/twi_sensor_pca10040 Debug/Obj/nrf_drv_twi.o
 *fill*         0x00000000000027e6        0x2 
 .text.nrf_delay_us
                0x00000000000027e8       0xa0 Output/twi_sensor_pca10040 Debug/Obj/nrf_drv_twi.o
 .text.twi_process_error
                0x0000000000002888       0x30 Output/twi_sensor_pca10040 Debug/Obj/nrf_drv_twi.o
 .text.twi_clear_bus
                0x00000000000028b8       0xde Output/twi_sensor_pca10040 Debug/Obj/nrf_drv_twi.o
 *fill*         0x0000000000002996        0x2 
 .text.nrf_drv_twi_init
                0x0000000000002998      0x118 Output/twi_sensor_pca10040 Debug/Obj/nrf_drv_twi.o
                0x0000000000002998                nrf_drv_twi_init
 .text.nrf_drv_twi_enable
                0x0000000000002ab0       0x54 Output/twi_sensor_pca10040 Debug/Obj/nrf_drv_twi.o
                0x0000000000002ab0                nrf_drv_twi_enable
 .text.twim_list_enable_handle
                0x0000000000002b04       0x40 Output/twi_sensor_pca10040 Debug/Obj/nrf_drv_twi.o
 .text.twim_xfer
                0x0000000000002b44      0x378 Output/twi_sensor_pca10040 Debug/Obj/nrf_drv_twi.o
 .text.nrf_drv_twi_xfer
                0x0000000000002ebc       0x78 Output/twi_sensor_pca10040 Debug/Obj/nrf_drv_twi.o
                0x0000000000002ebc                nrf_drv_twi_xfer
 .text.nrf_drv_twi_tx
                0x0000000000002f34       0x56 Output/twi_sensor_pca10040 Debug/Obj/nrf_drv_twi.o
                0x0000000000002f34                nrf_drv_twi_tx
 .text.nrf_drv_twi_rx
                0x0000000000002f8a       0x50 Output/twi_sensor_pca10040 Debug/Obj/nrf_drv_twi.o
                0x0000000000002f8a                nrf_drv_twi_rx
 *fill*         0x0000000000002fda        0x2 
 .text.irq_handler_twim
                0x0000000000002fdc      0x21c Output/twi_sensor_pca10040 Debug/Obj/nrf_drv_twi.o
 .text.SPIM0_SPIS0_TWIM0_TWIS0_SPI0_TWI0_IRQHandler
                0x00000000000031f8       0x18 Output/twi_sensor_pca10040 Debug/Obj/nrf_drv_twi.o
                0x00000000000031f8                SPIM0_SPIS0_TWIM0_TWIS0_SPI0_TWI0_IRQHandler
 .text.NVIC_DisableIRQ
                0x0000000000003210       0x30 Output/twi_sensor_pca10040 Debug/Obj/nrf_drv_uart.o
 .text.nrf_uart_event_clear
                0x0000000000003240       0x2a Output/twi_sensor_pca10040 Debug/Obj/nrf_drv_uart.o
 .text.nrf_uart_event_check
                0x000000000000326a       0x24 Output/twi_sensor_pca10040 Debug/Obj/nrf_drv_uart.o
 .text.nrf_uart_int_enable
                0x000000000000328e       0x14 Output/twi_sensor_pca10040 Debug/Obj/nrf_drv_uart.o
 .text.nrf_uart_int_enable_check
                0x00000000000032a2       0x20 Output/twi_sensor_pca10040 Debug/Obj/nrf_drv_uart.o
 .text.nrf_uart_int_disable
                0x00000000000032c2       0x14 Output/twi_sensor_pca10040 Debug/Obj/nrf_drv_uart.o
 .text.nrf_uart_errorsrc_get_and_clear
                0x00000000000032d6       0x1c Output/twi_sensor_pca10040 Debug/Obj/nrf_drv_uart.o
 .text.nrf_uart_enable
                0x00000000000032f2       0x12 Output/twi_sensor_pca10040 Debug/Obj/nrf_drv_uart.o
 .text.nrf_uart_disable
                0x0000000000003304       0x12 Output/twi_sensor_pca10040 Debug/Obj/nrf_drv_uart.o
 .text.nrf_uart_txrx_pins_set
                0x0000000000003316       0x1e Output/twi_sensor_pca10040 Debug/Obj/nrf_drv_uart.o
 .text.nrf_uart_txrx_pins_disconnect
                0x0000000000003334       0x1c Output/twi_sensor_pca10040 Debug/Obj/nrf_drv_uart.o
 .text.nrf_uart_tx_pin_get
                0x0000000000003350       0x10 Output/twi_sensor_pca10040 Debug/Obj/nrf_drv_uart.o
 .text.nrf_uart_rx_pin_get
                0x0000000000003360       0x10 Output/twi_sensor_pca10040 Debug/Obj/nrf_drv_uart.o
 .text.nrf_uart_rts_pin_get
                0x0000000000003370       0x10 Output/twi_sensor_pca10040 Debug/Obj/nrf_drv_uart.o
 .text.nrf_uart_cts_pin_get
                0x0000000000003380       0x10 Output/twi_sensor_pca10040 Debug/Obj/nrf_drv_uart.o
 .text.nrf_uart_hwfc_pins_set
                0x0000000000003390       0x1e Output/twi_sensor_pca10040 Debug/Obj/nrf_drv_uart.o
 .text.nrf_uart_hwfc_pins_disconnect
                0x00000000000033ae       0x1c Output/twi_sensor_pca10040 Debug/Obj/nrf_drv_uart.o
 .text.nrf_uart_rxd_get
                0x00000000000033ca       0x12 Output/twi_sensor_pca10040 Debug/Obj/nrf_drv_uart.o
 .text.nrf_uart_txd_set
                0x00000000000033dc       0x1a Output/twi_sensor_pca10040 Debug/Obj/nrf_drv_uart.o
 .text.nrf_uart_task_trigger
                0x00000000000033f6       0x1c Output/twi_sensor_pca10040 Debug/Obj/nrf_drv_uart.o
 .text.nrf_uart_configure
                0x0000000000003412       0x2a Output/twi_sensor_pca10040 Debug/Obj/nrf_drv_uart.o
 .text.nrf_uart_baudrate_set
                0x000000000000343c       0x14 Output/twi_sensor_pca10040 Debug/Obj/nrf_drv_uart.o
 .text.nrf_uarte_event_clear
                0x0000000000003450       0x2a Output/twi_sensor_pca10040 Debug/Obj/nrf_drv_uart.o
 .text.nrf_uarte_event_check
                0x000000000000347a       0x24 Output/twi_sensor_pca10040 Debug/Obj/nrf_drv_uart.o
 .text.nrf_uarte_shorts_disable
                0x000000000000349e       0x1e Output/twi_sensor_pca10040 Debug/Obj/nrf_drv_uart.o
 .text.nrf_uarte_int_enable
                0x00000000000034bc       0x14 Output/twi_sensor_pca10040 Debug/Obj/nrf_drv_uart.o
 .text.nrf_uarte_int_disable
                0x00000000000034d0       0x14 Output/twi_sensor_pca10040 Debug/Obj/nrf_drv_uart.o
 .text.nrf_uarte_errorsrc_get_and_clear
                0x00000000000034e4       0x1c Output/twi_sensor_pca10040 Debug/Obj/nrf_drv_uart.o
 .text.nrf_uarte_enable
                0x0000000000003500       0x12 Output/twi_sensor_pca10040 Debug/Obj/nrf_drv_uart.o
 .text.nrf_uarte_disable
                0x0000000000003512       0x12 Output/twi_sensor_pca10040 Debug/Obj/nrf_drv_uart.o
 .text.nrf_uarte_txrx_pins_set
                0x0000000000003524       0x1e Output/twi_sensor_pca10040 Debug/Obj/nrf_drv_uart.o
 .text.nrf_uarte_txrx_pins_disconnect
                0x0000000000003542       0x1c Output/twi_sensor_pca10040 Debug/Obj/nrf_drv_uart.o
 .text.nrf_uarte_tx_pin_get
                0x000000000000355e       0x10 Output/twi_sensor_pca10040 Debug/Obj/nrf_drv_uart.o
 .text.nrf_uarte_rx_pin_get
                0x000000000000356e       0x10 Output/twi_sensor_pca10040 Debug/Obj/nrf_drv_uart.o
 .text.nrf_uarte_rts_pin_get
                0x000000000000357e       0x10 Output/twi_sensor_pca10040 Debug/Obj/nrf_drv_uart.o
 .text.nrf_uarte_cts_pin_get
                0x000000000000358e       0x10 Output/twi_sensor_pca10040 Debug/Obj/nrf_drv_uart.o
 .text.nrf_uarte_hwfc_pins_set
                0x000000000000359e       0x1e Output/twi_sensor_pca10040 Debug/Obj/nrf_drv_uart.o
 .text.nrf_uarte_hwfc_pins_disconnect
                0x00000000000035bc       0x1c Output/twi_sensor_pca10040 Debug/Obj/nrf_drv_uart.o
 .text.nrf_uarte_task_trigger
                0x00000000000035d8       0x1c Output/twi_sensor_pca10040 Debug/Obj/nrf_drv_uart.o
 .text.nrf_uarte_configure
                0x00000000000035f4       0x2a Output/twi_sensor_pca10040 Debug/Obj/nrf_drv_uart.o
 .text.nrf_uarte_baudrate_set
                0x000000000000361e       0x14 Output/twi_sensor_pca10040 Debug/Obj/nrf_drv_uart.o
 .text.nrf_uarte_tx_buffer_set
                0x0000000000003632       0x24 Output/twi_sensor_pca10040 Debug/Obj/nrf_drv_uart.o
 .text.nrf_uarte_tx_amount_get
                0x0000000000003656       0x10 Output/twi_sensor_pca10040 Debug/Obj/nrf_drv_uart.o
 .text.nrf_uarte_rx_amount_get
                0x0000000000003666       0x10 Output/twi_sensor_pca10040 Debug/Obj/nrf_drv_uart.o
 .text.nrf_drv_common_irq_disable
                0x0000000000003676       0x1c Output/twi_sensor_pca10040 Debug/Obj/nrf_drv_uart.o
 .text.nrf_drv_get_IRQn
                0x0000000000003692       0x16 Output/twi_sensor_pca10040 Debug/Obj/nrf_drv_uart.o
 .text.nrf_drv_is_in_RAM
                0x00000000000036a8       0x1c Output/twi_sensor_pca10040 Debug/Obj/nrf_drv_uart.o
 .text.nrf_gpio_pin_port_decode
                0x00000000000036c4       0x28 Output/twi_sensor_pca10040 Debug/Obj/nrf_drv_uart.o
 .text.nrf_gpio_cfg
                0x00000000000036ec       0x62 Output/twi_sensor_pca10040 Debug/Obj/nrf_drv_uart.o
 .text.nrf_gpio_cfg_output
                0x000000000000374e       0x22 Output/twi_sensor_pca10040 Debug/Obj/nrf_drv_uart.o
 .text.nrf_gpio_cfg_input
                0x0000000000003770       0x2a Output/twi_sensor_pca10040 Debug/Obj/nrf_drv_uart.o
 .text.nrf_gpio_cfg_default
                0x000000000000379a       0x22 Output/twi_sensor_pca10040 Debug/Obj/nrf_drv_uart.o
 .text.nrf_gpio_pin_set
                0x00000000000037bc       0x28 Output/twi_sensor_pca10040 Debug/Obj/nrf_drv_uart.o
 .text.nrf_gpio_port_out_set
                0x00000000000037e4       0x14 Output/twi_sensor_pca10040 Debug/Obj/nrf_drv_uart.o
 .text.apply_config
                0x00000000000037f8      0x160 Output/twi_sensor_pca10040 Debug/Obj/nrf_drv_uart.o
 .text.interrupts_enable
                0x0000000000003958       0xd4 Output/twi_sensor_pca10040 Debug/Obj/nrf_drv_uart.o
 .text.interrupts_disable
                0x0000000000003a2c       0x6c Output/twi_sensor_pca10040 Debug/Obj/nrf_drv_uart.o
 .text.pins_to_default
                0x0000000000003a98       0xe8 Output/twi_sensor_pca10040 Debug/Obj/nrf_drv_uart.o
 .text.uart_enable
                0x0000000000003b80       0x3c Output/twi_sensor_pca10040 Debug/Obj/nrf_drv_uart.o
 .text.uart_disable
                0x0000000000003bbc       0x3c Output/twi_sensor_pca10040 Debug/Obj/nrf_drv_uart.o
 .text.nrf_drv_uart_init
                0x0000000000003bf8       0xa4 Output/twi_sensor_pca10040 Debug/Obj/nrf_drv_uart.o
                0x0000000000003bf8                nrf_drv_uart_init
 .text.nrf_drv_uart_uninit
                0x0000000000003c9c       0x44 Output/twi_sensor_pca10040 Debug/Obj/nrf_drv_uart.o
                0x0000000000003c9c                nrf_drv_uart_uninit
 .text.tx_byte  0x0000000000003ce0       0x46 Output/twi_sensor_pca10040 Debug/Obj/nrf_drv_uart.o
 *fill*         0x0000000000003d26        0x2 
 .text.nrf_drv_uart_tx_for_uart
                0x0000000000003d28       0xe4 Output/twi_sensor_pca10040 Debug/Obj/nrf_drv_uart.o
 .text.nrf_drv_uart_tx_for_uarte
                0x0000000000003e0c       0xbc Output/twi_sensor_pca10040 Debug/Obj/nrf_drv_uart.o
 .text.nrf_drv_uart_tx
                0x0000000000003ec8       0xd8 Output/twi_sensor_pca10040 Debug/Obj/nrf_drv_uart.o
                0x0000000000003ec8                nrf_drv_uart_tx
 .text.nrf_drv_uart_tx_in_progress
                0x0000000000003fa0       0x28 Output/twi_sensor_pca10040 Debug/Obj/nrf_drv_uart.o
                0x0000000000003fa0                nrf_drv_uart_tx_in_progress
 .text.rx_byte  0x0000000000003fc8       0x54 Output/twi_sensor_pca10040 Debug/Obj/nrf_drv_uart.o
 .text.rx_done_event
                0x000000000000401c       0x36 Output/twi_sensor_pca10040 Debug/Obj/nrf_drv_uart.o
 .text.tx_done_event
                0x0000000000004052       0x3c Output/twi_sensor_pca10040 Debug/Obj/nrf_drv_uart.o
 .text.uart_irq_handler
                0x000000000000408e      0x1d4 Output/twi_sensor_pca10040 Debug/Obj/nrf_drv_uart.o
 .text.uarte_irq_handler
                0x0000000000004262      0x160 Output/twi_sensor_pca10040 Debug/Obj/nrf_drv_uart.o
 *fill*         0x00000000000043c2        0x2 
 .text.UARTE0_UART0_IRQHandler
                0x00000000000043c4       0x28 Output/twi_sensor_pca10040 Debug/Obj/nrf_drv_uart.o
                0x00000000000043c4                UARTE0_UART0_IRQHandler
 .text.nrf_delay_us
                0x00000000000043ec       0xa0 Output/twi_sensor_pca10040 Debug/Obj/main.o
 .text.nrf_delay_ms
                0x000000000000448c       0x1e Output/twi_sensor_pca10040 Debug/Obj/main.o
 *fill*         0x00000000000044aa        0x2 
 .text.LM75B_set_mode
                0x00000000000044ac       0x9c Output/twi_sensor_pca10040 Debug/Obj/main.o
                0x00000000000044ac                LM75B_set_mode
 .text.data_handler
                0x0000000000004548       0x30 Output/twi_sensor_pca10040 Debug/Obj/main.o
 .text.twi_handler
                0x0000000000004578       0x3c Output/twi_sensor_pca10040 Debug/Obj/main.o
                0x0000000000004578                twi_handler
 .text.twi_init
                0x00000000000045b4       0x60 Output/twi_sensor_pca10040 Debug/Obj/main.o
                0x00000000000045b4                twi_init
 .text.read_sensor_data
                0x0000000000004614       0x44 Output/twi_sensor_pca10040 Debug/Obj/main.o
 .text.main     0x0000000000004658       0x84 Output/twi_sensor_pca10040 Debug/Obj/main.o
                0x0000000000004658                main
 .text.NVIC_SystemReset
                0x00000000000046dc       0x2c Output/twi_sensor_pca10040 Debug/Obj/system_nrf52.o
 .text.SystemCoreClockUpdate
                0x0000000000004708       0x14 Output/twi_sensor_pca10040 Debug/Obj/system_nrf52.o
                0x0000000000004708                SystemCoreClockUpdate
 .text.SystemInit
                0x000000000000471c      0x2c0 Output/twi_sensor_pca10040 Debug/Obj/system_nrf52.o
                0x000000000000471c                SystemInit
 .text.errata_12
                0x00000000000049dc       0x58 Output/twi_sensor_pca10040 Debug/Obj/system_nrf52.o
 .text.errata_16
                0x0000000000004a34       0x38 Output/twi_sensor_pca10040 Debug/Obj/system_nrf52.o
 .text.errata_31
                0x0000000000004a6c       0x58 Output/twi_sensor_pca10040 Debug/Obj/system_nrf52.o
 .text.errata_32
                0x0000000000004ac4       0x38 Output/twi_sensor_pca10040 Debug/Obj/system_nrf52.o
 .text.errata_36
                0x0000000000004afc       0x58 Output/twi_sensor_pca10040 Debug/Obj/system_nrf52.o
 .text.errata_37
                0x0000000000004b54       0x38 Output/twi_sensor_pca10040 Debug/Obj/system_nrf52.o
 .text.errata_57
                0x0000000000004b8c       0x38 Output/twi_sensor_pca10040 Debug/Obj/system_nrf52.o
 .text.errata_66
                0x0000000000004bc4       0x38 Output/twi_sensor_pca10040 Debug/Obj/system_nrf52.o
 .text.errata_108
                0x0000000000004bfc       0x58 Output/twi_sensor_pca10040 Debug/Obj/system_nrf52.o
 .text.errata_136
                0x0000000000004c54       0x58 Output/twi_sensor_pca10040 Debug/Obj/system_nrf52.o
 .text.libc.__RAL_ascii_isctype
                0x0000000000004cac       0x1c C:/Program Files/SEGGER/SEGGER Embedded Studio for ARM 4.52c/lib/libc_v7em_fpv4_sp_d16_hard_t_le_eabi.a(libc2.o)
 .text.libc.__RAL_ascii_toupper
                0x0000000000004cc8        0xc C:/Program Files/SEGGER/SEGGER Embedded Studio for ARM 4.52c/lib/libc_v7em_fpv4_sp_d16_hard_t_le_eabi.a(libc2.o)
 .text.libc.__RAL_ascii_tolower
                0x0000000000004cd4        0xc C:/Program Files/SEGGER/SEGGER Embedded Studio for ARM 4.52c/lib/libc_v7em_fpv4_sp_d16_hard_t_le_eabi.a(libc2.o)
 .text.libc.__RAL_ascii_iswctype
                0x0000000000004ce0       0x1c C:/Program Files/SEGGER/SEGGER Embedded Studio for ARM 4.52c/lib/libc_v7em_fpv4_sp_d16_hard_t_le_eabi.a(libc2.o)
 .text.libc.__RAL_ascii_towupper
                0x0000000000004cfc        0xc C:/Program Files/SEGGER/SEGGER Embedded Studio for ARM 4.52c/lib/libc_v7em_fpv4_sp_d16_hard_t_le_eabi.a(libc2.o)
 .text.libc.__RAL_ascii_towlower
                0x0000000000004d08        0xc C:/Program Files/SEGGER/SEGGER Embedded Studio for ARM 4.52c/lib/libc_v7em_fpv4_sp_d16_hard_t_le_eabi.a(libc2.o)
 .text.libc.__RAL_ascii_wctomb
                0x0000000000004d14        0xe C:/Program Files/SEGGER/SEGGER Embedded Studio for ARM 4.52c/lib/libc_v7em_fpv4_sp_d16_hard_t_le_eabi.a(libc2.o)
                0x0000000000004d14                __RAL_ascii_wctomb
 .text.libc.__RAL_ascii_mbtowc
                0x0000000000004d22       0x24 C:/Program Files/SEGGER/SEGGER Embedded Studio for ARM 4.52c/lib/libc_v7em_fpv4_sp_d16_hard_t_le_eabi.a(libc2.o)
                0x0000000000004d22                __RAL_ascii_mbtowc
 *fill*         0x0000000000004d46        0x2 
 .text.libc.__RAL_isctype
                0x0000000000004d48       0x14 C:/Program Files/SEGGER/SEGGER Embedded Studio for ARM 4.52c/lib/libc_v7em_fpv4_sp_d16_hard_t_le_eabi.a(libc2.o)
                0x0000000000004d48                __RAL_isctype
 .text.libc.isprint
                0x0000000000004d5c        0xa C:/Program Files/SEGGER/SEGGER Embedded Studio for ARM 4.52c/lib/libc_v7em_fpv4_sp_d16_hard_t_le_eabi.a(libc2.o)
                0x0000000000004d5c                isprint
 .text.libc.memcpy
                0x0000000000004d66       0x52 C:/Program Files/SEGGER/SEGGER Embedded Studio for ARM 4.52c/lib/libc_v7em_fpv4_sp_d16_hard_t_le_eabi.a(libc2_asm.o)
                0x0000000000004d66                __aeabi_memcpy
                0x0000000000004d66                memcpy
                0x0000000000004d72                __aeabi_memcpy8
                0x0000000000004d72                __aeabi_memcpy4
 .text.libc.strlen
                0x0000000000004db8       0x60 C:/Program Files/SEGGER/SEGGER Embedded Studio for ARM 4.52c/lib/libc_v7em_fpv4_sp_d16_hard_t_le_eabi.a(libc2_asm.o)
                0x0000000000004db8                strlen
                0x0000000000004e18                __text_end__ = (__text_start__ + SIZEOF (.text))
                0x0000000000004b28                __text_size__ = SIZEOF (.text)
                0x0000000000004e18                __text_load_end__ = __text_end__

.vfp11_veneer   0x0000000100000000        0x0
 .vfp11_veneer  0x0000000100000000        0x0 linker stubs

.v4_bx          0x0000000100000000        0x0
 .v4_bx         0x0000000100000000        0x0 linker stubs

.iplt           0x0000000100000000        0x0
 .iplt          0x0000000100000000        0x0 Output/twi_sensor_pca10040 Debug/Obj/thumb_crt0.o
                0x0000000000000001                . = ASSERT (((__text_start__ == __text_end__) || ((__text_end__ - __FLASH_segment_start__) <= __FLASH_segment_size__)), error: .text is too large to fit in FLASH memory segment)
                0x0000000000004e18                __log_const_data_load_start__ = ALIGN (__text_end__, 0x4)

.log_const_data
                0x0000000000004e18       0x20
                0x0000000000004e18                __log_const_data_start__ = .
                0x0000000000004e18                __start_log_const_data = __log_const_data_start__
 *(SORT_BY_NAME(.log_const_data*))
 .log_const_data_app
                0x0000000000004e18        0x8 Output/twi_sensor_pca10040 Debug/Obj/nrf_log_frontend.o
                0x0000000000004e18                m_nrf_log_app_logs_data_const
 .log_const_data_balloc
                0x0000000000004e20        0x8 Output/twi_sensor_pca10040 Debug/Obj/nrf_balloc.o
                0x0000000000004e20                m_nrf_log_balloc_logs_data_const
 .log_const_data_twi
                0x0000000000004e28        0x8 Output/twi_sensor_pca10040 Debug/Obj/nrf_drv_twi.o
                0x0000000000004e28                m_nrf_log_twi_logs_data_const
 .log_const_data_uart
                0x0000000000004e30        0x8 Output/twi_sensor_pca10040 Debug/Obj/nrf_drv_uart.o
                0x0000000000004e30                m_nrf_log_uart_logs_data_const
                0x0000000000004e38                __log_const_data_end__ = (__log_const_data_start__ + SIZEOF (.log_const_data))
                0x0000000000000020                __log_const_data_size__ = SIZEOF (.log_const_data)
                0x0000000000004e38                __stop_log_const_data = __log_const_data_end__
                0x0000000000004e38                __log_const_data_load_end__ = __log_const_data_end__
                0x0000000000000001                . = ASSERT (((__log_const_data_start__ == __log_const_data_end__) || ((__log_const_data_end__ - __FLASH_segment_start__) <= __FLASH_segment_size__)), error: .log_const_data is too large to fit in FLASH memory segment)
                0x0000000000004e38                __nrf_sections_load_start__ = ALIGN (__log_const_data_end__, 0x4)

.nrf_sections   0x0000000000004e38        0x0
                0x0000000000004e38                __nrf_sections_start__ = .
                0x0000000000004e38                __start_nrf_sections = __nrf_sections_start__
 *(.nrf_sections .nrf_sections.*)
                0x0000000000004e38                __nrf_sections_end__ = (__nrf_sections_start__ + SIZEOF (.nrf_sections))
                0x0000000000000000                __nrf_sections_size__ = SIZEOF (.nrf_sections)
                0x0000000000004e38                __nrf_sections_load_end__ = __nrf_sections_end__
                0x0000000000000001                . = ASSERT (((__nrf_sections_start__ == __nrf_sections_end__) || ((__nrf_sections_end__ - __FLASH_segment_start__) <= __FLASH_segment_size__)), error: .nrf_sections is too large to fit in FLASH memory segment)
                0x0000000000004e38                __log_dynamic_data_load_start__ = ALIGN (__nrf_sections_end__, 0x4)

.log_dynamic_data
                0x0000000020000000       0x30 load address 0x0000000000004e38
                0x0000000020000000                __log_dynamic_data_start__ = .
 *(SORT_BY_NAME(.log_dynamic_data*))
 .log_dynamic_data_app
                0x0000000020000000        0xc Output/twi_sensor_pca10040 Debug/Obj/nrf_log_frontend.o
                0x0000000020000000                m_nrf_log_app_logs_data_dynamic
 .log_dynamic_data_balloc
                0x000000002000000c        0xc Output/twi_sensor_pca10040 Debug/Obj/nrf_balloc.o
                0x000000002000000c                m_nrf_log_balloc_logs_data_dynamic
 .log_dynamic_data_twi
                0x0000000020000018        0xc Output/twi_sensor_pca10040 Debug/Obj/nrf_drv_twi.o
                0x0000000020000018                m_nrf_log_twi_logs_data_dynamic
 .log_dynamic_data_uart
                0x0000000020000024        0xc Output/twi_sensor_pca10040 Debug/Obj/nrf_drv_uart.o
                0x0000000020000024                m_nrf_log_uart_logs_data_dynamic
                0x0000000020000030                __log_dynamic_data_end__ = (__log_dynamic_data_start__ + SIZEOF (.log_dynamic_data))
                0x0000000000000030                __log_dynamic_data_size__ = SIZEOF (.log_dynamic_data)
                0x0000000000004e68                __log_dynamic_data_load_end__ = (__log_dynamic_data_load_start__ + SIZEOF (.log_dynamic_data))
                0x0000000000000001                . = ASSERT (((__log_dynamic_data_load_start__ == __log_dynamic_data_load_end__) || ((__log_dynamic_data_load_end__ - __FLASH_segment_start__) <= __FLASH_segment_size__)), error: .log_dynamic_data is too large to fit in FLASH memory segment)

.log_dynamic_data_run
                0x0000000020000000       0x30 load address 0x0000000000004e38
                0x0000000020000000                __log_dynamic_data_run_start__ = .
                0x0000000020000000                __start_log_dynamic_data = __log_dynamic_data_run_start__
                0x0000000020000030                . = MAX ((__log_dynamic_data_run_start__ + SIZEOF (.log_dynamic_data)), .)
 *fill*         0x0000000020000000       0x30 
                0x0000000020000030                __log_dynamic_data_run_end__ = (__log_dynamic_data_run_start__ + SIZEOF (.log_dynamic_data_run))
                0x0000000000000030                __log_dynamic_data_run_size__ = SIZEOF (.log_dynamic_data_run)
                0x0000000020000030                __stop_log_dynamic_data = __log_dynamic_data_run_end__
                0x0000000020000030                __log_dynamic_data_run_load_end__ = __log_dynamic_data_run_end__
                0x0000000000000001                . = ASSERT (((__log_dynamic_data_run_start__ == __log_dynamic_data_run_end__) || ((__log_dynamic_data_run_end__ - __RAM_segment_start__) <= __RAM_segment_size__)), error: .log_dynamic_data_run is too large to fit in RAM memory segment)
                0x0000000020000030                __nrf_sections_run_end_load_start__ = ALIGN (__log_dynamic_data_run_end__, 0x4)

.nrf_sections_run_end
                0x0000000020000030        0x0
                0x0000000020000030                __nrf_sections_run_end_start__ = .
                0x0000000020000030                __end_nrf_sections_run = __nrf_sections_run_end_start__
 *(.nrf_sections_run_end .nrf_sections_run_end.*)
                0x0000000020000030                __nrf_sections_run_end_end__ = (__nrf_sections_run_end_start__ + SIZEOF (.nrf_sections_run_end))
                0x0000000000000000                __nrf_sections_run_end_size__ = SIZEOF (.nrf_sections_run_end)
                0x0000000020000030                __nrf_sections_run_end_load_end__ = __nrf_sections_run_end_end__
                0x0000000000000001                . = ASSERT (((__nrf_sections_run_end_start__ == __nrf_sections_run_end_end__) || ((__nrf_sections_run_end_end__ - __RAM_segment_start__) <= __RAM_segment_size__)), error: .nrf_sections_run_end is too large to fit in RAM memory segment)
                0x0000000000004e68                __dtors_load_start__ = ALIGN ((__log_dynamic_data_load_start__ + SIZEOF (.log_dynamic_data)), 0x4)

.dtors          0x0000000000004e68        0x0
                0x0000000000004e68                __dtors_start__ = .
 *(SORT_BY_NAME(.dtors.*))
 *(.dtors)
 *(.fini_array)
 *(SORT_BY_NAME(.fini_array.*))
                0x0000000000004e68                __dtors_end__ = (__dtors_start__ + SIZEOF (.dtors))
                0x0000000000000000                __dtors_size__ = SIZEOF (.dtors)
                0x0000000000004e68                __dtors_load_end__ = __dtors_end__
                0x0000000000000001                . = ASSERT (((__dtors_start__ == __dtors_end__) || ((__dtors_end__ - __FLASH_segment_start__) <= __FLASH_segment_size__)), error: .dtors is too large to fit in FLASH memory segment)
                0x0000000000004e68                __ctors_load_start__ = ALIGN (__dtors_end__, 0x4)

.ctors          0x0000000000004e68        0x0
                0x0000000000004e68                __ctors_start__ = .
 *(SORT_BY_NAME(.ctors.*))
 *(.ctors)
 *(.init_array)
 *(SORT_BY_NAME(.init_array.*))
                0x0000000000004e68                __ctors_end__ = (__ctors_start__ + SIZEOF (.ctors))
                0x0000000000000000                __ctors_size__ = SIZEOF (.ctors)
                0x0000000000004e68                __ctors_load_end__ = __ctors_end__
                0x0000000000000001                . = ASSERT (((__ctors_start__ == __ctors_end__) || ((__ctors_end__ - __FLASH_segment_start__) <= __FLASH_segment_size__)), error: .ctors is too large to fit in FLASH memory segment)
                0x0000000000004e68                __rodata_load_start__ = ALIGN (__ctors_end__, 0x4)

.rodata         0x0000000000004e68      0xc1e
                0x0000000000004e68                __rodata_start__ = .
 *(.rodata .rodata.* .gnu.linkonce.r.*)
 .rodata        0x0000000000004e68       0x80 Output/twi_sensor_pca10040 Debug/Obj/nrf_log_backend_uart.o
 .rodata.nrf_log_backend_uart_api
                0x0000000000004ee8        0xc Output/twi_sensor_pca10040 Debug/Obj/nrf_log_backend_uart.o
                0x0000000000004ee8                nrf_log_backend_uart_api
 .rodata        0x0000000000004ef4       0x64 Output/twi_sensor_pca10040 Debug/Obj/nrf_log_default_backends.o
 .rodata.mempool
                0x0000000000004f58       0x14 Output/twi_sensor_pca10040 Debug/Obj/nrf_log_frontend.o
 .rodata        0x0000000000004f6c       0x6c Output/twi_sensor_pca10040 Debug/Obj/nrf_log_frontend.o
 .rodata        0x0000000000004fd8       0x92 Output/twi_sensor_pca10040 Debug/Obj/nrf_log_str_formatter.o
 *fill*         0x000000000000506a        0x2 
 .rodata        0x000000000000506c       0x4c Output/twi_sensor_pca10040 Debug/Obj/app_error_weak.o
 .rodata        0x00000000000050b8       0x4d Output/twi_sensor_pca10040 Debug/Obj/app_util_platform.o
 *fill*         0x0000000000005105        0x3 
 .rodata        0x0000000000005108       0x50 Output/twi_sensor_pca10040 Debug/Obj/nrf_balloc.o
 .rodata        0x0000000000005158       0x3e Output/twi_sensor_pca10040 Debug/Obj/nrf_fprintf.o
 *fill*         0x0000000000005196        0x2 
 .rodata        0x0000000000005198       0x45 Output/twi_sensor_pca10040 Debug/Obj/nrf_fprintf_format.o
 *fill*         0x00000000000051dd        0x3 
 .rodata._aV2C.7699
                0x00000000000051e0       0x10 Output/twi_sensor_pca10040 Debug/Obj/nrf_fprintf_format.o
 .rodata        0x00000000000051f0       0x55 Output/twi_sensor_pca10040 Debug/Obj/nrf_memobj.o
 *fill*         0x0000000000005245        0x3 
 .rodata.m_unknown_str
                0x0000000000005248       0x13 Output/twi_sensor_pca10040 Debug/Obj/nrf_strerror.o
 *fill*         0x000000000000525b        0x1 
 .rodata        0x000000000000525c      0x308 Output/twi_sensor_pca10040 Debug/Obj/nrf_strerror.o
 .rodata.nrf_strerror_array
                0x0000000000005564       0xf0 Output/twi_sensor_pca10040 Debug/Obj/nrf_strerror.o
 .rodata        0x0000000000005654       0x4e Output/twi_sensor_pca10040 Debug/Obj/nrf_drv_common.o
 *fill*         0x00000000000056a2        0x2 
 .rodata        0x00000000000056a4       0x8b Output/twi_sensor_pca10040 Debug/Obj/nrf_drv_twi.o
 *fill*         0x000000000000572f        0x1 
 .rodata        0x0000000000005730       0x8a Output/twi_sensor_pca10040 Debug/Obj/nrf_drv_uart.o
 *fill*         0x00000000000057ba        0x2 
 .rodata.m_twi  0x00000000000057bc        0x8 Output/twi_sensor_pca10040 Debug/Obj/main.o
 .rodata        0x00000000000057c4       0x81 Output/twi_sensor_pca10040 Debug/Obj/main.o
 *fill*         0x0000000000005845        0x3 
 .rodata.libc.__RAL_find_locale.str1.4
                0x0000000000005848        0xa C:/Program Files/SEGGER/SEGGER Embedded Studio for ARM 4.52c/lib/libc_v7em_fpv4_sp_d16_hard_t_le_eabi.a(libc2.o)
 *fill*         0x0000000000005852        0x2 
 .rodata.libc.__RAL_ascii_ctype_map
                0x0000000000005854       0x80 C:/Program Files/SEGGER/SEGGER Embedded Studio for ARM 4.52c/lib/libc_v7em_fpv4_sp_d16_hard_t_le_eabi.a(libc2.o)
                0x0000000000005854                __RAL_ascii_ctype_map
 .rodata.libc.__RAL_ascii_ctype_mask
                0x00000000000058d4        0xd C:/Program Files/SEGGER/SEGGER Embedded Studio for ARM 4.52c/lib/libc_v7em_fpv4_sp_d16_hard_t_le_eabi.a(libc2.o)
 *fill*         0x00000000000058e1        0x3 
 .rodata.libc.__RAL_c_locale
                0x00000000000058e4        0xc C:/Program Files/SEGGER/SEGGER Embedded Studio for ARM 4.52c/lib/libc_v7em_fpv4_sp_d16_hard_t_le_eabi.a(libc2.o)
                0x00000000000058e4                __RAL_c_locale
 .rodata.libc.__RAL_c_locale_abbrev_day_names
                0x00000000000058f0       0x1d C:/Program Files/SEGGER/SEGGER Embedded Studio for ARM 4.52c/lib/libc_v7em_fpv4_sp_d16_hard_t_le_eabi.a(libc2.o)
                0x00000000000058f0                __RAL_c_locale_abbrev_day_names
 *fill*         0x000000000000590d        0x3 
 .rodata.libc.__RAL_c_locale_abbrev_month_names
                0x0000000000005910       0x31 C:/Program Files/SEGGER/SEGGER Embedded Studio for ARM 4.52c/lib/libc_v7em_fpv4_sp_d16_hard_t_le_eabi.a(libc2.o)
                0x0000000000005910                __RAL_c_locale_abbrev_month_names
 *fill*         0x0000000000005941        0x3 
 .rodata.libc.__RAL_c_locale_am_pm_indicator
                0x0000000000005944        0x7 C:/Program Files/SEGGER/SEGGER Embedded Studio for ARM 4.52c/lib/libc_v7em_fpv4_sp_d16_hard_t_le_eabi.a(libc2.o)
                0x0000000000005944                __RAL_c_locale_am_pm_indicator
 *fill*         0x000000000000594b        0x1 
 .rodata.libc.__RAL_c_locale_data
                0x000000000000594c       0x58 C:/Program Files/SEGGER/SEGGER Embedded Studio for ARM 4.52c/lib/libc_v7em_fpv4_sp_d16_hard_t_le_eabi.a(libc2.o)
                0x000000000000594c                __RAL_c_locale_data
 .rodata.libc.__RAL_c_locale_date_format
                0x00000000000059a4        0x9 C:/Program Files/SEGGER/SEGGER Embedded Studio for ARM 4.52c/lib/libc_v7em_fpv4_sp_d16_hard_t_le_eabi.a(libc2.o)
                0x00000000000059a4                __RAL_c_locale_date_format
 *fill*         0x00000000000059ad        0x3 
 .rodata.libc.__RAL_c_locale_date_time_format
                0x00000000000059b0        0xf C:/Program Files/SEGGER/SEGGER Embedded Studio for ARM 4.52c/lib/libc_v7em_fpv4_sp_d16_hard_t_le_eabi.a(libc2.o)
                0x00000000000059b0                __RAL_c_locale_date_time_format
 *fill*         0x00000000000059bf        0x1 
 .rodata.libc.__RAL_c_locale_day_names
                0x00000000000059c0       0x3a C:/Program Files/SEGGER/SEGGER Embedded Studio for ARM 4.52c/lib/libc_v7em_fpv4_sp_d16_hard_t_le_eabi.a(libc2.o)
                0x00000000000059c0                __RAL_c_locale_day_names
 *fill*         0x00000000000059fa        0x2 
 .rodata.libc.__RAL_c_locale_month_names
                0x00000000000059fc       0x57 C:/Program Files/SEGGER/SEGGER Embedded Studio for ARM 4.52c/lib/libc_v7em_fpv4_sp_d16_hard_t_le_eabi.a(libc2.o)
                0x00000000000059fc                __RAL_c_locale_month_names
 *fill*         0x0000000000005a53        0x1 
 .rodata.libc.__RAL_c_locale_time_format
                0x0000000000005a54        0x9 C:/Program Files/SEGGER/SEGGER Embedded Studio for ARM 4.52c/lib/libc_v7em_fpv4_sp_d16_hard_t_le_eabi.a(libc2.o)
                0x0000000000005a54                __RAL_c_locale_time_format
 *fill*         0x0000000000005a5d        0x3 
 .rodata.libc.__RAL_codeset_ascii
                0x0000000000005a60       0x20 C:/Program Files/SEGGER/SEGGER Embedded Studio for ARM 4.52c/lib/libc_v7em_fpv4_sp_d16_hard_t_le_eabi.a(libc2.o)
                0x0000000000005a60                __RAL_codeset_ascii
 .rodata.libc.__RAL_data_empty_string
                0x0000000000005a80        0x1 C:/Program Files/SEGGER/SEGGER Embedded Studio for ARM 4.52c/lib/libc_v7em_fpv4_sp_d16_hard_t_le_eabi.a(libc2.o)
                0x0000000000005a80                __RAL_data_empty_string
 *fill*         0x0000000000005a81        0x3 
 .rodata.libc.__RAL_data_utf8_period
                0x0000000000005a84        0x2 C:/Program Files/SEGGER/SEGGER Embedded Studio for ARM 4.52c/lib/libc_v7em_fpv4_sp_d16_hard_t_le_eabi.a(libc2.o)
                0x0000000000005a84                __RAL_data_utf8_period
                0x0000000000005a86                __rodata_end__ = (__rodata_start__ + SIZEOF (.rodata))
                0x0000000000000c1e                __rodata_size__ = SIZEOF (.rodata)
                0x0000000000005a86                __rodata_load_end__ = __rodata_end__

.rel.dyn        0x0000000000005a88        0x0
 .rel.iplt      0x0000000000005a88        0x0 Output/twi_sensor_pca10040 Debug/Obj/thumb_crt0.o
                0x0000000000000001                . = ASSERT (((__rodata_start__ == __rodata_end__) || ((__rodata_end__ - __FLASH_segment_start__) <= __FLASH_segment_size__)), error: .rodata is too large to fit in FLASH memory segment)
                0x0000000000005a88                __ARM.exidx_load_start__ = ALIGN (__rodata_end__, 0x4)

.ARM.exidx      0x0000000000005a88        0x0
                0x0000000000005a88                __ARM.exidx_start__ = .
                0x0000000000005a88                __exidx_start = __ARM.exidx_start__
 *(.ARM.exidx .ARM.exidx.*)
                0x0000000000005a88                __ARM.exidx_end__ = (__ARM.exidx_start__ + SIZEOF (.ARM.exidx))
                0x0000000000000000                __ARM.exidx_size__ = SIZEOF (.ARM.exidx)
                0x0000000000005a88                __exidx_end = __ARM.exidx_end__
                0x0000000000005a88                __ARM.exidx_load_end__ = __ARM.exidx_end__
                0x0000000000000001                . = ASSERT (((__ARM.exidx_start__ == __ARM.exidx_end__) || ((__ARM.exidx_end__ - __FLASH_segment_start__) <= __FLASH_segment_size__)), error: .ARM.exidx is too large to fit in FLASH memory segment)
                0x0000000000005a88                __fast_load_start__ = ALIGN (__ARM.exidx_end__, 0x4)

.fast           0x0000000020000030        0x0 load address 0x0000000000005a88
                0x0000000020000030                __fast_start__ = .
 *(.fast .fast.*)
                0x0000000020000030                __fast_end__ = (__fast_start__ + SIZEOF (.fast))
                0x0000000000000000                __fast_size__ = SIZEOF (.fast)
                0x0000000000005a88                __fast_load_end__ = (__fast_load_start__ + SIZEOF (.fast))
                0x0000000000000001                . = ASSERT (((__fast_load_start__ == __fast_load_end__) || ((__fast_load_end__ - __FLASH_segment_start__) <= __FLASH_segment_size__)), error: .fast is too large to fit in FLASH memory segment)

.fast_run       0x0000000020000030        0x0
                0x0000000020000030                __fast_run_start__ = .
                0x0000000020000030                . = MAX ((__fast_run_start__ + SIZEOF (.fast)), .)
                0x0000000020000030                __fast_run_end__ = (__fast_run_start__ + SIZEOF (.fast_run))
                0x0000000000000000                __fast_run_size__ = SIZEOF (.fast_run)
                0x0000000020000030                __fast_run_load_end__ = __fast_run_end__
                0x0000000000000001                . = ASSERT (((__fast_run_start__ == __fast_run_end__) || ((__fast_run_end__ - __RAM_segment_start__) <= __RAM_segment_size__)), error: .fast_run is too large to fit in RAM memory segment)
                0x0000000000005a88                __data_load_start__ = ALIGN ((__fast_load_start__ + SIZEOF (.fast)), 0x4)

.data           0x0000000020000030       0x64 load address 0x0000000000005a88
                0x0000000020000030                __data_start__ = .
 *(.data .data.* .gnu.linkonce.d.*)
 .data.m_uart   0x0000000020000030        0x8 Output/twi_sensor_pca10040 Debug/Obj/nrf_log_backend_uart.o
                0x0000000020000030                m_uart
 .data.uart_log_backend
                0x0000000020000038        0xc Output/twi_sensor_pca10040 Debug/Obj/nrf_log_default_backends.o
 .data.severity_names
                0x0000000020000044       0x14 Output/twi_sensor_pca10040 Debug/Obj/nrf_log_str_formatter.o
 .data.m_colors
                0x0000000020000058       0x24 Output/twi_sensor_pca10040 Debug/Obj/nrf_log_str_formatter.o
 .data.SystemCoreClock
                0x000000002000007c        0x4 Output/twi_sensor_pca10040 Debug/Obj/system_nrf52.o
                0x000000002000007c                SystemCoreClock
 .data.libc.__RAL_global_locale
                0x0000000020000080       0x14 C:/Program Files/SEGGER/SEGGER Embedded Studio for ARM 4.52c/lib/libc_v7em_fpv4_sp_d16_hard_t_le_eabi.a(libc2.o)
                0x0000000020000080                __RAL_global_locale
                0x0000000020000094                __data_end__ = (__data_start__ + SIZEOF (.data))
                0x0000000000000064                __data_size__ = SIZEOF (.data)
                0x0000000000005aec                __data_load_end__ = (__data_load_start__ + SIZEOF (.data))

.igot.plt       0x0000000100000000        0x0
 .igot.plt      0x0000000100000000        0x0 Output/twi_sensor_pca10040 Debug/Obj/thumb_crt0.o
                0x0000000000000001                . = ASSERT (((__data_load_start__ == __data_load_end__) || ((__data_load_end__ - __FLASH_segment_start__) <= __FLASH_segment_size__)), error: .data is too large to fit in FLASH memory segment)

.data_run       0x0000000020000030       0x64 load address 0x0000000000005a88
                0x0000000020000030                __data_run_start__ = .
                0x0000000020000094                . = MAX ((__data_run_start__ + SIZEOF (.data)), .)
 *fill*         0x0000000020000030       0x64 
                0x0000000020000094                __data_run_end__ = (__data_run_start__ + SIZEOF (.data_run))
                0x0000000000000064                __data_run_size__ = SIZEOF (.data_run)
                0x0000000020000094                __data_run_load_end__ = __data_run_end__
                0x0000000000000001                . = ASSERT (((__data_run_start__ == __data_run_end__) || ((__data_run_end__ - __RAM_segment_start__) <= __RAM_segment_size__)), error: .data_run is too large to fit in RAM memory segment)
                0x0000000000005aec                __tdata_load_start__ = ALIGN ((__data_load_start__ + SIZEOF (.data)), 0x4)

.tdata          0x0000000020000094        0x0 load address 0x0000000000005aec
                0x0000000020000094                __tdata_start__ = .
 *(.tdata .tdata.*)
                0x0000000020000094                __tdata_end__ = (__tdata_start__ + SIZEOF (.tdata))
                0x0000000000000000                __tdata_size__ = SIZEOF (.tdata)
                0x0000000000005aec                __tdata_load_end__ = (__tdata_load_start__ + SIZEOF (.tdata))
                0x0000000000005aec                __FLASH_segment_used_end__ = (ALIGN ((__data_load_start__ + SIZEOF (.data)), 0x4) + SIZEOF (.tdata))
                0x0000000000005aec                __FLASH_segment_used_size__ = (__FLASH_segment_used_end__ - __FLASH_segment_start__)
                0x0000000000000001                . = ASSERT (((__tdata_load_start__ == __tdata_load_end__) || ((__tdata_load_end__ - __FLASH_segment_start__) <= __FLASH_segment_size__)), error: .tdata is too large to fit in FLASH memory segment)

.tdata_run      0x0000000020000094        0x0
                0x0000000020000094                __tdata_run_start__ = .
                0x0000000020000094                . = MAX ((__tdata_run_start__ + SIZEOF (.tdata)), .)
                0x0000000020000094                __tdata_run_end__ = (__tdata_run_start__ + SIZEOF (.tdata_run))
                0x0000000000000000                __tdata_run_size__ = SIZEOF (.tdata_run)
                0x0000000020000094                __tdata_run_load_end__ = __tdata_run_end__
                0x0000000000000001                . = ASSERT (((__tdata_run_start__ == __tdata_run_end__) || ((__tdata_run_end__ - __RAM_segment_start__) <= __RAM_segment_size__)), error: .tdata_run is too large to fit in RAM memory segment)
                0x0000000020000094                __bss_load_start__ = ALIGN (__tdata_run_end__, 0x4)

.bss            0x0000000020000094      0x5a2
                0x0000000020000094                __bss_start__ = .
 *(.bss .bss.* .gnu.linkonce.b.*)
 .bss.m_string_buff
                0x0000000020000094       0x40 Output/twi_sensor_pca10040 Debug/Obj/nrf_log_backend_uart.o
 .bss.m_xfer_done
                0x00000000200000d4        0x1 Output/twi_sensor_pca10040 Debug/Obj/nrf_log_backend_uart.o
 .bss.m_async_mode
                0x00000000200000d5        0x1 Output/twi_sensor_pca10040 Debug/Obj/nrf_log_backend_uart.o
 *fill*         0x00000000200000d6        0x2 
 .bss.mempool_nrf_balloc_pool_stack
                0x00000000200000d8        0x8 Output/twi_sensor_pca10040 Debug/Obj/nrf_log_frontend.o
 .bss.mempool_nrf_balloc_pool_mem
                0x00000000200000e0       0xc0 Output/twi_sensor_pca10040 Debug/Obj/nrf_log_frontend.o
 .bss.mempool_nrf_balloc_cb
                0x00000000200001a0        0x8 Output/twi_sensor_pca10040 Debug/Obj/nrf_log_frontend.o
 .bss.m_log_data
                0x00000000200001a8      0x420 Output/twi_sensor_pca10040 Debug/Obj/nrf_log_frontend.o
 .bss.m_error_data.7464
                0x00000000200005c8       0x20 Output/twi_sensor_pca10040 Debug/Obj/app_error.o
 .bss.m_in_critical_region
                0x00000000200005e8        0x4 Output/twi_sensor_pca10040 Debug/Obj/app_util_platform.o
 .bss.m_cb      0x00000000200005ec       0x28 Output/twi_sensor_pca10040 Debug/Obj/nrf_drv_twi.o
 .bss.m_cb      0x0000000020000614       0x20 Output/twi_sensor_pca10040 Debug/Obj/nrf_drv_uart.o
 .bss.m_xfer_done
                0x0000000020000634        0x1 Output/twi_sensor_pca10040 Debug/Obj/main.o
 .bss.m_sample  0x0000000020000635        0x1 Output/twi_sensor_pca10040 Debug/Obj/main.o
 *(COMMON)
                0x0000000020000636                __bss_end__ = (__bss_start__ + SIZEOF (.bss))
                0x00000000000005a2                __bss_size__ = SIZEOF (.bss)
                0x0000000020000636                __bss_load_end__ = __bss_end__
                0x0000000000000001                . = ASSERT (((__bss_start__ == __bss_end__) || ((__bss_end__ - __RAM_segment_start__) <= __RAM_segment_size__)), error: .bss is too large to fit in RAM memory segment)
                0x0000000020000638                __tbss_load_start__ = ALIGN (__bss_end__, 0x4)

.tbss           0x0000000020000638        0x0
                0x0000000020000638                __tbss_start__ = .
 *(.tbss .tbss.*)
                0x0000000020000638                __tbss_end__ = (__tbss_start__ + SIZEOF (.tbss))
                0x0000000000000000                __tbss_size__ = SIZEOF (.tbss)
                0x0000000020000638                __tbss_load_end__ = __tbss_end__
                0x0000000000000001                . = ASSERT (((__tbss_start__ == __tbss_end__) || ((__tbss_end__ - __RAM_segment_start__) <= __RAM_segment_size__)), error: .tbss is too large to fit in RAM memory segment)
                0x0000000020000638                __non_init_load_start__ = ALIGN (__tbss_end__, 0x4)

.non_init       0x0000000020000638        0x0
                0x0000000020000638                __non_init_start__ = .
 *(.non_init .non_init.*)
                0x0000000020000638                __non_init_end__ = (__non_init_start__ + SIZEOF (.non_init))
                0x0000000000000000                __non_init_size__ = SIZEOF (.non_init)
                0x0000000020000638                __non_init_load_end__ = __non_init_end__
                0x0000000000000001                . = ASSERT (((__non_init_start__ == __non_init_end__) || ((__non_init_end__ - __RAM_segment_start__) <= __RAM_segment_size__)), error: .non_init is too large to fit in RAM memory segment)
                0x0000000020000638                __heap_load_start__ = ALIGN (__non_init_end__, 0x4)

.heap           0x0000000020000638      0x200
                0x0000000020000638                __heap_start__ = .
 *(.heap .heap.*)
                0x0000000020000838                . = ALIGN (MAX ((__heap_start__ + __HEAPSIZE__), .), 0x4)
 *fill*         0x0000000020000638      0x200 
                0x0000000020000838                __heap_end__ = (__heap_start__ + SIZEOF (.heap))
                0x0000000000000200                __heap_size__ = SIZEOF (.heap)
                0x0000000020000838                __heap_load_end__ = __heap_end__
                0x0000000000000001                . = ASSERT (((__heap_start__ == __heap_end__) || ((__heap_end__ - __RAM_segment_start__) <= __RAM_segment_size__)), error: .heap is too large to fit in RAM memory segment)
                0x000000002000f800                __stack_load_start__ = (__RAM_segment_start__ + (__RAM_segment_size__ - 0x800))

.stack          0x000000002000f800      0x800
                0x000000002000f800                __stack_start__ = .
                0x000000002000f800                __StackLimit = __stack_start__
 *(.stack .stack.*)
                0x0000000020010000                . = ALIGN (MAX ((__stack_start__ + __STACKSIZE__), .), 0x8)
 *fill*         0x000000002000f800      0x800 
                0x0000000020010000                __stack_end__ = (__stack_start__ + SIZEOF (.stack))
                0x0000000000000800                __stack_size__ = SIZEOF (.stack)
                0x0000000020010000                __StackTop = __stack_end__
                0x0000000020010000                __stack_load_end__ = __stack_end__
                0x0000000000000001                . = ASSERT (((__stack_start__ == __stack_end__) || ((__stack_end__ - __RAM_segment_start__) <= __RAM_segment_size__)), error: .stack is too large to fit in RAM memory segment)
                0x0000000000000001                . = ASSERT ((__heap_end__ <= __stack_start__), error: section .heap overlaps absolute placed section .stack)
                0x0000000020010000                __stack_process_load_start__ = ALIGN (__stack_end__, 0x8)

.stack_process  0x0000000020010000        0x0
                0x0000000020010000                __stack_process_start__ = .
 *(.stack_process .stack_process.*)
                0x0000000020010000                . = ALIGN (MAX ((__stack_process_start__ + __STACKSIZE_PROCESS__), .), 0x8)
                0x0000000020010000                __stack_process_end__ = (__stack_process_start__ + SIZEOF (.stack_process))
                0x0000000000000000                __stack_process_size__ = SIZEOF (.stack_process)
                0x0000000020010000                __stack_process_load_end__ = __stack_process_end__
                0x0000000020010000                __RAM_segment_used_end__ = (ALIGN (__stack_end__, 0x8) + SIZEOF (.stack_process))
                0x0000000000010000                __RAM_segment_used_size__ = (__RAM_segment_used_end__ - __RAM_segment_start__)
                0x0000000000000001                . = ASSERT (((__stack_process_start__ == __stack_process_end__) || ((__stack_process_end__ - __RAM_segment_start__) <= __RAM_segment_size__)), error: .stack_process is too large to fit in RAM memory segment)
START GROUP
LOAD Output/twi_sensor_pca10040 Debug/Obj/thumb_crt0.o
LOAD Output/twi_sensor_pca10040 Debug/Obj/nrf_log_backend_rtt.o
LOAD Output/twi_sensor_pca10040 Debug/Obj/nrf_log_backend_serial.o
LOAD Output/twi_sensor_pca10040 Debug/Obj/nrf_log_backend_uart.o
LOAD Output/twi_sensor_pca10040 Debug/Obj/nrf_log_default_backends.o
LOAD Output/twi_sensor_pca10040 Debug/Obj/nrf_log_frontend.o
LOAD Output/twi_sensor_pca10040 Debug/Obj/nrf_log_str_formatter.o
LOAD Output/twi_sensor_pca10040 Debug/Obj/boards.o
LOAD Output/twi_sensor_pca10040 Debug/Obj/app_error.o
LOAD Output/twi_sensor_pca10040 Debug/Obj/app_error_weak.o
LOAD Output/twi_sensor_pca10040 Debug/Obj/app_util_platform.o
LOAD Output/twi_sensor_pca10040 Debug/Obj/nrf_assert.o
LOAD Output/twi_sensor_pca10040 Debug/Obj/nrf_balloc.o
LOAD Output/twi_sensor_pca10040 Debug/Obj/nrf_fprintf.o
LOAD Output/twi_sensor_pca10040 Debug/Obj/nrf_fprintf_format.o
LOAD Output/twi_sensor_pca10040 Debug/Obj/nrf_memobj.o
LOAD Output/twi_sensor_pca10040 Debug/Obj/nrf_strerror.o
LOAD Output/twi_sensor_pca10040 Debug/Obj/nrf_drv_common.o
LOAD Output/twi_sensor_pca10040 Debug/Obj/nrf_drv_twi.o
LOAD Output/twi_sensor_pca10040 Debug/Obj/nrf_drv_uart.o
LOAD Output/twi_sensor_pca10040 Debug/Obj/main.o
LOAD Output/twi_sensor_pca10040 Debug/Obj/SEGGER_RTT.o
LOAD Output/twi_sensor_pca10040 Debug/Obj/SEGGER_RTT_Syscalls_SES.o
LOAD Output/twi_sensor_pca10040 Debug/Obj/SEGGER_RTT_printf.o
LOAD Output/twi_sensor_pca10040 Debug/Obj/ses_nRF_Startup.o
LOAD Output/twi_sensor_pca10040 Debug/Obj/ses_nrf52_Vectors.o
LOAD Output/twi_sensor_pca10040 Debug/Obj/system_nrf52.o
LOAD C:/Program Files/SEGGER/SEGGER Embedded Studio for ARM 4.52c/lib/libdebugio_mempoll_v7em_fpv4_sp_d16_hard_t_le_eabi.a
LOAD C:/Program Files/SEGGER/SEGGER Embedded Studio for ARM 4.52c/lib/libm_v7em_fpv4_sp_d16_hard_t_le_eabi.a
LOAD C:/Program Files/SEGGER/SEGGER Embedded Studio for ARM 4.52c/lib/libc_v7em_fpv4_sp_d16_hard_t_le_eabi.a
LOAD C:/Program Files/SEGGER/SEGGER Embedded Studio for ARM 4.52c/lib/libcpp_v7em_fpv4_sp_d16_hard_t_le_eabi.a
LOAD C:/Program Files/SEGGER/SEGGER Embedded Studio for ARM 4.52c/lib/libdebugio_v7em_fpv4_sp_d16_hard_t_le_eabi.a
LOAD C:/Program Files/SEGGER/SEGGER Embedded Studio for ARM 4.52c/lib/libvfprintf_v7em_fpv4_sp_d16_hard_t_le_eabi.o
LOAD C:/Program Files/SEGGER/SEGGER Embedded Studio for ARM 4.52c/lib/libvfscanf_v7em_fpv4_sp_d16_hard_t_le_eabi.o
END GROUP
OUTPUT(Output/Debug/Exe/twi_sensor_pca10040.elf elf32-littlearm)

.ARM.attributes
                0x0000000000000000       0x35
 .ARM.attributes
                0x0000000000000000       0x25 Output/twi_sensor_pca10040 Debug/Obj/thumb_crt0.o
 .ARM.attributes
                0x0000000000000025       0x39 Output/twi_sensor_pca10040 Debug/Obj/nrf_log_backend_serial.o
 .ARM.attributes
                0x000000000000005e       0x39 Output/twi_sensor_pca10040 Debug/Obj/nrf_log_backend_uart.o
 .ARM.attributes
                0x0000000000000097       0x39 Output/twi_sensor_pca10040 Debug/Obj/nrf_log_default_backends.o
 .ARM.attributes
                0x00000000000000d0       0x39 Output/twi_sensor_pca10040 Debug/Obj/nrf_log_frontend.o
 .ARM.attributes
                0x0000000000000109       0x39 Output/twi_sensor_pca10040 Debug/Obj/nrf_log_str_formatter.o
 .ARM.attributes
                0x0000000000000142       0x39 Output/twi_sensor_pca10040 Debug/Obj/app_error.o
 .ARM.attributes
                0x000000000000017b       0x39 Output/twi_sensor_pca10040 Debug/Obj/app_error_weak.o
 .ARM.attributes
                0x00000000000001b4       0x39 Output/twi_sensor_pca10040 Debug/Obj/app_util_platform.o
 .ARM.attributes
                0x00000000000001ed       0x39 Output/twi_sensor_pca10040 Debug/Obj/nrf_assert.o
 .ARM.attributes
                0x0000000000000226       0x39 Output/twi_sensor_pca10040 Debug/Obj/nrf_balloc.o
 .ARM.attributes
                0x000000000000025f       0x39 Output/twi_sensor_pca10040 Debug/Obj/nrf_fprintf.o
 .ARM.attributes
                0x0000000000000298       0x39 Output/twi_sensor_pca10040 Debug/Obj/nrf_fprintf_format.o
 .ARM.attributes
                0x00000000000002d1       0x39 Output/twi_sensor_pca10040 Debug/Obj/nrf_memobj.o
 .ARM.attributes
                0x000000000000030a       0x39 Output/twi_sensor_pca10040 Debug/Obj/nrf_strerror.o
 .ARM.attributes
                0x0000000000000343       0x39 Output/twi_sensor_pca10040 Debug/Obj/nrf_drv_common.o
 .ARM.attributes
                0x000000000000037c       0x39 Output/twi_sensor_pca10040 Debug/Obj/nrf_drv_twi.o
 .ARM.attributes
                0x00000000000003b5       0x39 Output/twi_sensor_pca10040 Debug/Obj/nrf_drv_uart.o
 .ARM.attributes
                0x00000000000003ee       0x39 Output/twi_sensor_pca10040 Debug/Obj/main.o
 .ARM.attributes
                0x0000000000000427       0x25 Output/twi_sensor_pca10040 Debug/Obj/ses_nRF_Startup.o
 .ARM.attributes
                0x000000000000044c       0x25 Output/twi_sensor_pca10040 Debug/Obj/ses_nrf52_Vectors.o
 .ARM.attributes
                0x0000000000000471       0x39 Output/twi_sensor_pca10040 Debug/Obj/system_nrf52.o
 .ARM.attributes
                0x00000000000004aa       0x34 C:/Program Files/SEGGER/SEGGER Embedded Studio for ARM 4.52c/lib/libc_v7em_fpv4_sp_d16_hard_t_le_eabi.a(libc2.o)
 .ARM.attributes
                0x00000000000004de       0x20 C:/Program Files/SEGGER/SEGGER Embedded Studio for ARM 4.52c/lib/libc_v7em_fpv4_sp_d16_hard_t_le_eabi.a(libc2_asm.o)

.comment        0x0000000000000000       0x47
 .comment       0x0000000000000000       0x47 Output/twi_sensor_pca10040 Debug/Obj/nrf_log_backend_serial.o
                                         0x48 (size before relaxing)
 .comment       0x0000000000000047       0x48 Output/twi_sensor_pca10040 Debug/Obj/nrf_log_backend_uart.o
 .comment       0x0000000000000047       0x48 Output/twi_sensor_pca10040 Debug/Obj/nrf_log_default_backends.o
 .comment       0x0000000000000047       0x48 Output/twi_sensor_pca10040 Debug/Obj/nrf_log_frontend.o
 .comment       0x0000000000000047       0x48 Output/twi_sensor_pca10040 Debug/Obj/nrf_log_str_formatter.o
 .comment       0x0000000000000047       0x48 Output/twi_sensor_pca10040 Debug/Obj/app_error.o
 .comment       0x0000000000000047       0x48 Output/twi_sensor_pca10040 Debug/Obj/app_error_weak.o
 .comment       0x0000000000000047       0x48 Output/twi_sensor_pca10040 Debug/Obj/app_util_platform.o
 .comment       0x0000000000000047       0x48 Output/twi_sensor_pca10040 Debug/Obj/nrf_assert.o
 .comment       0x0000000000000047       0x48 Output/twi_sensor_pca10040 Debug/Obj/nrf_balloc.o
 .comment       0x0000000000000047       0x48 Output/twi_sensor_pca10040 Debug/Obj/nrf_fprintf.o
 .comment       0x0000000000000047       0x48 Output/twi_sensor_pca10040 Debug/Obj/nrf_fprintf_format.o
 .comment       0x0000000000000047       0x48 Output/twi_sensor_pca10040 Debug/Obj/nrf_memobj.o
 .comment       0x0000000000000047       0x48 Output/twi_sensor_pca10040 Debug/Obj/nrf_strerror.o
 .comment       0x0000000000000047       0x48 Output/twi_sensor_pca10040 Debug/Obj/nrf_drv_common.o
 .comment       0x0000000000000047       0x48 Output/twi_sensor_pca10040 Debug/Obj/nrf_drv_twi.o
 .comment       0x0000000000000047       0x48 Output/twi_sensor_pca10040 Debug/Obj/nrf_drv_uart.o
 .comment       0x0000000000000047       0x48 Output/twi_sensor_pca10040 Debug/Obj/main.o
 .comment       0x0000000000000047       0x48 Output/twi_sensor_pca10040 Debug/Obj/system_nrf52.o
 .comment       0x0000000000000047       0x48 C:/Program Files/SEGGER/SEGGER Embedded Studio for ARM 4.52c/lib/libc_v7em_fpv4_sp_d16_hard_t_le_eabi.a(libc2.o)

.debug_line     0x0000000000000000     0x933d
 .debug_line    0x0000000000000000      0x1fe Output/twi_sensor_pca10040 Debug/Obj/thumb_crt0.o
 .debug_line    0x00000000000001fe      0x611 Output/twi_sensor_pca10040 Debug/Obj/nrf_log_backend_serial.o
 .debug_line    0x000000000000080f      0x6bb Output/twi_sensor_pca10040 Debug/Obj/nrf_log_backend_uart.o
 .debug_line    0x0000000000000eca      0x581 Output/twi_sensor_pca10040 Debug/Obj/nrf_log_default_backends.o
 .debug_line    0x000000000000144b      0xfda Output/twi_sensor_pca10040 Debug/Obj/nrf_log_frontend.o
 .debug_line    0x0000000000002425      0x6e2 Output/twi_sensor_pca10040 Debug/Obj/nrf_log_str_formatter.o
 .debug_line    0x0000000000002b07      0x39e Output/twi_sensor_pca10040 Debug/Obj/app_error.o
 .debug_line    0x0000000000002ea5      0x603 Output/twi_sensor_pca10040 Debug/Obj/app_error_weak.o
 .debug_line    0x00000000000034a8      0x445 Output/twi_sensor_pca10040 Debug/Obj/app_util_platform.o
 .debug_line    0x00000000000038ed      0x301 Output/twi_sensor_pca10040 Debug/Obj/nrf_assert.o
 .debug_line    0x0000000000003bee      0x653 Output/twi_sensor_pca10040 Debug/Obj/nrf_balloc.o
 .debug_line    0x0000000000004241      0x42c Output/twi_sensor_pca10040 Debug/Obj/nrf_fprintf.o
 .debug_line    0x000000000000466d      0x717 Output/twi_sensor_pca10040 Debug/Obj/nrf_fprintf_format.o
 .debug_line    0x0000000000004d84      0x672 Output/twi_sensor_pca10040 Debug/Obj/nrf_memobj.o
 .debug_line    0x00000000000053f6      0x3ae Output/twi_sensor_pca10040 Debug/Obj/nrf_strerror.o
 .debug_line    0x00000000000057a4      0x4a2 Output/twi_sensor_pca10040 Debug/Obj/nrf_drv_common.o
 .debug_line    0x0000000000005c46     0x100a Output/twi_sensor_pca10040 Debug/Obj/nrf_drv_twi.o
 .debug_line    0x0000000000006c50     0x1546 Output/twi_sensor_pca10040 Debug/Obj/nrf_drv_uart.o
 .debug_line    0x0000000000008196      0x875 Output/twi_sensor_pca10040 Debug/Obj/main.o
 .debug_line    0x0000000000008a0b       0xa3 Output/twi_sensor_pca10040 Debug/Obj/ses_nRF_Startup.o
 .debug_line    0x0000000000008aae       0xac Output/twi_sensor_pca10040 Debug/Obj/ses_nrf52_Vectors.o
 .debug_line    0x0000000000008b5a      0x7e3 Output/twi_sensor_pca10040 Debug/Obj/system_nrf52.o

.debug_info     0x0000000000000000    0x1209d
 .debug_info    0x0000000000000000       0x22 Output/twi_sensor_pca10040 Debug/Obj/thumb_crt0.o
 .debug_info    0x0000000000000022      0xc6e Output/twi_sensor_pca10040 Debug/Obj/nrf_log_backend_serial.o
 .debug_info    0x0000000000000c90     0x13fc Output/twi_sensor_pca10040 Debug/Obj/nrf_log_backend_uart.o
 .debug_info    0x000000000000208c      0x879 Output/twi_sensor_pca10040 Debug/Obj/nrf_log_default_backends.o
 .debug_info    0x0000000000002905     0x1d6a Output/twi_sensor_pca10040 Debug/Obj/nrf_log_frontend.o
 .debug_info    0x000000000000466f      0x9e4 Output/twi_sensor_pca10040 Debug/Obj/nrf_log_str_formatter.o
 .debug_info    0x0000000000005053      0x889 Output/twi_sensor_pca10040 Debug/Obj/app_error.o
 .debug_info    0x00000000000058dc      0x827 Output/twi_sensor_pca10040 Debug/Obj/app_error_weak.o
 .debug_info    0x0000000000006103      0xcd4 Output/twi_sensor_pca10040 Debug/Obj/app_util_platform.o
 .debug_info    0x0000000000006dd7      0x6d5 Output/twi_sensor_pca10040 Debug/Obj/nrf_assert.o
 .debug_info    0x00000000000074ac      0x944 Output/twi_sensor_pca10040 Debug/Obj/nrf_balloc.o
 .debug_info    0x0000000000007df0      0x7cd Output/twi_sensor_pca10040 Debug/Obj/nrf_fprintf.o
 .debug_info    0x00000000000085bd      0xa32 Output/twi_sensor_pca10040 Debug/Obj/nrf_fprintf_format.o
 .debug_info    0x0000000000008fef      0xd01 Output/twi_sensor_pca10040 Debug/Obj/nrf_memobj.o
 .debug_info    0x0000000000009cf0      0x755 Output/twi_sensor_pca10040 Debug/Obj/nrf_strerror.o
 .debug_info    0x000000000000a445      0xb55 Output/twi_sensor_pca10040 Debug/Obj/nrf_drv_common.o
 .debug_info    0x000000000000af9a     0x211c Output/twi_sensor_pca10040 Debug/Obj/nrf_drv_twi.o
 .debug_info    0x000000000000d0b6     0x2e6c Output/twi_sensor_pca10040 Debug/Obj/nrf_drv_uart.o
 .debug_info    0x000000000000ff22      0xfc6 Output/twi_sensor_pca10040 Debug/Obj/main.o
 .debug_info    0x0000000000010ee8       0x26 Output/twi_sensor_pca10040 Debug/Obj/ses_nRF_Startup.o
 .debug_info    0x0000000000010f0e       0x26 Output/twi_sensor_pca10040 Debug/Obj/ses_nrf52_Vectors.o
 .debug_info    0x0000000000010f34     0x1169 Output/twi_sensor_pca10040 Debug/Obj/system_nrf52.o

.debug_abbrev   0x0000000000000000     0x2bda
 .debug_abbrev  0x0000000000000000       0x12 Output/twi_sensor_pca10040 Debug/Obj/thumb_crt0.o
 .debug_abbrev  0x0000000000000012      0x215 Output/twi_sensor_pca10040 Debug/Obj/nrf_log_backend_serial.o
 .debug_abbrev  0x0000000000000227      0x27f Output/twi_sensor_pca10040 Debug/Obj/nrf_log_backend_uart.o
 .debug_abbrev  0x00000000000004a6      0x1b2 Output/twi_sensor_pca10040 Debug/Obj/nrf_log_default_backends.o
 .debug_abbrev  0x0000000000000658      0x468 Output/twi_sensor_pca10040 Debug/Obj/nrf_log_frontend.o
 .debug_abbrev  0x0000000000000ac0      0x1e4 Output/twi_sensor_pca10040 Debug/Obj/nrf_log_str_formatter.o
 .debug_abbrev  0x0000000000000ca4      0x1ae Output/twi_sensor_pca10040 Debug/Obj/app_error.o
 .debug_abbrev  0x0000000000000e52      0x182 Output/twi_sensor_pca10040 Debug/Obj/app_error_weak.o
 .debug_abbrev  0x0000000000000fd4      0x2bd Output/twi_sensor_pca10040 Debug/Obj/app_util_platform.o
 .debug_abbrev  0x0000000000001291      0x14c Output/twi_sensor_pca10040 Debug/Obj/nrf_assert.o
 .debug_abbrev  0x00000000000013dd      0x21b Output/twi_sensor_pca10040 Debug/Obj/nrf_balloc.o
 .debug_abbrev  0x00000000000015f8      0x19e Output/twi_sensor_pca10040 Debug/Obj/nrf_fprintf.o
 .debug_abbrev  0x0000000000001796      0x21a Output/twi_sensor_pca10040 Debug/Obj/nrf_fprintf_format.o
 .debug_abbrev  0x00000000000019b0      0x22e Output/twi_sensor_pca10040 Debug/Obj/nrf_memobj.o
 .debug_abbrev  0x0000000000001bde      0x175 Output/twi_sensor_pca10040 Debug/Obj/nrf_strerror.o
 .debug_abbrev  0x0000000000001d53      0x1ee Output/twi_sensor_pca10040 Debug/Obj/nrf_drv_common.o
 .debug_abbrev  0x0000000000001f41      0x3f6 Output/twi_sensor_pca10040 Debug/Obj/nrf_drv_twi.o
 .debug_abbrev  0x0000000000002337      0x391 Output/twi_sensor_pca10040 Debug/Obj/nrf_drv_uart.o
 .debug_abbrev  0x00000000000026c8      0x2d6 Output/twi_sensor_pca10040 Debug/Obj/main.o
 .debug_abbrev  0x000000000000299e       0x14 Output/twi_sensor_pca10040 Debug/Obj/ses_nRF_Startup.o
 .debug_abbrev  0x00000000000029b2       0x14 Output/twi_sensor_pca10040 Debug/Obj/ses_nrf52_Vectors.o
 .debug_abbrev  0x00000000000029c6      0x214 Output/twi_sensor_pca10040 Debug/Obj/system_nrf52.o

.debug_aranges  0x0000000000000000      0xa60
 .debug_aranges
                0x0000000000000000       0x88 Output/twi_sensor_pca10040 Debug/Obj/thumb_crt0.o
 .debug_aranges
                0x0000000000000088       0x20 Output/twi_sensor_pca10040 Debug/Obj/nrf_log_backend_serial.o
 .debug_aranges
                0x00000000000000a8       0x50 Output/twi_sensor_pca10040 Debug/Obj/nrf_log_backend_uart.o
 .debug_aranges
                0x00000000000000f8       0x28 Output/twi_sensor_pca10040 Debug/Obj/nrf_log_default_backends.o
 .debug_aranges
                0x0000000000000120      0x148 Output/twi_sensor_pca10040 Debug/Obj/nrf_log_frontend.o
 .debug_aranges
                0x0000000000000268       0x38 Output/twi_sensor_pca10040 Debug/Obj/nrf_log_str_formatter.o
 .debug_aranges
                0x00000000000002a0       0x30 Output/twi_sensor_pca10040 Debug/Obj/app_error.o
 .debug_aranges
                0x00000000000002d0       0x20 Output/twi_sensor_pca10040 Debug/Obj/app_error_weak.o
 .debug_aranges
                0x00000000000002f0       0x50 Output/twi_sensor_pca10040 Debug/Obj/app_util_platform.o
 .debug_aranges
                0x0000000000000340       0x20 Output/twi_sensor_pca10040 Debug/Obj/nrf_assert.o
 .debug_aranges
                0x0000000000000360       0x40 Output/twi_sensor_pca10040 Debug/Obj/nrf_balloc.o
 .debug_aranges
                0x00000000000003a0       0x28 Output/twi_sensor_pca10040 Debug/Obj/nrf_fprintf.o
 .debug_aranges
                0x00000000000003c8       0x40 Output/twi_sensor_pca10040 Debug/Obj/nrf_fprintf_format.o
 .debug_aranges
                0x0000000000000408       0x68 Output/twi_sensor_pca10040 Debug/Obj/nrf_memobj.o
 .debug_aranges
                0x0000000000000470       0x28 Output/twi_sensor_pca10040 Debug/Obj/nrf_strerror.o
 .debug_aranges
                0x0000000000000498       0x38 Output/twi_sensor_pca10040 Debug/Obj/nrf_drv_common.o
 .debug_aranges
                0x00000000000004d0      0x1b8 Output/twi_sensor_pca10040 Debug/Obj/nrf_drv_twi.o
 .debug_aranges
                0x0000000000000688      0x2c0 Output/twi_sensor_pca10040 Debug/Obj/nrf_drv_uart.o
 .debug_aranges
                0x0000000000000948       0x58 Output/twi_sensor_pca10040 Debug/Obj/main.o
 .debug_aranges
                0x00000000000009a0       0x20 Output/twi_sensor_pca10040 Debug/Obj/ses_nRF_Startup.o
 .debug_aranges
                0x00000000000009c0       0x20 Output/twi_sensor_pca10040 Debug/Obj/ses_nrf52_Vectors.o
 .debug_aranges
                0x00000000000009e0       0x80 Output/twi_sensor_pca10040 Debug/Obj/system_nrf52.o

.debug_str      0x0000000000000000    0x6ccf6
 .debug_str     0x0000000000000000       0xb0 Output/twi_sensor_pca10040 Debug/Obj/thumb_crt0.o
 .debug_str     0x00000000000000b0    0x64aef Output/twi_sensor_pca10040 Debug/Obj/nrf_log_backend_serial.o
                                      0x6571d (size before relaxing)
 .debug_str     0x0000000000064b9f     0x1510 Output/twi_sensor_pca10040 Debug/Obj/nrf_log_backend_uart.o
                                      0x6676f (size before relaxing)
 .debug_str     0x00000000000660af      0x12a Output/twi_sensor_pca10040 Debug/Obj/nrf_log_default_backends.o
                                      0x6551c (size before relaxing)
 .debug_str     0x00000000000661d9     0x17dc Output/twi_sensor_pca10040 Debug/Obj/nrf_log_frontend.o
                                      0x66cb7 (size before relaxing)
 .debug_str     0x00000000000679b5      0x27d Output/twi_sensor_pca10040 Debug/Obj/nrf_log_str_formatter.o
                                      0x65768 (size before relaxing)
 .debug_str     0x0000000000067c32      0x112 Output/twi_sensor_pca10040 Debug/Obj/app_error.o
                                      0x5e63c (size before relaxing)
 .debug_str     0x0000000000067d44       0x90 Output/twi_sensor_pca10040 Debug/Obj/app_error_weak.o
                                      0x65c5f (size before relaxing)
 .debug_str     0x0000000000067dd4      0x44c Output/twi_sensor_pca10040 Debug/Obj/app_util_platform.o
                                      0x5ed66 (size before relaxing)
 .debug_str     0x0000000000068220       0x5a Output/twi_sensor_pca10040 Debug/Obj/nrf_assert.o
                                      0x5e635 (size before relaxing)
 .debug_str     0x000000000006827a      0x1ab Output/twi_sensor_pca10040 Debug/Obj/nrf_balloc.o
                                      0x65a6d (size before relaxing)