Archive member included to satisfy reference by file (symbol)

C:/Program Files/SEGGER/SEGGER Embedded Studio for ARM 4.52c/lib/libc_v7em_t_le_eabi.a(libc2.o)
                              Output/twi_scanner_pca10040 Debug/Obj/nrf_log_str_formatter.o (isprint)
C:/Program Files/SEGGER/SEGGER Embedded Studio for ARM 4.52c/lib/libc_v7em_t_le_eabi.a(libc2_asm.o)
                              Output/twi_scanner_pca10040 Debug/Obj/nrf_log_frontend.o (memcpy)
C:/Program Files/SEGGER/SEGGER Embedded Studio for ARM 4.52c/lib/libc_v7em_t_le_eabi.a(libc.o)
                              C:/Program Files/SEGGER/SEGGER Embedded Studio for ARM 4.52c/lib/libc_v7em_t_le_eabi.a(libc2.o) (__heap_lock)
C:/Program Files/SEGGER/SEGGER Embedded Studio for ARM 4.52c/lib/libc_v7em_t_le_eabi.a(libc_asm.o)
                              C:/Program Files/SEGGER/SEGGER Embedded Studio for ARM 4.52c/lib/libc_v7em_t_le_eabi.a(libc2.o) (__aeabi_uldivmod)
C:/Program Files/SEGGER/SEGGER Embedded Studio for ARM 4.52c/lib/libdebugio_v7em_t_le_eabi.a(libdebugio.o)
                              Output/twi_scanner_pca10040 Debug/Obj/thumb_crt0.o (debug_fopen)
C:/Program Files/SEGGER/SEGGER Embedded Studio for ARM 4.52c/lib/libdebugio_mempoll_v7em_t_le_eabi.a(mempoll_debug_operations.o)
                              C:/Program Files/SEGGER/SEGGER Embedded Studio for ARM 4.52c/lib/libdebugio_v7em_t_le_eabi.a(libdebugio.o) (__do_debug_operation)
C:/Program Files/SEGGER/SEGGER Embedded Studio for ARM 4.52c/lib/libdebugio_mempoll_v7em_t_le_eabi.a(do_nv_debug_operation.o)
                              C:/Program Files/SEGGER/SEGGER Embedded Studio for ARM 4.52c/lib/libdebugio_v7em_t_le_eabi.a(libdebugio.o) (__do_nvdebug_operation)
C:/Program Files/SEGGER/SEGGER Embedded Studio for ARM 4.52c/lib/libm_v7em_t_le_eabi.a(libm_asm.o)
                              C:/Program Files/SEGGER/SEGGER Embedded Studio for ARM 4.52c/lib/libc_v7em_t_le_eabi.a(libc2.o) (__aeabi_fadd)
C:/Program Files/SEGGER/SEGGER Embedded Studio for ARM 4.52c/lib/libm_v7em_t_le_eabi.a(libm2.o)
                              C:/Program Files/SEGGER/SEGGER Embedded Studio for ARM 4.52c/lib/libvfprintf_v7em_t_le_eabi.o (frexp)

Discarded input sections

 .text          0x0000000000000000        0x0 Output/twi_scanner_pca10040 Debug/Obj/thumb_crt0.o
 .data          0x0000000000000000        0x0 Output/twi_scanner_pca10040 Debug/Obj/thumb_crt0.o
 .bss           0x0000000000000000        0x0 Output/twi_scanner_pca10040 Debug/Obj/thumb_crt0.o
 .text.__aeabi_read_tp
                0x0000000000000000        0x8 Output/twi_scanner_pca10040 Debug/Obj/thumb_crt0.o
 .text.abort    0x0000000000000000        0x2 Output/twi_scanner_pca10040 Debug/Obj/thumb_crt0.o
 .text.__assert
                0x0000000000000000        0x2 Output/twi_scanner_pca10040 Debug/Obj/thumb_crt0.o
 .text.__assert_func
                0x0000000000000000        0x2 Output/twi_scanner_pca10040 Debug/Obj/thumb_crt0.o
 .text.__aeabi_assert
                0x0000000000000000        0x2 Output/twi_scanner_pca10040 Debug/Obj/thumb_crt0.o
 .text.__sync_synchronize
                0x0000000000000000        0x2 Output/twi_scanner_pca10040 Debug/Obj/thumb_crt0.o
 .text.__getchar
                0x0000000000000000        0x4 Output/twi_scanner_pca10040 Debug/Obj/thumb_crt0.o
 .text.__putchar
                0x0000000000000000        0x4 Output/twi_scanner_pca10040 Debug/Obj/thumb_crt0.o
 .text.__open   0x0000000000000000        0x4 Output/twi_scanner_pca10040 Debug/Obj/thumb_crt0.o
 .text.__close  0x0000000000000000        0x4 Output/twi_scanner_pca10040 Debug/Obj/thumb_crt0.o
 .text.__write  0x0000000000000000        0xa Output/twi_scanner_pca10040 Debug/Obj/thumb_crt0.o
 .text.__read   0x0000000000000000        0xa Output/twi_scanner_pca10040 Debug/Obj/thumb_crt0.o
 .text.__seek   0x0000000000000000       0x1a Output/twi_scanner_pca10040 Debug/Obj/thumb_crt0.o
 .bss.__user_locale_name_buffer
                0x0000000000000000        0x4 Output/twi_scanner_pca10040 Debug/Obj/thumb_crt0.o
 .stack         0x0000000000000000        0x0 Output/twi_scanner_pca10040 Debug/Obj/thumb_crt0.o
 .stack_process
                0x0000000000000000        0x0 Output/twi_scanner_pca10040 Debug/Obj/thumb_crt0.o
 .heap          0x0000000000000000        0x0 Output/twi_scanner_pca10040 Debug/Obj/thumb_crt0.o
 .group         0x0000000000000000        0xc Output/twi_scanner_pca10040 Debug/Obj/nrf_log_backend_rtt.o
 .group         0x0000000000000000        0xc Output/twi_scanner_pca10040 Debug/Obj/nrf_log_backend_rtt.o
 .group         0x0000000000000000        0xc Output/twi_scanner_pca10040 Debug/Obj/nrf_log_backend_rtt.o
 .group         0x0000000000000000        0xc Output/twi_scanner_pca10040 Debug/Obj/nrf_log_backend_rtt.o
 .group         0x0000000000000000        0xc Output/twi_scanner_pca10040 Debug/Obj/nrf_log_backend_rtt.o
 .group         0x0000000000000000        0xc Output/twi_scanner_pca10040 Debug/Obj/nrf_log_backend_rtt.o
[...]
Memory Configuration

Name             Origin             Length             Attributes
UNPLACED_SECTIONS 0x0000000100000000 0x0000000000000000 xw
RAM              0x0000000020000000 0x0000000000006000 xw
FLASH            0x0000000000000000 0x0000000000030000 xw
*default*        0x0000000000000000 0xffffffffffffffff

Linker script and memory map

                0x0000000000000000                __vfprintf = __vfprintf_long
                0x0000000000000000                __vfscanf = __vfscanf_int
                0x0000000020000000                __RAM_segment_start__ = 0x20000000
                0x0000000020006000                __RAM_segment_end__ = 0x20006000
                0x0000000000006000                __RAM_segment_size__ = 0x6000
                0x0000000000000000                __FLASH_segment_start__ = 0x0
                0x0000000000030000                __FLASH_segment_end__ = 0x30000
                0x0000000000030000                __FLASH_segment_size__ = 0x30000
                0x0000000000000200                __HEAPSIZE__ = 0x200
                0x0000000000000000                __STACKSIZE_PROCESS__ = 0x0
                0x0000000000000800                __STACKSIZE__ = 0x800
                0x0000000020000000                __vectors_ram_load_start__ = 0x20000000

.vectors_ram    0x0000000020000000        0x0
                0x0000000020000000                __vectors_ram_start__ = .
                0x0000000020000000                __app_ram_start__ = __vectors_ram_start__
 *(.vectors_ram .vectors_ram.*)
                0x0000000020000000                __vectors_ram_end__ = (__vectors_ram_start__ + SIZEOF (.vectors_ram))
                0x0000000000000000                __vectors_ram_size__ = SIZEOF (.vectors_ram)
                0x0000000020000000                __vectors_ram_load_end__ = __vectors_ram_end__
                0x0000000000000001                . = ASSERT (((__vectors_ram_start__ == __vectors_ram_end__) || ((__vectors_ram_end__ - __RAM_segment_start__) <= __RAM_segment_size__)), error: .vectors_ram is too large to fit in RAM memory segment)
                0x0000000020000000                __nrf_sections_run_load_start__ = ALIGN (__vectors_ram_end__, 0x4)

.nrf_sections_run
                0x0000000020000000        0x0
                0x0000000020000000                __nrf_sections_run_start__ = .
                0x0000000020000000                __start_nrf_sections_run = __nrf_sections_run_start__
 *(.nrf_sections_run .nrf_sections_run.*)
                0x0000000020000000                __nrf_sections_run_end__ = (__nrf_sections_run_start__ + SIZEOF (.nrf_sections_run))
                0x0000000000000000                __nrf_sections_run_size__ = SIZEOF (.nrf_sections_run)
                0x0000000020000000                __nrf_sections_run_load_end__ = __nrf_sections_run_end__
                0x0000000000000001                . = ASSERT (((__nrf_sections_run_start__ == __nrf_sections_run_end__) || ((__nrf_sections_run_end__ - __RAM_segment_start__) <= __RAM_segment_size__)), error: .nrf_sections_run is too large to fit in RAM memory segment)
                0x0000000000000000                __vectors_load_start__ = 0x0

.vectors        0x0000000000000000       0xb8
                0x0000000000000000                __vectors_start__ = .
 *(.vectors .vectors.*)
 .vectors       0x0000000000000000       0xb8 Output/twi_scanner_pca10040 Debug/Obj/ses_nrf52810_Vectors.o
                0x0000000000000000                _vectors
                0x00000000000000b8                __vectors_end__ = (__vectors_start__ + SIZEOF (.vectors))
                0x00000000000000b8                __vectors_size__ = SIZEOF (.vectors)
                0x00000000000000b8                __vectors_load_end__ = __vectors_end__
                0x0000000000000001                . = ASSERT (((__vectors_start__ == __vectors_end__) || ((__vectors_end__ - __FLASH_segment_start__) <= __FLASH_segment_size__)), error: .vectors is too large to fit in FLASH memory segment)
                0x00000000000000b8                __init_load_start__ = ALIGN (__vectors_end__, 0x4)

.init           0x00000000000000b8      0x1ec
                0x00000000000000b8                __init_start__ = .
 *(.init .init.*)
 .init          0x00000000000000b8      0x15c Output/twi_scanner_pca10040 Debug/Obj/thumb_crt0.o
                0x00000000000000b8                _start
                0x000000000000016c                exit
 .init          0x0000000000000214       0x44 Output/twi_scanner_pca10040 Debug/Obj/ses_nRF_Startup.o
                0x0000000000000214                Reset_Handler
                0x0000000000000226                InitializeUserMemorySections
 .init          0x0000000000000258       0x4c Output/twi_scanner_pca10040 Debug/Obj/ses_nrf52810_Vectors.o
                0x0000000000000258                NMI_Handler
                0x000000000000025a                HardFault_Handler
                0x000000000000025c                MemoryManagement_Handler
                0x000000000000025e                BusFault_Handler
                0x0000000000000260                UsageFault_Handler
                0x0000000000000262                SVC_Handler
                0x0000000000000264                DebugMon_Handler
                0x0000000000000266                PendSV_Handler
                0x0000000000000268                SysTick_Handler
                0x000000000000026c                POWER_CLOCK_IRQHandler
                0x000000000000026e                RADIO_IRQHandler
                0x0000000000000274                SPIM0_SPIS0_IRQHandler
                0x0000000000000276                GPIOTE_IRQHandler
                0x0000000000000278                SAADC_IRQHandler
                0x000000000000027a                TIMER0_IRQHandler
                0x000000000000027c                TIMER1_IRQHandler
                0x000000000000027e                TIMER2_IRQHandler
                0x0000000000000280                RTC0_IRQHandler
                0x0000000000000282                TEMP_IRQHandler
                0x0000000000000284                RNG_IRQHandler
                0x0000000000000286                ECB_IRQHandler
                0x0000000000000288                CCM_AAR_IRQHandler
                0x000000000000028a                WDT_IRQHandler
                0x000000000000028c                RTC1_IRQHandler
                0x000000000000028e                QDEC_IRQHandler
                0x0000000000000290                COMP_IRQHandler
                0x0000000000000292                SWI0_EGU0_IRQHandler
                0x0000000000000294                SWI1_EGU1_IRQHandler
                0x0000000000000296                SWI2_IRQHandler
                0x0000000000000298                SWI3_IRQHandler
                0x000000000000029a                SWI4_IRQHandler
                0x000000000000029c                SWI5_IRQHandler
                0x000000000000029e                PWM0_IRQHandler
                0x00000000000002a0                PDM_IRQHandler
                0x00000000000002a4                __init_end__ = (__init_start__ + SIZEOF (.init))
                0x00000000000001ec                __init_size__ = SIZEOF (.init)
                0x00000000000002a4                __init_load_end__ = __init_end__
                0x0000000000000001                . = ASSERT (((__init_start__ == __init_end__) || ((__init_end__ - __FLASH_segment_start__) <= __FLASH_segment_size__)), error: .init is too large to fit in FLASH memory segment)
                0x00000000000002a4                __init_rodata_load_start__ = ALIGN (__init_end__, 0x4)

.init_rodata    0x00000000000002a4        0x0
                0x00000000000002a4                __init_rodata_start__ = .
 *(.init_rodata .init_rodata.*)
                0x00000000000002a4                __init_rodata_end__ = (__init_rodata_start__ + SIZEOF (.init_rodata))
                0x0000000000000000                __init_rodata_size__ = SIZEOF (.init_rodata)
                0x00000000000002a4                __init_rodata_load_end__ = __init_rodata_end__
                0x0000000000000001                . = ASSERT (((__init_rodata_start__ == __init_rodata_end__) || ((__init_rodata_end__ - __FLASH_segment_start__) <= __FLASH_segment_size__)), error: .init_rodata is too large to fit in FLASH memory segment)
                0x00000000000002a4                __text_load_start__ = ALIGN (__init_rodata_end__, 0x4)

.text           0x00000000000002a4     0x3840
                0x00000000000002a4                __text_start__ = .
 *(.text .text.* .glue_7t .glue_7 .gnu.linkonce.t.* .gcc_except_table .ARM.extab* .gnu.linkonce.armextab.*)
 .glue_7        0x00000000000002a4        0x0 linker stubs
 .glue_7t       0x00000000000002a4        0x0 linker stubs
 .text.nrf_log_backend_rtt_init
                0x00000000000002a4        0xa Output/twi_scanner_pca10040 Debug/Obj/nrf_log_backend_rtt.o
                0x00000000000002a4                nrf_log_backend_rtt_init
 .text.serial_tx
                0x00000000000002ae       0x5e Output/twi_scanner_pca10040 Debug/Obj/nrf_log_backend_rtt.o
 .text.nrf_log_backend_rtt_put
                0x000000000000030c       0x28 Output/twi_scanner_pca10040 Debug/Obj/nrf_log_backend_rtt.o
 .text.nrf_log_backend_rtt_flush
                0x0000000000000334        0xa Output/twi_scanner_pca10040 Debug/Obj/nrf_log_backend_rtt.o
 .text.nrf_log_backend_rtt_panic_set
                0x000000000000033e        0xa Output/twi_scanner_pca10040 Debug/Obj/nrf_log_backend_rtt.o
 .text.nrf_log_backend_serial_put
                0x0000000000000348      0x14c Output/twi_scanner_pca10040 Debug/Obj/nrf_log_backend_serial.o
                0x0000000000000348                nrf_log_backend_serial_put
 .text.nrf_log_backend_enable
                0x0000000000000494       0x10 Output/twi_scanner_pca10040 Debug/Obj/nrf_log_default_backends.o
 .text.nrf_log_default_backends_init
                0x00000000000004a4       0x3c Output/twi_scanner_pca10040 Debug/Obj/nrf_log_default_backends.o
                0x00000000000004a4                nrf_log_default_backends_init
 .text.nrf_log_backend_put
                0x00000000000004e0       0x1c Output/twi_scanner_pca10040 Debug/Obj/nrf_log_frontend.o
 .text.nrf_log_backend_panic_set
                0x00000000000004fc       0x18 Output/twi_scanner_pca10040 Debug/Obj/nrf_log_frontend.o
 .text.nrf_log_backend_id_set
                0x0000000000000514       0x18 Output/twi_scanner_pca10040 Debug/Obj/nrf_log_frontend.o
 .text.nrf_log_backend_id_get
                0x000000000000052c        0xe Output/twi_scanner_pca10040 Debug/Obj/nrf_log_frontend.o
 .text.nrf_log_backend_enable
                0x000000000000053a       0x10 Output/twi_scanner_pca10040 Debug/Obj/nrf_log_frontend.o
 .text.nrf_log_backend_is_enabled
                0x000000000000054a        0xe Output/twi_scanner_pca10040 Debug/Obj/nrf_log_frontend.o
 .text.nrf_atomic_u32_or
                0x0000000000000558       0x2e Output/twi_scanner_pca10040 Debug/Obj/nrf_log_frontend.o
 .text.nrf_atomic_u32_fetch_and
                0x0000000000000586       0x2e Output/twi_scanner_pca10040 Debug/Obj/nrf_log_frontend.o
 .text.nrf_atomic_flag_set
                0x00000000000005b4       0x18 Output/twi_scanner_pca10040 Debug/Obj/nrf_log_frontend.o
 .text.nrf_atomic_flag_clear_fetch
                0x00000000000005cc       0x18 Output/twi_scanner_pca10040 Debug/Obj/nrf_log_frontend.o
 .text.nrf_log_init
                0x00000000000005e4       0x98 Output/twi_scanner_pca10040 Debug/Obj/nrf_log_frontend.o
                0x00000000000005e4                nrf_log_init
 .text.nrf_log_module_cnt_get
                0x000000000000067c       0x14 Output/twi_scanner_pca10040 Debug/Obj/nrf_log_frontend.o
                0x000000000000067c                nrf_log_module_cnt_get
 .text.module_idx_get
                0x0000000000000690       0x6c Output/twi_scanner_pca10040 Debug/Obj/nrf_log_frontend.o
 .text.nrf_log_module_name_get
                0x00000000000006fc       0x40 Output/twi_scanner_pca10040 Debug/Obj/nrf_log_frontend.o
                0x00000000000006fc                nrf_log_module_name_get
 .text.nrf_log_color_id_get
                0x000000000000073c       0x70 Output/twi_scanner_pca10040 Debug/Obj/nrf_log_frontend.o
                0x000000000000073c                nrf_log_color_id_get
 .text.log_skip
                0x00000000000007ac      0x11c Output/twi_scanner_pca10040 Debug/Obj/nrf_log_frontend.o
 .text.std_header_set
                0x00000000000008c8       0xb8 Output/twi_scanner_pca10040 Debug/Obj/nrf_log_frontend.o
 .text.buf_prealloc
                0x0000000000000980       0xa8 Output/twi_scanner_pca10040 Debug/Obj/nrf_log_frontend.o
 .text.std_n    0x0000000000000a28       0x90 Output/twi_scanner_pca10040 Debug/Obj/nrf_log_frontend.o
 .text.nrf_log_frontend_std_0
                0x0000000000000ab8       0x1c Output/twi_scanner_pca10040 Debug/Obj/nrf_log_frontend.o
                0x0000000000000ab8                nrf_log_frontend_std_0
 .text.nrf_log_frontend_std_1
                0x0000000000000ad4       0x22 Output/twi_scanner_pca10040 Debug/Obj/nrf_log_frontend.o
                0x0000000000000ad4                nrf_log_frontend_std_1
 .text.nrf_log_frontend_std_2
                0x0000000000000af6       0x28 Output/twi_scanner_pca10040 Debug/Obj/nrf_log_frontend.o
                0x0000000000000af6                nrf_log_frontend_std_2
 .text.nrf_log_frontend_std_4
                0x0000000000000b1e       0x30 Output/twi_scanner_pca10040 Debug/Obj/nrf_log_frontend.o
                0x0000000000000b1e                nrf_log_frontend_std_4
 *fill*         0x0000000000000b4e        0x2 
 .text.buffer_is_empty
                0x0000000000000b50       0x1c Output/twi_scanner_pca10040 Debug/Obj/nrf_log_frontend.o
                0x0000000000000b50                buffer_is_empty
 .text.nrf_log_frontend_dequeue
                0x0000000000000b6c      0x378 Output/twi_scanner_pca10040 Debug/Obj/nrf_log_frontend.o
                0x0000000000000b6c                nrf_log_frontend_dequeue
 .text.backend_id_assign
                0x0000000000000ee4       0x68 Output/twi_scanner_pca10040 Debug/Obj/nrf_log_frontend.o
 .text.nrf_log_backend_add
                0x0000000000000f4c       0x68 Output/twi_scanner_pca10040 Debug/Obj/nrf_log_frontend.o
                0x0000000000000f4c                nrf_log_backend_add
 .text.nrf_log_panic
                0x0000000000000fb4       0x3c Output/twi_scanner_pca10040 Debug/Obj/nrf_log_frontend.o
                0x0000000000000fb4                nrf_log_panic
 .text.prefix_process
                0x0000000000000ff0       0x80 Output/twi_scanner_pca10040 Debug/Obj/nrf_log_str_formatter.o
 .text.postfix_process
                0x0000000000001070       0x68 Output/twi_scanner_pca10040 Debug/Obj/nrf_log_str_formatter.o
 .text.nrf_log_std_entry_process
                0x00000000000010d8      0x144 Output/twi_scanner_pca10040 Debug/Obj/nrf_log_str_formatter.o
                0x00000000000010d8                nrf_log_std_entry_process
 .text.nrf_log_hexdump_entry_process
                0x000000000000121c       0xe8 Output/twi_scanner_pca10040 Debug/Obj/nrf_log_str_formatter.o
                0x000000000000121c                nrf_log_hexdump_entry_process
 .text.app_error_handler
                0x0000000000001304       0x30 Output/twi_scanner_pca10040 Debug/Obj/app_error.o
                0x0000000000001304                app_error_handler
 .text.app_error_save_and_stop
                0x0000000000001334       0x9c Output/twi_scanner_pca10040 Debug/Obj/app_error.o
                0x0000000000001334                app_error_save_and_stop
 .text.app_error_fault_handler
                0x00000000000013d0       0xd4 Output/twi_scanner_pca10040 Debug/Obj/app_error_weak.o
                0x00000000000013d0                app_error_fault_handler
 .text.app_util_disable_irq
                0x00000000000014a4       0x18 Output/twi_scanner_pca10040 Debug/Obj/app_util_platform.o
                0x00000000000014a4                app_util_disable_irq
 .text.app_util_enable_irq
                0x00000000000014bc       0x20 Output/twi_scanner_pca10040 Debug/Obj/app_util_platform.o
                0x00000000000014bc                app_util_enable_irq
 .text.app_util_critical_region_enter
                0x00000000000014dc       0x28 Output/twi_scanner_pca10040 Debug/Obj/app_util_platform.o
                0x00000000000014dc                app_util_critical_region_enter
 .text.app_util_critical_region_exit
                0x0000000000001504       0x2c Output/twi_scanner_pca10040 Debug/Obj/app_util_platform.o
                0x0000000000001504                app_util_critical_region_exit
 .text.privilege_level_get
                0x0000000000001530       0x3a Output/twi_scanner_pca10040 Debug/Obj/app_util_platform.o
                0x0000000000001530                privilege_level_get
 .text.assert_nrf_callback
                0x000000000000156a       0x2e Output/twi_scanner_pca10040 Debug/Obj/nrf_assert.o
                0x000000000000156a                assert_nrf_callback
 .text.nrf_balloc_idx2block
                0x0000000000001598       0x38 Output/twi_scanner_pca10040 Debug/Obj/nrf_balloc.o
 .text.nrf_balloc_block2idx
                0x00000000000015d0       0x34 Output/twi_scanner_pca10040 Debug/Obj/nrf_balloc.o
 .text.nrf_balloc_init
                0x0000000000001604       0xb0 Output/twi_scanner_pca10040 Debug/Obj/nrf_balloc.o
                0x0000000000001604                nrf_balloc_init
 .text.nrf_balloc_alloc
                0x00000000000016b4       0x80 Output/twi_scanner_pca10040 Debug/Obj/nrf_balloc.o
                0x00000000000016b4                nrf_balloc_alloc
 .text.nrf_balloc_free
                0x0000000000001734       0x58 Output/twi_scanner_pca10040 Debug/Obj/nrf_balloc.o
                0x0000000000001734                nrf_balloc_free
 .text.nrf_fprintf_buffer_flush
                0x000000000000178c       0x44 Output/twi_scanner_pca10040 Debug/Obj/nrf_fprintf.o
                0x000000000000178c                nrf_fprintf_buffer_flush
 .text.nrf_fprintf
                0x00000000000017d0       0x74 Output/twi_scanner_pca10040 Debug/Obj/nrf_fprintf.o
                0x00000000000017d0                nrf_fprintf
 .text.buffer_add
                0x0000000000001844       0x3c Output/twi_scanner_pca10040 Debug/Obj/nrf_fprintf_format.o
 .text.string_print
                0x0000000000001880       0xc2 Output/twi_scanner_pca10040 Debug/Obj/nrf_fprintf_format.o
 *fill*         0x0000000000001942        0x2 
 .text.unsigned_print
                0x0000000000001944      0x130 Output/twi_scanner_pca10040 Debug/Obj/nrf_fprintf_format.o
 .text.int_print
                0x0000000000001a74      0x11c Output/twi_scanner_pca10040 Debug/Obj/nrf_fprintf_format.o
 .text.nrf_fprintf_fmt
                0x0000000000001b90      0x388 Output/twi_scanner_pca10040 Debug/Obj/nrf_fprintf_format.o
                0x0000000000001b90                nrf_fprintf_fmt
 .text.nrf_atomic_u32_add
                0x0000000000001f18       0x2e Output/twi_scanner_pca10040 Debug/Obj/nrf_memobj.o
 .text.nrf_atomic_u32_sub
                0x0000000000001f46       0x2e Output/twi_scanner_pca10040 Debug/Obj/nrf_memobj.o
 .text.nrf_memobj_pool_init
                0x0000000000001f74       0x16 Output/twi_scanner_pca10040 Debug/Obj/nrf_memobj.o
                0x0000000000001f74                nrf_memobj_pool_init
 .text.nrf_memobj_alloc
                0x0000000000001f8a       0xae Output/twi_scanner_pca10040 Debug/Obj/nrf_memobj.o
                0x0000000000001f8a                nrf_memobj_alloc
 .text.nrf_memobj_free
                0x0000000000002038       0x74 Output/twi_scanner_pca10040 Debug/Obj/nrf_memobj.o
                0x0000000000002038                nrf_memobj_free
 .text.nrf_memobj_get
                0x00000000000020ac       0x1e Output/twi_scanner_pca10040 Debug/Obj/nrf_memobj.o
                0x00000000000020ac                nrf_memobj_get
 .text.nrf_memobj_put
                0x00000000000020ca       0x34 Output/twi_scanner_pca10040 Debug/Obj/nrf_memobj.o
                0x00000000000020ca                nrf_memobj_put
 *fill*         0x00000000000020fe        0x2 
 .text.memobj_op
                0x0000000000002100      0x104 Output/twi_scanner_pca10040 Debug/Obj/nrf_memobj.o
 .text.nrf_memobj_write
                0x0000000000002204       0x24 Output/twi_scanner_pca10040 Debug/Obj/nrf_memobj.o
                0x0000000000002204                nrf_memobj_write
 .text.nrf_memobj_read
                0x0000000000002228       0x24 Output/twi_scanner_pca10040 Debug/Obj/nrf_memobj.o
                0x0000000000002228                nrf_memobj_read
 .text.nrf_strerror_get
                0x000000000000224c       0x28 Output/twi_scanner_pca10040 Debug/Obj/nrf_strerror.o
                0x000000000000224c                nrf_strerror_get
 .text.nrf_strerror_find
                0x0000000000002274       0x68 Output/twi_scanner_pca10040 Debug/Obj/nrf_strerror.o
                0x0000000000002274                nrf_strerror_find
 .text.NVIC_EnableIRQ
                0x00000000000022dc       0x2c Output/twi_scanner_pca10040 Debug/Obj/nrf_drv_common.o
 .text.NVIC_ClearPendingIRQ
                0x0000000000002308       0x30 Output/twi_scanner_pca10040 Debug/Obj/nrf_drv_common.o
 .text.NVIC_SetPriority
                0x0000000000002338       0x50 Output/twi_scanner_pca10040 Debug/Obj/nrf_drv_common.o
 .text.nrf_drv_common_irq_enable
                0x0000000000002388       0x54 Output/twi_scanner_pca10040 Debug/Obj/nrf_drv_common.o
                0x0000000000002388                nrf_drv_common_irq_enable
 .text.nrf_twim_task_trigger
                0x00000000000023dc       0x1c Output/twi_scanner_pca10040 Debug/Obj/nrf_drv_twi.o
 .text.nrf_twim_event_clear
                0x00000000000023f8       0x2a Output/twi_scanner_pca10040 Debug/Obj/nrf_drv_twi.o
 .text.nrf_twim_event_check
                0x0000000000002422       0x24 Output/twi_scanner_pca10040 Debug/Obj/nrf_drv_twi.o
 .text.nrf_twim_int_enable
                0x0000000000002446       0x14 Output/twi_scanner_pca10040 Debug/Obj/nrf_drv_twi.o
 .text.nrf_twim_int_disable
                0x000000000000245a       0x14 Output/twi_scanner_pca10040 Debug/Obj/nrf_drv_twi.o
 .text.nrf_twim_enable
                0x000000000000246e       0x12 Output/twi_scanner_pca10040 Debug/Obj/nrf_drv_twi.o
 .text.nrf_twim_pins_set
                0x0000000000002480       0x1e Output/twi_scanner_pca10040 Debug/Obj/nrf_drv_twi.o
 .text.nrf_twim_frequency_set
                0x000000000000249e       0x14 Output/twi_scanner_pca10040 Debug/Obj/nrf_drv_twi.o
 .text.nrf_twim_errorsrc_get_and_clear
                0x00000000000024b2       0x1c Output/twi_scanner_pca10040 Debug/Obj/nrf_drv_twi.o
 .text.nrf_twim_address_set
                0x00000000000024ce       0x1a Output/twi_scanner_pca10040 Debug/Obj/nrf_drv_twi.o
 .text.nrf_twim_tx_buffer_set
                0x00000000000024e8       0x24 Output/twi_scanner_pca10040 Debug/Obj/nrf_drv_twi.o
 .text.nrf_twim_rx_buffer_set
                0x000000000000250c       0x24 Output/twi_scanner_pca10040 Debug/Obj/nrf_drv_twi.o
 .text.nrf_twim_shorts_set
                0x0000000000002530       0x14 Output/twi_scanner_pca10040 Debug/Obj/nrf_drv_twi.o
 .text.nrf_twim_txd_amount_get
                0x0000000000002544       0x10 Output/twi_scanner_pca10040 Debug/Obj/nrf_drv_twi.o
 .text.nrf_twim_rxd_amount_get
                0x0000000000002554       0x10 Output/twi_scanner_pca10040 Debug/Obj/nrf_drv_twi.o
 .text.nrf_twim_tx_list_enable
                0x0000000000002564       0x12 Output/twi_scanner_pca10040 Debug/Obj/nrf_drv_twi.o
 .text.nrf_twim_tx_list_disable
                0x0000000000002576       0x12 Output/twi_scanner_pca10040 Debug/Obj/nrf_drv_twi.o
 .text.nrf_twim_rx_list_enable
                0x0000000000002588       0x12 Output/twi_scanner_pca10040 Debug/Obj/nrf_drv_twi.o
 .text.nrf_twim_rx_list_disable
                0x000000000000259a       0x12 Output/twi_scanner_pca10040 Debug/Obj/nrf_drv_twi.o
 .text.nrf_drv_get_IRQn
                0x00000000000025ac       0x16 Output/twi_scanner_pca10040 Debug/Obj/nrf_drv_twi.o
 .text.nrf_drv_is_in_RAM
                0x00000000000025c2       0x1c Output/twi_scanner_pca10040 Debug/Obj/nrf_drv_twi.o
 *fill*         0x00000000000025de        0x2 
 .text.nrf_gpio_pin_port_decode
                0x00000000000025e0       0x28 Output/twi_scanner_pca10040 Debug/Obj/nrf_drv_twi.o
 .text.nrf_gpio_pin_set
                0x0000000000002608       0x28 Output/twi_scanner_pca10040 Debug/Obj/nrf_drv_twi.o
 .text.nrf_gpio_pin_clear
                0x0000000000002630       0x28 Output/twi_scanner_pca10040 Debug/Obj/nrf_drv_twi.o
 .text.nrf_gpio_pin_read
                0x0000000000002658       0x2a Output/twi_scanner_pca10040 Debug/Obj/nrf_drv_twi.o
 .text.nrf_gpio_port_in_read
                0x0000000000002682       0x10 Output/twi_scanner_pca10040 Debug/Obj/nrf_drv_twi.o
 .text.nrf_gpio_port_out_set
                0x0000000000002692       0x14 Output/twi_scanner_pca10040 Debug/Obj/nrf_drv_twi.o
 .text.nrf_gpio_port_out_clear
                0x00000000000026a6       0x14 Output/twi_scanner_pca10040 Debug/Obj/nrf_drv_twi.o
 *fill*         0x00000000000026ba        0x2 
 .text.nrf_delay_us
                0x00000000000026bc       0xa0 Output/twi_scanner_pca10040 Debug/Obj/nrf_drv_twi.o
 .text.twi_process_error
                0x000000000000275c       0x30 Output/twi_scanner_pca10040 Debug/Obj/nrf_drv_twi.o
 .text.twi_clear_bus
                0x000000000000278c       0xde Output/twi_scanner_pca10040 Debug/Obj/nrf_drv_twi.o
 *fill*         0x000000000000286a        0x2 
 .text.nrf_drv_twi_init
                0x000000000000286c      0x118 Output/twi_scanner_pca10040 Debug/Obj/nrf_drv_twi.o
                0x000000000000286c                nrf_drv_twi_init
 .text.nrf_drv_twi_enable
                0x0000000000002984       0x54 Output/twi_scanner_pca10040 Debug/Obj/nrf_drv_twi.o
                0x0000000000002984                nrf_drv_twi_enable
 .text.twim_list_enable_handle
                0x00000000000029d8       0x40 Output/twi_scanner_pca10040 Debug/Obj/nrf_drv_twi.o
 .text.twim_xfer
                0x0000000000002a18      0x378 Output/twi_scanner_pca10040 Debug/Obj/nrf_drv_twi.o
 .text.nrf_drv_twi_xfer
                0x0000000000002d90       0x78 Output/twi_scanner_pca10040 Debug/Obj/nrf_drv_twi.o
                0x0000000000002d90                nrf_drv_twi_xfer
 .text.nrf_drv_twi_rx
                0x0000000000002e08       0x50 Output/twi_scanner_pca10040 Debug/Obj/nrf_drv_twi.o
                0x0000000000002e08                nrf_drv_twi_rx
 .text.irq_handler_twim
                0x0000000000002e58      0x21c Output/twi_scanner_pca10040 Debug/Obj/nrf_drv_twi.o
 .text.TWIM0_TWIS0_IRQHandler
                0x0000000000003074       0x18 Output/twi_scanner_pca10040 Debug/Obj/nrf_drv_twi.o
                0x0000000000003074                TWIM0_TWIS0_IRQHandler
 .text.nrf_uarte_event_clear
                0x000000000000308c       0x2a Output/twi_scanner_pca10040 Debug/Obj/nrf_drv_uart.o
 .text.nrf_uarte_event_check
                0x00000000000030b6       0x24 Output/twi_scanner_pca10040 Debug/Obj/nrf_drv_uart.o
 .text.nrf_uarte_shorts_disable
                0x00000000000030da       0x1e Output/twi_scanner_pca10040 Debug/Obj/nrf_drv_uart.o
 .text.nrf_uarte_errorsrc_get_and_clear
                0x00000000000030f8       0x1c Output/twi_scanner_pca10040 Debug/Obj/nrf_drv_uart.o
 .text.nrf_uarte_tx_amount_get
                0x0000000000003114       0x10 Output/twi_scanner_pca10040 Debug/Obj/nrf_drv_uart.o
 .text.nrf_uarte_rx_amount_get
                0x0000000000003124       0x10 Output/twi_scanner_pca10040 Debug/Obj/nrf_drv_uart.o
 .text.rx_done_event
                0x0000000000003134       0x36 Output/twi_scanner_pca10040 Debug/Obj/nrf_drv_uart.o
 .text.tx_done_event
                0x000000000000316a       0x3c Output/twi_scanner_pca10040 Debug/Obj/nrf_drv_uart.o
 .text.uarte_irq_handler
                0x00000000000031a6      0x160 Output/twi_scanner_pca10040 Debug/Obj/nrf_drv_uart.o
 *fill*         0x0000000000003306        0x2 
 .text.UARTE0_IRQHandler
                0x0000000000003308       0x18 Output/twi_scanner_pca10040 Debug/Obj/nrf_drv_uart.o
                0x0000000000003308                UARTE0_IRQHandler
 .text.twi_init
                0x0000000000003320       0x5c Output/twi_scanner_pca10040 Debug/Obj/main.o
                0x0000000000003320                twi_init
 .text.main     0x000000000000337c       0xec Output/twi_scanner_pca10040 Debug/Obj/main.o
                0x000000000000337c                main
 .text._DoInit  0x0000000000003468       0x9c Output/twi_scanner_pca10040 Debug/Obj/SEGGER_RTT.o
 .text._WriteBlocking
                0x0000000000003504       0xb2 Output/twi_scanner_pca10040 Debug/Obj/SEGGER_RTT.o
 .text._WriteNoCheck
                0x00000000000035b6       0x7e Output/twi_scanner_pca10040 Debug/Obj/SEGGER_RTT.o
 .text._GetAvailWriteSpace
                0x0000000000003634       0x3c Output/twi_scanner_pca10040 Debug/Obj/SEGGER_RTT.o
 .text.SEGGER_RTT_WriteNoLock
                0x0000000000003670       0xa0 Output/twi_scanner_pca10040 Debug/Obj/SEGGER_RTT.o
                0x0000000000003670                SEGGER_RTT_WriteNoLock
 .text.SEGGER_RTT_Init
                0x0000000000003710        0xa Output/twi_scanner_pca10040 Debug/Obj/SEGGER_RTT.o
                0x0000000000003710                SEGGER_RTT_Init
 *fill*         0x000000000000371a        0x2 
 .text.SystemCoreClockUpdate
                0x000000000000371c       0x14 Output/twi_scanner_pca10040 Debug/Obj/system_nrf52810.o
                0x000000000000371c                SystemCoreClockUpdate
 .text.SystemInit
                0x0000000000003730      0x174 Output/twi_scanner_pca10040 Debug/Obj/system_nrf52810.o
                0x0000000000003730                SystemInit
 .text.errata_31
                0x00000000000038a4       0x24 Output/twi_scanner_pca10040 Debug/Obj/system_nrf52810.o
 .text.errata_36
                0x00000000000038c8       0x24 Output/twi_scanner_pca10040 Debug/Obj/system_nrf52810.o
 .text.errata_66
                0x00000000000038ec       0x24 Output/twi_scanner_pca10040 Debug/Obj/system_nrf52810.o
 .text.errata_136
                0x0000000000003910       0x24 Output/twi_scanner_pca10040 Debug/Obj/system_nrf52810.o
 .text.libc.__RAL_ascii_isctype
                0x0000000000003934       0x1c C:/Program Files/SEGGER/SEGGER Embedded Studio for ARM 4.52c/lib/libc_v7em_t_le_eabi.a(libc2.o)
 .text.libc.__RAL_ascii_toupper
                0x0000000000003950        0xc C:/Program Files/SEGGER/SEGGER Embedded Studio for ARM 4.52c/lib/libc_v7em_t_le_eabi.a(libc2.o)
 .text.libc.__RAL_ascii_tolower
                0x000000000000395c        0xc C:/Program Files/SEGGER/SEGGER Embedded Studio for ARM 4.52c/lib/libc_v7em_t_le_eabi.a(libc2.o)
 .text.libc.__RAL_ascii_iswctype
                0x0000000000003968       0x1c C:/Program Files/SEGGER/SEGGER Embedded Studio for ARM 4.52c/lib/libc_v7em_t_le_eabi.a(libc2.o)
 .text.libc.__RAL_ascii_towupper
                0x0000000000003984        0xc C:/Program Files/SEGGER/SEGGER Embedded Studio for ARM 4.52c/lib/libc_v7em_t_le_eabi.a(libc2.o)
 .text.libc.__RAL_ascii_towlower
                0x0000000000003990        0xc C:/Program Files/SEGGER/SEGGER Embedded Studio for ARM 4.52c/lib/libc_v7em_t_le_eabi.a(libc2.o)
 .text.libc.__RAL_ascii_wctomb
                0x000000000000399c        0xe C:/Program Files/SEGGER/SEGGER Embedded Studio for ARM 4.52c/lib/libc_v7em_t_le_eabi.a(libc2.o)
                0x000000000000399c                __RAL_ascii_wctomb
 .text.libc.__RAL_ascii_mbtowc
                0x00000000000039aa       0x24 C:/Program Files/SEGGER/SEGGER Embedded Studio for ARM 4.52c/lib/libc_v7em_t_le_eabi.a(libc2.o)
                0x00000000000039aa                __RAL_ascii_mbtowc
 *fill*         0x00000000000039ce        0x2 
 .text.libc.__RAL_isctype
                0x00000000000039d0       0x14 C:/Program Files/SEGGER/SEGGER Embedded Studio for ARM 4.52c/lib/libc_v7em_t_le_eabi.a(libc2.o)
                0x00000000000039d0                __RAL_isctype
 .text.libc.isprint
                0x00000000000039e4        0xa C:/Program Files/SEGGER/SEGGER Embedded Studio for ARM 4.52c/lib/libc_v7em_t_le_eabi.a(libc2.o)
                0x00000000000039e4                isprint
 .text.libc.memcpy
                0x00000000000039ee       0x52 C:/Program Files/SEGGER/SEGGER Embedded Studio for ARM 4.52c/lib/libc_v7em_t_le_eabi.a(libc2_asm.o)
                0x00000000000039ee                __aeabi_memcpy
                0x00000000000039ee                memcpy
                0x00000000000039fa                __aeabi_memcpy8
                0x00000000000039fa                __aeabi_memcpy4
 .text.libc.strcpy
                0x0000000000003a40       0x44 C:/Program Files/SEGGER/SEGGER Embedded Studio for ARM 4.52c/lib/libc_v7em_t_le_eabi.a(libc2_asm.o)
                0x0000000000003a40                strcpy
 .text.libc.strlen
                0x0000000000003a84       0x60 C:/Program Files/SEGGER/SEGGER Embedded Studio for ARM 4.52c/lib/libc_v7em_t_le_eabi.a(libc2_asm.o)
                0x0000000000003a84                strlen
                0x0000000000003ae4                __text_end__ = (__text_start__ + SIZEOF (.text))
                0x0000000000003840                __text_size__ = SIZEOF (.text)
                0x0000000000003ae4                __text_load_end__ = __text_end__

.vfp11_veneer   0x0000000100000000        0x0
 .vfp11_veneer  0x0000000100000000        0x0 linker stubs

.v4_bx          0x0000000100000000        0x0
 .v4_bx         0x0000000100000000        0x0 linker stubs

.iplt           0x0000000100000000        0x0
 .iplt          0x0000000100000000        0x0 Output/twi_scanner_pca10040 Debug/Obj/thumb_crt0.o
                0x0000000000000001                . = ASSERT (((__text_start__ == __text_end__) || ((__text_end__ - __FLASH_segment_start__) <= __FLASH_segment_size__)), error: .text is too large to fit in FLASH memory segment)
                0x0000000000003ae4                __log_const_data_load_start__ = ALIGN (__text_end__, 0x4)

.log_const_data
                0x0000000000003ae4       0x20
                0x0000000000003ae4                __log_const_data_start__ = .
                0x0000000000003ae4                __start_log_const_data = __log_const_data_start__
 *(SORT_BY_NAME(.log_const_data*))
 .log_const_data_app
                0x0000000000003ae4        0x8 Output/twi_scanner_pca10040 Debug/Obj/nrf_log_frontend.o
                0x0000000000003ae4                m_nrf_log_app_logs_data_const
 .log_const_data_balloc
                0x0000000000003aec        0x8 Output/twi_scanner_pca10040 Debug/Obj/nrf_balloc.o
                0x0000000000003aec                m_nrf_log_balloc_logs_data_const
 .log_const_data_twi
                0x0000000000003af4        0x8 Output/twi_scanner_pca10040 Debug/Obj/nrf_drv_twi.o
                0x0000000000003af4                m_nrf_log_twi_logs_data_const
 .log_const_data_uart
                0x0000000000003afc        0x8 Output/twi_scanner_pca10040 Debug/Obj/nrf_drv_uart.o
                0x0000000000003afc                m_nrf_log_uart_logs_data_const
                0x0000000000003b04                __log_const_data_end__ = (__log_const_data_start__ + SIZEOF (.log_const_data))
                0x0000000000000020                __log_const_data_size__ = SIZEOF (.log_const_data)
                0x0000000000003b04                __stop_log_const_data = __log_const_data_end__
                0x0000000000003b04                __log_const_data_load_end__ = __log_const_data_end__
                0x0000000000000001                . = ASSERT (((__log_const_data_start__ == __log_const_data_end__) || ((__log_const_data_end__ - __FLASH_segment_start__) <= __FLASH_segment_size__)), error: .log_const_data is too large to fit in FLASH memory segment)
                0x0000000000003b04                __nrf_sections_load_start__ = ALIGN (__log_const_data_end__, 0x4)

.nrf_sections   0x0000000000003b04        0x0
                0x0000000000003b04                __nrf_sections_start__ = .
                0x0000000000003b04                __start_nrf_sections = __nrf_sections_start__
 *(.nrf_sections .nrf_sections.*)
                0x0000000000003b04                __nrf_sections_end__ = (__nrf_sections_start__ + SIZEOF (.nrf_sections))
                0x0000000000000000                __nrf_sections_size__ = SIZEOF (.nrf_sections)
                0x0000000000003b04                __nrf_sections_load_end__ = __nrf_sections_end__
                0x0000000000000001                . = ASSERT (((__nrf_sections_start__ == __nrf_sections_end__) || ((__nrf_sections_end__ - __FLASH_segment_start__) <= __FLASH_segment_size__)), error: .nrf_sections is too large to fit in FLASH memory segment)
                0x0000000000003b04                __log_dynamic_data_load_start__ = ALIGN (__nrf_sections_end__, 0x4)

.log_dynamic_data
                0x0000000020000000       0x30 load address 0x0000000000003b04
                0x0000000020000000                __log_dynamic_data_start__ = .
 *(SORT_BY_NAME(.log_dynamic_data*))
 .log_dynamic_data_app
                0x0000000020000000        0xc Output/twi_scanner_pca10040 Debug/Obj/nrf_log_frontend.o
                0x0000000020000000                m_nrf_log_app_logs_data_dynamic
 .log_dynamic_data_balloc
                0x000000002000000c        0xc Output/twi_scanner_pca10040 Debug/Obj/nrf_balloc.o
                0x000000002000000c                m_nrf_log_balloc_logs_data_dynamic
 .log_dynamic_data_twi
                0x0000000020000018        0xc Output/twi_scanner_pca10040 Debug/Obj/nrf_drv_twi.o
                0x0000000020000018                m_nrf_log_twi_logs_data_dynamic
 .log_dynamic_data_uart
                0x0000000020000024        0xc Output/twi_scanner_pca10040 Debug/Obj/nrf_drv_uart.o
                0x0000000020000024                m_nrf_log_uart_logs_data_dynamic
                0x0000000020000030                __log_dynamic_data_end__ = (__log_dynamic_data_start__ + SIZEOF (.log_dynamic_data))
                0x0000000000000030                __log_dynamic_data_size__ = SIZEOF (.log_dynamic_data)
                0x0000000000003b34                __log_dynamic_data_load_end__ = (__log_dynamic_data_load_start__ + SIZEOF (.log_dynamic_data))
                0x0000000000000001                . = ASSERT (((__log_dynamic_data_load_start__ == __log_dynamic_data_load_end__) || ((__log_dynamic_data_load_end__ - __FLASH_segment_start__) <= __FLASH_segment_size__)), error: .log_dynamic_data is too large to fit in FLASH memory segment)

.log_dynamic_data_run
                0x0000000020000000       0x30 load address 0x0000000000003b04
                0x0000000020000000                __log_dynamic_data_run_start__ = .
                0x0000000020000000                __start_log_dynamic_data = __log_dynamic_data_run_start__
                0x0000000020000030                . = MAX ((__log_dynamic_data_run_start__ + SIZEOF (.log_dynamic_data)), .)
 *fill*         0x0000000020000000       0x30 
                0x0000000020000030                __log_dynamic_data_run_end__ = (__log_dynamic_data_run_start__ + SIZEOF (.log_dynamic_data_run))
                0x0000000000000030                __log_dynamic_data_run_size__ = SIZEOF (.log_dynamic_data_run)
                0x0000000020000030                __stop_log_dynamic_data = __log_dynamic_data_run_end__
                0x0000000020000030                __log_dynamic_data_run_load_end__ = __log_dynamic_data_run_end__
                0x0000000000000001                . = ASSERT (((__log_dynamic_data_run_start__ == __log_dynamic_data_run_end__) || ((__log_dynamic_data_run_end__ - __RAM_segment_start__) <= __RAM_segment_size__)), error: .log_dynamic_data_run is too large to fit in RAM memory segment)
                0x0000000020000030                __nrf_sections_run_end_load_start__ = ALIGN (__log_dynamic_data_run_end__, 0x4)

.nrf_sections_run_end
                0x0000000020000030        0x0
                0x0000000020000030                __nrf_sections_run_end_start__ = .
                0x0000000020000030                __end_nrf_sections_run = __nrf_sections_run_end_start__
 *(.nrf_sections_run_end .nrf_sections_run_end.*)
                0x0000000020000030                __nrf_sections_run_end_end__ = (__nrf_sections_run_end_start__ + SIZEOF (.nrf_sections_run_end))
                0x0000000000000000                __nrf_sections_run_end_size__ = SIZEOF (.nrf_sections_run_end)
                0x0000000020000030                __nrf_sections_run_end_load_end__ = __nrf_sections_run_end_end__
                0x0000000000000001                . = ASSERT (((__nrf_sections_run_end_start__ == __nrf_sections_run_end_end__) || ((__nrf_sections_run_end_end__ - __RAM_segment_start__) <= __RAM_segment_size__)), error: .nrf_sections_run_end is too large to fit in RAM memory segment)
                0x0000000000003b34                __dtors_load_start__ = ALIGN ((__log_dynamic_data_load_start__ + SIZEOF (.log_dynamic_data)), 0x4)

.dtors          0x0000000000003b34        0x0
                0x0000000000003b34                __dtors_start__ = .
 *(SORT_BY_NAME(.dtors.*))
 *(.dtors)
 *(.fini_array)
 *(SORT_BY_NAME(.fini_array.*))
                0x0000000000003b34                __dtors_end__ = (__dtors_start__ + SIZEOF (.dtors))
                0x0000000000000000                __dtors_size__ = SIZEOF (.dtors)
                0x0000000000003b34                __dtors_load_end__ = __dtors_end__
                0x0000000000000001                . = ASSERT (((__dtors_start__ == __dtors_end__) || ((__dtors_end__ - __FLASH_segment_start__) <= __FLASH_segment_size__)), error: .dtors is too large to fit in FLASH memory segment)
                0x0000000000003b34                __ctors_load_start__ = ALIGN (__dtors_end__, 0x4)

.ctors          0x0000000000003b34        0x0
                0x0000000000003b34                __ctors_start__ = .
 *(SORT_BY_NAME(.ctors.*))
 *(.ctors)
 *(.init_array)
 *(SORT_BY_NAME(.init_array.*))
                0x0000000000003b34                __ctors_end__ = (__ctors_start__ + SIZEOF (.ctors))
                0x0000000000000000                __ctors_size__ = SIZEOF (.ctors)
                0x0000000000003b34                __ctors_load_end__ = __ctors_end__
                0x0000000000000001                . = ASSERT (((__ctors_start__ == __ctors_end__) || ((__ctors_end__ - __FLASH_segment_start__) <= __FLASH_segment_size__)), error: .ctors is too large to fit in FLASH memory segment)
                0x0000000000003b34                __rodata_load_start__ = ALIGN (__ctors_end__, 0x4)

.rodata         0x0000000000003b34      0xbca
                0x0000000000003b34                __rodata_start__ = .
 *(.rodata .rodata.* .gnu.linkonce.r.*)
 .rodata.nrf_log_backend_rtt_api
                0x0000000000003b34        0xc Output/twi_scanner_pca10040 Debug/Obj/nrf_log_backend_rtt.o
                0x0000000000003b34                nrf_log_backend_rtt_api
 .rodata        0x0000000000003b40       0x64 Output/twi_scanner_pca10040 Debug/Obj/nrf_log_default_backends.o
 .rodata.mempool
                0x0000000000003ba4       0x14 Output/twi_scanner_pca10040 Debug/Obj/nrf_log_frontend.o
 .rodata        0x0000000000003bb8       0x6c Output/twi_scanner_pca10040 Debug/Obj/nrf_log_frontend.o
 .rodata        0x0000000000003c24       0x92 Output/twi_scanner_pca10040 Debug/Obj/nrf_log_str_formatter.o
 *fill*         0x0000000000003cb6        0x2 
 .rodata        0x0000000000003cb8       0x4c Output/twi_scanner_pca10040 Debug/Obj/app_error_weak.o
 .rodata        0x0000000000003d04       0x4d Output/twi_scanner_pca10040 Debug/Obj/app_util_platform.o
 *fill*         0x0000000000003d51        0x3 
 .rodata        0x0000000000003d54       0x50 Output/twi_scanner_pca10040 Debug/Obj/nrf_balloc.o
 .rodata        0x0000000000003da4       0x3e Output/twi_scanner_pca10040 Debug/Obj/nrf_fprintf.o
 *fill*         0x0000000000003de2        0x2 
 .rodata        0x0000000000003de4       0x45 Output/twi_scanner_pca10040 Debug/Obj/nrf_fprintf_format.o
 *fill*         0x0000000000003e29        0x3 
 .rodata._aV2C.5997
                0x0000000000003e2c       0x10 Output/twi_scanner_pca10040 Debug/Obj/nrf_fprintf_format.o
 .rodata        0x0000000000003e3c       0x55 Output/twi_scanner_pca10040 Debug/Obj/nrf_memobj.o
 *fill*         0x0000000000003e91        0x3 
 .rodata.m_unknown_str
                0x0000000000003e94       0x13 Output/twi_scanner_pca10040 Debug/Obj/nrf_strerror.o
 *fill*         0x0000000000003ea7        0x1 
 .rodata        0x0000000000003ea8      0x308 Output/twi_scanner_pca10040 Debug/Obj/nrf_strerror.o
 .rodata.nrf_strerror_array
                0x00000000000041b0       0xf0 Output/twi_scanner_pca10040 Debug/Obj/nrf_strerror.o
 .rodata        0x00000000000042a0       0x4e Output/twi_scanner_pca10040 Debug/Obj/nrf_drv_common.o
 *fill*         0x00000000000042ee        0x2 
 .rodata        0x00000000000042f0       0x8b Output/twi_scanner_pca10040 Debug/Obj/nrf_drv_twi.o
 *fill*         0x000000000000437b        0x1 
 .rodata        0x000000000000437c       0x8a Output/twi_scanner_pca10040 Debug/Obj/nrf_drv_uart.o
 *fill*         0x0000000000004406        0x2 
 .rodata.m_twi  0x0000000000004408        0x8 Output/twi_scanner_pca10040 Debug/Obj/main.o
 .rodata        0x0000000000004410       0x95 Output/twi_scanner_pca10040 Debug/Obj/main.o
 *fill*         0x00000000000044a5        0x3 
 .rodata        0x00000000000044a8       0x17 Output/twi_scanner_pca10040 Debug/Obj/SEGGER_RTT.o
 *fill*         0x00000000000044bf        0x1 
 .rodata.libc.__RAL_find_locale.str1.4
                0x00000000000044c0        0xa C:/Program Files/SEGGER/SEGGER Embedded Studio for ARM 4.52c/lib/libc_v7em_t_le_eabi.a(libc2.o)
 *fill*         0x00000000000044ca        0x2 
 .rodata.libc.__RAL_ascii_ctype_map
                0x00000000000044cc       0x80 C:/Program Files/SEGGER/SEGGER Embedded Studio for ARM 4.52c/lib/libc_v7em_t_le_eabi.a(libc2.o)
                0x00000000000044cc                __RAL_ascii_ctype_map
 .rodata.libc.__RAL_ascii_ctype_mask
                0x000000000000454c        0xd C:/Program Files/SEGGER/SEGGER Embedded Studio for ARM 4.52c/lib/libc_v7em_t_le_eabi.a(libc2.o)
 *fill*         0x0000000000004559        0x3 
 .rodata.libc.__RAL_c_locale
                0x000000000000455c        0xc C:/Program Files/SEGGER/SEGGER Embedded Studio for ARM 4.52c/lib/libc_v7em_t_le_eabi.a(libc2.o)
                0x000000000000455c                __RAL_c_locale
 .rodata.libc.__RAL_c_locale_abbrev_day_names
                0x0000000000004568       0x1d C:/Program Files/SEGGER/SEGGER Embedded Studio for ARM 4.52c/lib/libc_v7em_t_le_eabi.a(libc2.o)
                0x0000000000004568                __RAL_c_locale_abbrev_day_names
 *fill*         0x0000000000004585        0x3 
 .rodata.libc.__RAL_c_locale_abbrev_month_names
                0x0000000000004588       0x31 C:/Program Files/SEGGER/SEGGER Embedded Studio for ARM 4.52c/lib/libc_v7em_t_le_eabi.a(libc2.o)
                0x0000000000004588                __RAL_c_locale_abbrev_month_names
 *fill*         0x00000000000045b9        0x3 
 .rodata.libc.__RAL_c_locale_am_pm_indicator
                0x00000000000045bc        0x7 C:/Program Files/SEGGER/SEGGER Embedded Studio for ARM 4.52c/lib/libc_v7em_t_le_eabi.a(libc2.o)
                0x00000000000045bc                __RAL_c_locale_am_pm_indicator
 *fill*         0x00000000000045c3        0x1 
 .rodata.libc.__RAL_c_locale_data
                0x00000000000045c4       0x58 C:/Program Files/SEGGER/SEGGER Embedded Studio for ARM 4.52c/lib/libc_v7em_t_le_eabi.a(libc2.o)
                0x00000000000045c4                __RAL_c_locale_data
 .rodata.libc.__RAL_c_locale_date_format
                0x000000000000461c        0x9 C:/Program Files/SEGGER/SEGGER Embedded Studio for ARM 4.52c/lib/libc_v7em_t_le_eabi.a(libc2.o)
                0x000000000000461c                __RAL_c_locale_date_format
 *fill*         0x0000000000004625        0x3 
 .rodata.libc.__RAL_c_locale_date_time_format
                0x0000000000004628        0xf C:/Program Files/SEGGER/SEGGER Embedded Studio for ARM 4.52c/lib/libc_v7em_t_le_eabi.a(libc2.o)
                0x0000000000004628                __RAL_c_locale_date_time_format
 *fill*         0x0000000000004637        0x1 
 .rodata.libc.__RAL_c_locale_day_names
                0x0000000000004638       0x3a C:/Program Files/SEGGER/SEGGER Embedded Studio for ARM 4.52c/lib/libc_v7em_t_le_eabi.a(libc2.o)
                0x0000000000004638                __RAL_c_locale_day_names
 *fill*         0x0000000000004672        0x2 
 .rodata.libc.__RAL_c_locale_month_names
                0x0000000000004674       0x57 C:/Program Files/SEGGER/SEGGER Embedded Studio for ARM 4.52c/lib/libc_v7em_t_le_eabi.a(libc2.o)
                0x0000000000004674                __RAL_c_locale_month_names
 *fill*         0x00000000000046cb        0x1 
 .rodata.libc.__RAL_c_locale_time_format
                0x00000000000046cc        0x9 C:/Program Files/SEGGER/SEGGER Embedded Studio for ARM 4.52c/lib/libc_v7em_t_le_eabi.a(libc2.o)
                0x00000000000046cc                __RAL_c_locale_time_format
 *fill*         0x00000000000046d5        0x3 
 .rodata.libc.__RAL_codeset_ascii
                0x00000000000046d8       0x20 C:/Program Files/SEGGER/SEGGER Embedded Studio for ARM 4.52c/lib/libc_v7em_t_le_eabi.a(libc2.o)
                0x00000000000046d8                __RAL_codeset_ascii
 .rodata.libc.__RAL_data_empty_string
                0x00000000000046f8        0x1 C:/Program Files/SEGGER/SEGGER Embedded Studio for ARM 4.52c/lib/libc_v7em_t_le_eabi.a(libc2.o)
                0x00000000000046f8                __RAL_data_empty_string
 *fill*         0x00000000000046f9        0x3 
 .rodata.libc.__RAL_data_utf8_period
                0x00000000000046fc        0x2 C:/Program Files/SEGGER/SEGGER Embedded Studio for ARM 4.52c/lib/libc_v7em_t_le_eabi.a(libc2.o)
                0x00000000000046fc                __RAL_data_utf8_period
                0x00000000000046fe                __rodata_end__ = (__rodata_start__ + SIZEOF (.rodata))
                0x0000000000000bca                __rodata_size__ = SIZEOF (.rodata)
                0x00000000000046fe                __rodata_load_end__ = __rodata_end__

.rel.dyn        0x0000000000004700        0x0
 .rel.iplt      0x0000000000004700        0x0 Output/twi_scanner_pca10040 Debug/Obj/thumb_crt0.o
                0x0000000000000001                . = ASSERT (((__rodata_start__ == __rodata_end__) || ((__rodata_end__ - __FLASH_segment_start__) <= __FLASH_segment_size__)), error: .rodata is too large to fit in FLASH memory segment)
                0x0000000000004700                __ARM.exidx_load_start__ = ALIGN (__rodata_end__, 0x4)

.ARM.exidx      0x0000000000004700        0x0
                0x0000000000004700                __ARM.exidx_start__ = .
                0x0000000000004700                __exidx_start = __ARM.exidx_start__
 *(.ARM.exidx .ARM.exidx.*)
                0x0000000000004700                __ARM.exidx_end__ = (__ARM.exidx_start__ + SIZEOF (.ARM.exidx))
                0x0000000000000000                __ARM.exidx_size__ = SIZEOF (.ARM.exidx)
                0x0000000000004700                __exidx_end = __ARM.exidx_end__
                0x0000000000004700                __ARM.exidx_load_end__ = __ARM.exidx_end__
                0x0000000000000001                . = ASSERT (((__ARM.exidx_start__ == __ARM.exidx_end__) || ((__ARM.exidx_end__ - __FLASH_segment_start__) <= __FLASH_segment_size__)), error: .ARM.exidx is too large to fit in FLASH memory segment)
                0x0000000000004700                __fast_load_start__ = ALIGN (__ARM.exidx_end__, 0x4)

.fast           0x0000000020000030        0x0 load address 0x0000000000004700
                0x0000000020000030                __fast_start__ = .
 *(.fast .fast.*)
                0x0000000020000030                __fast_end__ = (__fast_start__ + SIZEOF (.fast))
                0x0000000000000000                __fast_size__ = SIZEOF (.fast)
                0x0000000000004700                __fast_load_end__ = (__fast_load_start__ + SIZEOF (.fast))
                0x0000000000000001                . = ASSERT (((__fast_load_start__ == __fast_load_end__) || ((__fast_load_end__ - __FLASH_segment_start__) <= __FLASH_segment_size__)), error: .fast is too large to fit in FLASH memory segment)

.fast_run       0x0000000020000030        0x0
                0x0000000020000030                __fast_run_start__ = .
                0x0000000020000030                . = MAX ((__fast_run_start__ + SIZEOF (.fast)), .)
                0x0000000020000030                __fast_run_end__ = (__fast_run_start__ + SIZEOF (.fast_run))
                0x0000000000000000                __fast_run_size__ = SIZEOF (.fast_run)
                0x0000000020000030                __fast_run_load_end__ = __fast_run_end__
                0x0000000000000001                . = ASSERT (((__fast_run_start__ == __fast_run_end__) || ((__fast_run_end__ - __RAM_segment_start__) <= __RAM_segment_size__)), error: .fast_run is too large to fit in RAM memory segment)
                0x0000000000004700                __data_load_start__ = ALIGN ((__fast_load_start__ + SIZEOF (.fast)), 0x4)

.data           0x0000000020000030       0x5c load address 0x0000000000004700
                0x0000000020000030                __data_start__ = .
 *(.data .data.* .gnu.linkonce.d.*)
 .data.rtt_log_backend
                0x0000000020000030        0xc Output/twi_scanner_pca10040 Debug/Obj/nrf_log_default_backends.o
 .data.severity_names
                0x000000002000003c       0x14 Output/twi_scanner_pca10040 Debug/Obj/nrf_log_str_formatter.o
 .data.m_colors
                0x0000000020000050       0x24 Output/twi_scanner_pca10040 Debug/Obj/nrf_log_str_formatter.o
 .data.SystemCoreClock
                0x0000000020000074        0x4 Output/twi_scanner_pca10040 Debug/Obj/system_nrf52810.o
                0x0000000020000074                SystemCoreClock
 .data.libc.__RAL_global_locale
                0x0000000020000078       0x14 C:/Program Files/SEGGER/SEGGER Embedded Studio for ARM 4.52c/lib/libc_v7em_t_le_eabi.a(libc2.o)
                0x0000000020000078                __RAL_global_locale
                0x000000002000008c                __data_end__ = (__data_start__ + SIZEOF (.data))
                0x000000000000005c                __data_size__ = SIZEOF (.data)
                0x000000000000475c                __data_load_end__ = (__data_load_start__ + SIZEOF (.data))

.igot.plt       0x0000000100000000        0x0
 .igot.plt      0x0000000100000000        0x0 Output/twi_scanner_pca10040 Debug/Obj/thumb_crt0.o
                0x0000000000000001                . = ASSERT (((__data_load_start__ == __data_load_end__) || ((__data_load_end__ - __FLASH_segment_start__) <= __FLASH_segment_size__)), error: .data is too large to fit in FLASH memory segment)

.data_run       0x0000000020000030       0x5c load address 0x0000000000004700
                0x0000000020000030                __data_run_start__ = .
                0x000000002000008c                . = MAX ((__data_run_start__ + SIZEOF (.data)), .)
 *fill*         0x0000000020000030       0x5c 
                0x000000002000008c                __data_run_end__ = (__data_run_start__ + SIZEOF (.data_run))
                0x000000000000005c                __data_run_size__ = SIZEOF (.data_run)
                0x000000002000008c                __data_run_load_end__ = __data_run_end__
                0x0000000000000001                . = ASSERT (((__data_run_start__ == __data_run_end__) || ((__data_run_end__ - __RAM_segment_start__) <= __RAM_segment_size__)), error: .data_run is too large to fit in RAM memory segment)
                0x000000000000475c                __tdata_load_start__ = ALIGN ((__data_load_start__ + SIZEOF (.data)), 0x4)

.tdata          0x000000002000008c        0x0 load address 0x000000000000475c
                0x000000002000008c                __tdata_start__ = .
 *(.tdata .tdata.*)
                0x000000002000008c                __tdata_end__ = (__tdata_start__ + SIZEOF (.tdata))
                0x0000000000000000                __tdata_size__ = SIZEOF (.tdata)
                0x000000000000475c                __tdata_load_end__ = (__tdata_load_start__ + SIZEOF (.tdata))
                0x000000000000475c                __FLASH_segment_used_end__ = (ALIGN ((__data_load_start__ + SIZEOF (.data)), 0x4) + SIZEOF (.tdata))
                0x000000000000475c                __FLASH_segment_used_size__ = (__FLASH_segment_used_end__ - __FLASH_segment_start__)
                0x0000000000000001                . = ASSERT (((__tdata_load_start__ == __tdata_load_end__) || ((__tdata_load_end__ - __FLASH_segment_start__) <= __FLASH_segment_size__)), error: .tdata is too large to fit in FLASH memory segment)

.tdata_run      0x000000002000008c        0x0
                0x000000002000008c                __tdata_run_start__ = .
                0x000000002000008c                . = MAX ((__tdata_run_start__ + SIZEOF (.tdata)), .)
                0x000000002000008c                __tdata_run_end__ = (__tdata_run_start__ + SIZEOF (.tdata_run))
                0x0000000000000000                __tdata_run_size__ = SIZEOF (.tdata_run)
                0x000000002000008c                __tdata_run_load_end__ = __tdata_run_end__
                0x0000000000000001                . = ASSERT (((__tdata_run_start__ == __tdata_run_end__) || ((__tdata_run_end__ - __RAM_segment_start__) <= __RAM_segment_size__)), error: .tdata_run is too large to fit in RAM memory segment)
                0x000000002000008c                __bss_load_start__ = ALIGN (__tdata_run_end__, 0x4)

.bss            0x000000002000008c      0x820
                0x000000002000008c                __bss_start__ = .
 *(.bss .bss.* .gnu.linkonce.b.*)
 .bss.m_string_buff
                0x000000002000008c       0x40 Output/twi_scanner_pca10040 Debug/Obj/nrf_log_backend_rtt.o
 .bss.mempool_nrf_balloc_pool_stack
                0x00000000200000cc        0x8 Output/twi_scanner_pca10040 Debug/Obj/nrf_log_frontend.o
 .bss.mempool_nrf_balloc_pool_mem
                0x00000000200000d4       0xc0 Output/twi_scanner_pca10040 Debug/Obj/nrf_log_frontend.o
 .bss.mempool_nrf_balloc_cb
                0x0000000020000194        0x8 Output/twi_scanner_pca10040 Debug/Obj/nrf_log_frontend.o
 .bss.m_log_data
                0x000000002000019c      0x420 Output/twi_scanner_pca10040 Debug/Obj/nrf_log_frontend.o
 .bss.m_error_data.5762
                0x00000000200005bc       0x20 Output/twi_scanner_pca10040 Debug/Obj/app_error.o
 .bss.m_in_critical_region
                0x00000000200005dc        0x4 Output/twi_scanner_pca10040 Debug/Obj/app_util_platform.o
 .bss.m_cb      0x00000000200005e0       0x28 Output/twi_scanner_pca10040 Debug/Obj/nrf_drv_twi.o
 .bss.m_cb      0x0000000020000608       0x1c Output/twi_scanner_pca10040 Debug/Obj/nrf_drv_uart.o
 .bss._SEGGER_RTT
                0x0000000020000624       0x78 Output/twi_scanner_pca10040 Debug/Obj/SEGGER_RTT.o
                0x0000000020000624                _SEGGER_RTT
 .bss._acUpBuffer
                0x000000002000069c      0x200 Output/twi_scanner_pca10040 Debug/Obj/SEGGER_RTT.o
 .bss._acDownBuffer
                0x000000002000089c       0x10 Output/twi_scanner_pca10040 Debug/Obj/SEGGER_RTT.o
 *(COMMON)
                0x00000000200008ac                __bss_end__ = (__bss_start__ + SIZEOF (.bss))
                0x0000000000000820                __bss_size__ = SIZEOF (.bss)
                0x00000000200008ac                __bss_load_end__ = __bss_end__
                0x0000000000000001                . = ASSERT (((__bss_start__ == __bss_end__) || ((__bss_end__ - __RAM_segment_start__) <= __RAM_segment_size__)), error: .bss is too large to fit in RAM memory segment)
                0x00000000200008ac                __tbss_load_start__ = ALIGN (__bss_end__, 0x4)

.tbss           0x00000000200008ac        0x0
                0x00000000200008ac                __tbss_start__ = .
 *(.tbss .tbss.*)
                0x00000000200008ac                __tbss_end__ = (__tbss_start__ + SIZEOF (.tbss))
                0x0000000000000000                __tbss_size__ = SIZEOF (.tbss)
                0x00000000200008ac                __tbss_load_end__ = __tbss_end__
                0x0000000000000001                . = ASSERT (((__tbss_start__ == __tbss_end__) || ((__tbss_end__ - __RAM_segment_start__) <= __RAM_segment_size__)), error: .tbss is too large to fit in RAM memory segment)
                0x00000000200008ac                __non_init_load_start__ = ALIGN (__tbss_end__, 0x4)

.non_init       0x00000000200008ac        0x0
                0x00000000200008ac                __non_init_start__ = .
 *(.non_init .non_init.*)
                0x00000000200008ac                __non_init_end__ = (__non_init_start__ + SIZEOF (.non_init))
                0x0000000000000000                __non_init_size__ = SIZEOF (.non_init)
                0x00000000200008ac                __non_init_load_end__ = __non_init_end__
                0x0000000000000001                . = ASSERT (((__non_init_start__ == __non_init_end__) || ((__non_init_end__ - __RAM_segment_start__) <= __RAM_segment_size__)), error: .non_init is too large to fit in RAM memory segment)
                0x00000000200008ac                __heap_load_start__ = ALIGN (__non_init_end__, 0x4)

.heap           0x00000000200008ac      0x200
                0x00000000200008ac                __heap_start__ = .
 *(.heap .heap.*)
                0x0000000020000aac                . = ALIGN (MAX ((__heap_start__ + __HEAPSIZE__), .), 0x4)
 *fill*         0x00000000200008ac      0x200 
                0x0000000020000aac                __heap_end__ = (__heap_start__ + SIZEOF (.heap))
                0x0000000000000200                __heap_size__ = SIZEOF (.heap)
                0x0000000020000aac                __heap_load_end__ = __heap_end__
                0x0000000000000001                . = ASSERT (((__heap_start__ == __heap_end__) || ((__heap_end__ - __RAM_segment_start__) <= __RAM_segment_size__)), error: .heap is too large to fit in RAM memory segment)
                0x0000000020005800                __stack_load_start__ = (__RAM_segment_start__ + (__RAM_segment_size__ - 0x800))

.stack          0x0000000020005800      0x800
                0x0000000020005800                __stack_start__ = .
                0x0000000020005800                __StackLimit = __stack_start__
 *(.stack .stack.*)
                0x0000000020006000                . = ALIGN (MAX ((__stack_start__ + __STACKSIZE__), .), 0x8)
 *fill*         0x0000000020005800      0x800 
                0x0000000020006000                __stack_end__ = (__stack_start__ + SIZEOF (.stack))
                0x0000000000000800                __stack_size__ = SIZEOF (.stack)
                0x0000000020006000                __StackTop = __stack_end__
                0x0000000020006000                __stack_load_end__ = __stack_end__
                0x0000000000000001                . = ASSERT (((__stack_start__ == __stack_end__) || ((__stack_end__ - __RAM_segment_start__) <= __RAM_segment_size__)), error: .stack is too large to fit in RAM memory segment)
                0x0000000000000001                . = ASSERT ((__heap_end__ <= __stack_start__), error: section .heap overlaps absolute placed section .stack)
                0x0000000020006000                __stack_process_load_start__ = ALIGN (__stack_end__, 0x8)

.stack_process  0x0000000020006000        0x0
                0x0000000020006000                __stack_process_start__ = .
 *(.stack_process .stack_process.*)
                0x0000000020006000                . = ALIGN (MAX ((__stack_process_start__ + __STACKSIZE_PROCESS__), .), 0x8)
                0x0000000020006000                __stack_process_end__ = (__stack_process_start__ + SIZEOF (.stack_process))
                0x0000000000000000                __stack_process_size__ = SIZEOF (.stack_process)
                0x0000000020006000                __stack_process_load_end__ = __stack_process_end__
                0x0000000020006000                __RAM_segment_used_end__ = (ALIGN (__stack_end__, 0x8) + SIZEOF (.stack_process))
                0x0000000000006000                __RAM_segment_used_size__ = (__RAM_segment_used_end__ - __RAM_segment_start__)
                0x0000000000000001                . = ASSERT (((__stack_process_start__ == __stack_process_end__) || ((__stack_process_end__ - __RAM_segment_start__) <= __RAM_segment_size__)), error: .stack_process is too large to fit in RAM memory segment)
START GROUP
LOAD Output/twi_scanner_pca10040 Debug/Obj/thumb_crt0.o
LOAD Output/twi_scanner_pca10040 Debug/Obj/nrf_log_backend_rtt.o
LOAD Output/twi_scanner_pca10040 Debug/Obj/nrf_log_backend_serial.o
LOAD Output/twi_scanner_pca10040 Debug/Obj/nrf_log_backend_uart.o
LOAD Output/twi_scanner_pca10040 Debug/Obj/nrf_log_default_backends.o
LOAD Output/twi_scanner_pca10040 Debug/Obj/nrf_log_frontend.o
LOAD Output/twi_scanner_pca10040 Debug/Obj/nrf_log_str_formatter.o
LOAD Output/twi_scanner_pca10040 Debug/Obj/boards.o
LOAD Output/twi_scanner_pca10040 Debug/Obj/app_error.o
LOAD Output/twi_scanner_pca10040 Debug/Obj/app_error_weak.o
LOAD Output/twi_scanner_pca10040 Debug/Obj/app_util_platform.o
LOAD Output/twi_scanner_pca10040 Debug/Obj/nrf_assert.o
LOAD Output/twi_scanner_pca10040 Debug/Obj/nrf_balloc.o
LOAD Output/twi_scanner_pca10040 Debug/Obj/nrf_fprintf.o
LOAD Output/twi_scanner_pca10040 Debug/Obj/nrf_fprintf_format.o
LOAD Output/twi_scanner_pca10040 Debug/Obj/nrf_memobj.o
LOAD Output/twi_scanner_pca10040 Debug/Obj/nrf_strerror.o
LOAD Output/twi_scanner_pca10040 Debug/Obj/nrf_drv_common.o
LOAD Output/twi_scanner_pca10040 Debug/Obj/nrf_drv_twi.o
LOAD Output/twi_scanner_pca10040 Debug/Obj/nrf_drv_uart.o
LOAD Output/twi_scanner_pca10040 Debug/Obj/main.o
LOAD Output/twi_scanner_pca10040 Debug/Obj/SEGGER_RTT.o
LOAD Output/twi_scanner_pca10040 Debug/Obj/SEGGER_RTT_Syscalls_SES.o
LOAD Output/twi_scanner_pca10040 Debug/Obj/SEGGER_RTT_printf.o
LOAD Output/twi_scanner_pca10040 Debug/Obj/ses_nRF_Startup.o
LOAD Output/twi_scanner_pca10040 Debug/Obj/system_nrf52810.o
LOAD Output/twi_scanner_pca10040 Debug/Obj/ses_nrf52810_Vectors.o
LOAD C:/Program Files/SEGGER/SEGGER Embedded Studio for ARM 4.52c/lib/libdebugio_mempoll_v7em_t_le_eabi.a
LOAD C:/Program Files/SEGGER/SEGGER Embedded Studio for ARM 4.52c/lib/libm_v7em_t_le_eabi.a
LOAD C:/Program Files/SEGGER/SEGGER Embedded Studio for ARM 4.52c/lib/libc_v7em_t_le_eabi.a
LOAD C:/Program Files/SEGGER/SEGGER Embedded Studio for ARM 4.52c/lib/libcpp_v7em_t_le_eabi.a
LOAD C:/Program Files/SEGGER/SEGGER Embedded Studio for ARM 4.52c/lib/libdebugio_v7em_t_le_eabi.a
LOAD C:/Program Files/SEGGER/SEGGER Embedded Studio for ARM 4.52c/lib/libvfprintf_v7em_t_le_eabi.o
LOAD C:/Program Files/SEGGER/SEGGER Embedded Studio for ARM 4.52c/lib/libvfscanf_v7em_t_le_eabi.o
END GROUP
OUTPUT(Output/Debug/Exe/twi_scanner_pca10040.elf elf32-littlearm)

.ARM.attributes
                0x0000000000000000       0x2f
 .ARM.attributes
                0x0000000000000000       0x21 Output/twi_scanner_pca10040 Debug/Obj/thumb_crt0.o
 .ARM.attributes
                0x0000000000000021       0x33 Output/twi_scanner_pca10040 Debug/Obj/nrf_log_backend_rtt.o
 .ARM.attributes
                0x0000000000000054       0x33 Output/twi_scanner_pca10040 Debug/Obj/nrf_log_backend_serial.o
 .ARM.attributes
                0x0000000000000087       0x33 Output/twi_scanner_pca10040 Debug/Obj/nrf_log_default_backends.o
 .ARM.attributes
                0x00000000000000ba       0x33 Output/twi_scanner_pca10040 Debug/Obj/nrf_log_frontend.o
 .ARM.attributes
                0x00000000000000ed       0x33 Output/twi_scanner_pca10040 Debug/Obj/nrf_log_str_formatter.o
 .ARM.attributes
                0x0000000000000120       0x33 Output/twi_scanner_pca10040 Debug/Obj/app_error.o
 .ARM.attributes
                0x0000000000000153       0x33 Output/twi_scanner_pca10040 Debug/Obj/app_error_weak.o
 .ARM.attributes
                0x0000000000000186       0x33 Output/twi_scanner_pca10040 Debug/Obj/app_util_platform.o
 .ARM.attributes
                0x00000000000001b9       0x33 Output/twi_scanner_pca10040 Debug/Obj/nrf_assert.o
 .ARM.attributes
                0x00000000000001ec       0x33 Output/twi_scanner_pca10040 Debug/Obj/nrf_balloc.o
 .ARM.attributes
                0x000000000000021f       0x33 Output/twi_scanner_pca10040 Debug/Obj/nrf_fprintf.o
 .ARM.attributes
                0x0000000000000252       0x33 Output/twi_scanner_pca10040 Debug/Obj/nrf_fprintf_format.o
 .ARM.attributes
                0x0000000000000285       0x33 Output/twi_scanner_pca10040 Debug/Obj/nrf_memobj.o
 .ARM.attributes
                0x00000000000002b8       0x33 Output/twi_scanner_pca10040 Debug/Obj/nrf_strerror.o
 .ARM.attributes
                0x00000000000002eb       0x33 Output/twi_scanner_pca10040 Debug/Obj/nrf_drv_common.o
 .ARM.attributes
                0x000000000000031e       0x33 Output/twi_scanner_pca10040 Debug/Obj/nrf_drv_twi.o
 .ARM.attributes
                0x0000000000000351       0x33 Output/twi_scanner_pca10040 Debug/Obj/nrf_drv_uart.o
 .ARM.attributes
                0x0000000000000384       0x33 Output/twi_scanner_pca10040 Debug/Obj/main.o
 .ARM.attributes
                0x00000000000003b7       0x33 Output/twi_scanner_pca10040 Debug/Obj/SEGGER_RTT.o
 .ARM.attributes
                0x00000000000003ea       0x21 Output/twi_scanner_pca10040 Debug/Obj/ses_nRF_Startup.o
 .ARM.attributes
                0x000000000000040b       0x33 Output/twi_scanner_pca10040 Debug/Obj/system_nrf52810.o
 .ARM.attributes
                0x000000000000043e       0x21 Output/twi_scanner_pca10040 Debug/Obj/ses_nrf52810_Vectors.o
 .ARM.attributes
                0x000000000000045f       0x2e C:/Program Files/SEGGER/SEGGER Embedded Studio for ARM 4.52c/lib/libc_v7em_t_le_eabi.a(libc2.o)
 .ARM.attributes
                0x000000000000048d       0x1c C:/Program Files/SEGGER/SEGGER Embedded Studio for ARM 4.52c/lib/libc_v7em_t_le_eabi.a(libc2_asm.o)

.comment        0x0000000000000000       0x47
 .comment       0x0000000000000000       0x47 Output/twi_scanner_pca10040 Debug/Obj/nrf_log_backend_rtt.o
                                         0x48 (size before relaxing)
 .comment       0x0000000000000047       0x48 Output/twi_scanner_pca10040 Debug/Obj/nrf_log_backend_serial.o
 .comment       0x0000000000000047       0x48 Output/twi_scanner_pca10040 Debug/Obj/nrf_log_default_backends.o
 .comment       0x0000000000000047       0x48 Output/twi_scanner_pca10040 Debug/Obj/nrf_log_frontend.o
 .comment       0x0000000000000047       0x48 Output/twi_scanner_pca10040 Debug/Obj/nrf_log_str_formatter.o
 .comment       0x0000000000000047       0x48 Output/twi_scanner_pca10040 Debug/Obj/app_error.o
 .comment       0x0000000000000047       0x48 Output/twi_scanner_pca10040 Debug/Obj/app_error_weak.o
 .comment       0x0000000000000047       0x48 Output/twi_scanner_pca10040 Debug/Obj/app_util_platform.o
 .comment       0x0000000000000047       0x48 Output/twi_scanner_pca10040 Debug/Obj/nrf_assert.o
 .comment       0x0000000000000047       0x48 Output/twi_scanner_pca10040 Debug/Obj/nrf_balloc.o
 .comment       0x0000000000000047       0x48 Output/twi_scanner_pca10040 Debug/Obj/nrf_fprintf.o
 .comment       0x0000000000000047       0x48 Output/twi_scanner_pca10040 Debug/Obj/nrf_fprintf_format.o
 .comment       0x0000000000000047       0x48 Output/twi_scanner_pca10040 Debug/Obj/nrf_memobj.o
 .comment       0x0000000000000047       0x48 Output/twi_scanner_pca10040 Debug/Obj/nrf_strerror.o
 .comment       0x0000000000000047       0x48 Output/twi_scanner_pca10040 Debug/Obj/nrf_drv_common.o
 .comment       0x0000000000000047       0x48 Output/twi_scanner_pca10040 Debug/Obj/nrf_drv_twi.o
 .comment       0x0000000000000047       0x48 Output/twi_scanner_pca10040 Debug/Obj/nrf_drv_uart.o
 .comment       0x0000000000000047       0x48 Output/twi_scanner_pca10040 Debug/Obj/main.o
 .comment       0x0000000000000047       0x48 Output/twi_scanner_pca10040 Debug/Obj/SEGGER_RTT.o
 .comment       0x0000000000000047       0x48 Output/twi_scanner_pca10040 Debug/Obj/system_nrf52810.o
 .comment       0x0000000000000047       0x48 C:/Program Files/SEGGER/SEGGER Embedded Studio for ARM 4.52c/lib/libc_v7em_t_le_eabi.a(libc2.o)

.debug_line     0x0000000000000000     0x93d4
 .debug_line    0x0000000000000000      0x1fe Output/twi_scanner_pca10040 Debug/Obj/thumb_crt0.o
 .debug_line    0x00000000000001fe      0x667 Output/twi_scanner_pca10040 Debug/Obj/nrf_log_backend_rtt.o
 .debug_line    0x0000000000000865      0x61d Output/twi_scanner_pca10040 Debug/Obj/nrf_log_backend_serial.o
 .debug_line    0x0000000000000e82      0x58c Output/twi_scanner_pca10040 Debug/Obj/nrf_log_default_backends.o
 .debug_line    0x000000000000140e      0xfe6 Output/twi_scanner_pca10040 Debug/Obj/nrf_log_frontend.o
 .debug_line    0x00000000000023f4      0x6ee Output/twi_scanner_pca10040 Debug/Obj/nrf_log_str_formatter.o
 .debug_line    0x0000000000002ae2      0x3aa Output/twi_scanner_pca10040 Debug/Obj/app_error.o
 .debug_line    0x0000000000002e8c      0x60f Output/twi_scanner_pca10040 Debug/Obj/app_error_weak.o
 .debug_line    0x000000000000349b      0x451 Output/twi_scanner_pca10040 Debug/Obj/app_util_platform.o
 .debug_line    0x00000000000038ec      0x30d Output/twi_scanner_pca10040 Debug/Obj/nrf_assert.o
 .debug_line    0x0000000000003bf9      0x65f Output/twi_scanner_pca10040 Debug/Obj/nrf_balloc.o
 .debug_line    0x0000000000004258      0x438 Output/twi_scanner_pca10040 Debug/Obj/nrf_fprintf.o
 .debug_line    0x0000000000004690      0x723 Output/twi_scanner_pca10040 Debug/Obj/nrf_fprintf_format.o
 .debug_line    0x0000000000004db3      0x67e Output/twi_scanner_pca10040 Debug/Obj/nrf_memobj.o
 .debug_line    0x0000000000005431      0x3ba Output/twi_scanner_pca10040 Debug/Obj/nrf_strerror.o
 .debug_line    0x00000000000057eb      0x4ae Output/twi_scanner_pca10040 Debug/Obj/nrf_drv_common.o
 .debug_line    0x0000000000005c99     0x1009 Output/twi_scanner_pca10040 Debug/Obj/nrf_drv_twi.o
 .debug_line    0x0000000000006ca2      0xee6 Output/twi_scanner_pca10040 Debug/Obj/nrf_drv_uart.o
 .debug_line    0x0000000000007b88      0x758 Output/twi_scanner_pca10040 Debug/Obj/main.o
 .debug_line    0x00000000000082e0      0xb3f Output/twi_scanner_pca10040 Debug/Obj/SEGGER_RTT.o
 .debug_line    0x0000000000008e1f       0x9a Output/twi_scanner_pca10040 Debug/Obj/ses_nRF_Startup.o
 .debug_line    0x0000000000008eb9      0x476 Output/twi_scanner_pca10040 Debug/Obj/system_nrf52810.o
 .debug_line    0x000000000000932f       0xa5 Output/twi_scanner_pca10040 Debug/Obj/ses_nrf52810_Vectors.o

.debug_info     0x0000000000000000    0x11644
 .debug_info    0x0000000000000000       0x22 Output/twi_scanner_pca10040 Debug/Obj/thumb_crt0.o
 .debug_info    0x0000000000000022      0xa7c Output/twi_scanner_pca10040 Debug/Obj/nrf_log_backend_rtt.o
 .debug_info    0x0000000000000a9e      0xc6e Output/twi_scanner_pca10040 Debug/Obj/nrf_log_backend_serial.o
 .debug_info    0x000000000000170c      0x879 Output/twi_scanner_pca10040 Debug/Obj/nrf_log_default_backends.o
 .debug_info    0x0000000000001f85     0x1d6a Output/twi_scanner_pca10040 Debug/Obj/nrf_log_frontend.o
 .debug_info    0x0000000000003cef      0x9e4 Output/twi_scanner_pca10040 Debug/Obj/nrf_log_str_formatter.o
 .debug_info    0x00000000000046d3      0x889 Output/twi_scanner_pca10040 Debug/Obj/app_error.o
 .debug_info    0x0000000000004f5c      0x827 Output/twi_scanner_pca10040 Debug/Obj/app_error_weak.o
 .debug_info    0x0000000000005783      0xc98 Output/twi_scanner_pca10040 Debug/Obj/app_util_platform.o
 .debug_info    0x000000000000641b      0x6d5 Output/twi_scanner_pca10040 Debug/Obj/nrf_assert.o
 .debug_info    0x0000000000006af0      0x944 Output/twi_scanner_pca10040 Debug/Obj/nrf_balloc.o
 .debug_info    0x0000000000007434      0x7cd Output/twi_scanner_pca10040 Debug/Obj/nrf_fprintf.o
 .debug_info    0x0000000000007c01      0xa32 Output/twi_scanner_pca10040 Debug/Obj/nrf_fprintf_format.o
 .debug_info    0x0000000000008633      0xd01 Output/twi_scanner_pca10040 Debug/Obj/nrf_memobj.o
 .debug_info    0x0000000000009334      0x755 Output/twi_scanner_pca10040 Debug/Obj/nrf_strerror.o
 .debug_info    0x0000000000009a89      0xb19 Output/twi_scanner_pca10040 Debug/Obj/nrf_drv_common.o
 .debug_info    0x000000000000a5a2     0x20ac Output/twi_scanner_pca10040 Debug/Obj/nrf_drv_twi.o
 .debug_info    0x000000000000c64e     0x23d9 Output/twi_scanner_pca10040 Debug/Obj/nrf_drv_uart.o
 .debug_info    0x000000000000ea27      0xd53 Output/twi_scanner_pca10040 Debug/Obj/main.o
 .debug_info    0x000000000000f77a     0x1384 Output/twi_scanner_pca10040 Debug/Obj/SEGGER_RTT.o
 .debug_info    0x0000000000010afe       0x26 Output/twi_scanner_pca10040 Debug/Obj/ses_nRF_Startup.o
 .debug_info    0x0000000000010b24      0xafa Output/twi_scanner_pca10040 Debug/Obj/system_nrf52810.o
 .debug_info    0x000000000001161e       0x26 Output/twi_scanner_pca10040 Debug/Obj/ses_nrf52810_Vectors.o

.debug_abbrev   0x0000000000000000     0x2c37
 .debug_abbrev  0x0000000000000000       0x12 Output/twi_scanner_pca10040 Debug/Obj/thumb_crt0.o
 .debug_abbrev  0x0000000000000012      0x1ed Output/twi_scanner_pca10040 Debug/Obj/nrf_log_backend_rtt.o
 .debug_abbrev  0x00000000000001ff      0x215 Output/twi_scanner_pca10040 Debug/Obj/nrf_log_backend_serial.o
 .debug_abbrev  0x0000000000000414      0x1b2 Output/twi_scanner_pca10040 Debug/Obj/nrf_log_default_backends.o
 .debug_abbrev  0x00000000000005c6      0x468 Output/twi_scanner_pca10040 Debug/Obj/nrf_log_frontend.o
 .debug_abbrev  0x0000000000000a2e      0x1e4 Output/twi_scanner_pca10040 Debug/Obj/nrf_log_str_formatter.o
 .debug_abbrev  0x0000000000000c12      0x1ae Output/twi_scanner_pca10040 Debug/Obj/app_error.o
 .debug_abbrev  0x0000000000000dc0      0x182 Output/twi_scanner_pca10040 Debug/Obj/app_error_weak.o
 .debug_abbrev  0x0000000000000f42      0x2bd Output/twi_scanner_pca10040 Debug/Obj/app_util_platform.o
 .debug_abbrev  0x00000000000011ff      0x14c Output/twi_scanner_pca10040 Debug/Obj/nrf_assert.o
 .debug_abbrev  0x000000000000134b      0x21b Output/twi_scanner_pca10040 Debug/Obj/nrf_balloc.o
 .debug_abbrev  0x0000000000001566      0x19e Output/twi_scanner_pca10040 Debug/Obj/nrf_fprintf.o
 .debug_abbrev  0x0000000000001704      0x21a Output/twi_scanner_pca10040 Debug/Obj/nrf_fprintf_format.o
 .debug_abbrev  0x000000000000191e      0x22e Output/twi_scanner_pca10040 Debug/Obj/nrf_memobj.o
 .debug_abbrev  0x0000000000001b4c      0x175 Output/twi_scanner_pca10040 Debug/Obj/nrf_strerror.o
 .debug_abbrev  0x0000000000001cc1      0x1ee Output/twi_scanner_pca10040 Debug/Obj/nrf_drv_common.o
 .debug_abbrev  0x0000000000001eaf      0x3e5 Output/twi_scanner_pca10040 Debug/Obj/nrf_drv_twi.o
 .debug_abbrev  0x0000000000002294      0x391 Output/twi_scanner_pca10040 Debug/Obj/nrf_drv_uart.o
 .debug_abbrev  0x0000000000002625      0x1fd Output/twi_scanner_pca10040 Debug/Obj/main.o
 .debug_abbrev  0x0000000000002822      0x25e Output/twi_scanner_pca10040 Debug/Obj/SEGGER_RTT.o
 .debug_abbrev  0x0000000000002a80       0x14 Output/twi_scanner_pca10040 Debug/Obj/ses_nRF_Startup.o
 .debug_abbrev  0x0000000000002a94      0x18f Output/twi_scanner_pca10040 Debug/Obj/system_nrf52810.o
 .debug_abbrev  0x0000000000002c23       0x14 Output/twi_scanner_pca10040 Debug/Obj/ses_nrf52810_Vectors.o

.debug_aranges  0x0000000000000000      0xa20
 .debug_aranges
                0x0000000000000000       0x88 Output/twi_scanner_pca10040 Debug/Obj/thumb_crt0.o
 .debug_aranges
                0x0000000000000088       0x40 Output/twi_scanner_pca10040 Debug/Obj/nrf_log_backend_rtt.o
 .debug_aranges
                0x00000000000000c8       0x20 Output/twi_scanner_pca10040 Debug/Obj/nrf_log_backend_serial.o
 .debug_aranges
                0x00000000000000e8       0x28 Output/twi_scanner_pca10040 Debug/Obj/nrf_log_default_backends.o
 .debug_aranges
                0x0000000000000110      0x148 Output/twi_scanner_pca10040 Debug/Obj/nrf_log_frontend.o
 .debug_aranges
                0x0000000000000258       0x38 Output/twi_scanner_pca10040 Debug/Obj/nrf_log_str_formatter.o
 .debug_aranges
                0x0000000000000290       0x30 Output/twi_scanner_pca10040 Debug/Obj/app_error.o
 .debug_aranges
                0x00000000000002c0       0x20 Output/twi_scanner_pca10040 Debug/Obj/app_error_weak.o
 .debug_aranges
                0x00000000000002e0       0x50 Output/twi_scanner_pca10040 Debug/Obj/app_util_platform.o
 .debug_aranges
                0x0000000000000330       0x20 Output/twi_scanner_pca10040 Debug/Obj/nrf_assert.o
 .debug_aranges
                0x0000000000000350       0x40 Output/twi_scanner_pca10040 Debug/Obj/nrf_balloc.o
 .debug_aranges
                0x0000000000000390       0x28 Output/twi_scanner_pca10040 Debug/Obj/nrf_fprintf.o
 .debug_aranges
                0x00000000000003b8       0x40 Output/twi_scanner_pca10040 Debug/Obj/nrf_fprintf_format.o
 .debug_aranges
                0x00000000000003f8       0x68 Output/twi_scanner_pca10040 Debug/Obj/nrf_memobj.o
 .debug_aranges
                0x0000000000000460       0x28 Output/twi_scanner_pca10040 Debug/Obj/nrf_strerror.o
 .debug_aranges
                0x0000000000000488       0x38 Output/twi_scanner_pca10040 Debug/Obj/nrf_drv_common.o
 .debug_aranges
                0x00000000000004c0      0x1b8 Output/twi_scanner_pca10040 Debug/Obj/nrf_drv_twi.o
 .debug_aranges
                0x0000000000000678      0x1e8 Output/twi_scanner_pca10040 Debug/Obj/nrf_drv_uart.o
 .debug_aranges
                0x0000000000000860       0x28 Output/twi_scanner_pca10040 Debug/Obj/main.o
 .debug_aranges
                0x0000000000000888      0x108 Output/twi_scanner_pca10040 Debug/Obj/SEGGER_RTT.o
 .debug_aranges
                0x0000000000000990       0x20 Output/twi_scanner_pca10040 Debug/Obj/ses_nRF_Startup.o
 .debug_aranges
                0x00000000000009b0       0x50 Output/twi_scanner_pca10040 Debug/Obj/system_nrf52810.o
 .debug_aranges
                0x0000000000000a00       0x20 Output/twi_scanner_pca10040 Debug/Obj/ses_nrf52810_Vectors.o

.debug_str      0x0000000000000000    0x55210
 .debug_str     0x0000000000000000       0xb8 Output/twi_scanner_pca10040 Debug/Obj/thumb_crt0.o
 .debug_str     0x00000000000000b8    0x4da6a Output/twi_scanner_pca10040 Debug/Obj/nrf_log_backend_rtt.o
                                      0x4dd77 (size before relaxing)
 .debug_str     0x000000000004db22      0x294 Output/twi_scanner_pca10040 Debug/Obj/nrf_log_backend_serial.o
                                      0x4d6d7 (size before relaxing)
 .debug_str     0x000000000004ddb6      0x128 Output/twi_scanner_pca10040 Debug/Obj/nrf_log_default_backends.o
                                      0x4d4d1 (size before relaxing)
 .debug_str     0x000000000004dede     0x17f7 Output/twi_scanner_pca10040 Debug/Obj/nrf_log_frontend.o
                                      0x4ec71 (size before relaxing)
 .debug_str     0x000000000004f6d5      0x27d Output/twi_scanner_pca10040 Debug/Obj/nrf_log_str_formatter.o
                                      0x4d722 (size before relaxing)
 .debug_str     0x000000000004f952      0x112 Output/twi_scanner_pca10040 Debug/Obj/app_error.o
                                      0x465f6 (size before relaxing)
 .debug_str     0x000000000004fa64       0x90 Output/twi_scanner_pca10040 Debug/Obj/app_error_weak.o
                                      0x4dc19 (size before relaxing)
 .debug_str     0x000000000004faf4      0x43a Output/twi_scanner_pca10040 Debug/Obj/app_util_platform.o
                                      0x46c62 (size before relaxing)
 .debug_str     0x000000000004ff2e       0x5a Output/twi_scanner_pca10040 Debug/Obj/nrf_assert.o
                                      0x465ef (size before relaxing)
 .debug_str     0x000000000004ff88      0x1ab Output/twi_scanner_pca10040 Debug/Obj/nrf_balloc.o
                                      0x4da27 (size before relaxing)
 .debug_str     0x0000000000050133      0x124 Output/twi_scanner_pca10040 Debug/Obj/nrf_fprintf.o
                                      0x4ae80 (size before relaxing)
 .debug_str     0x0000000000050257      0x13a Output/twi_scanner_pca10040 Debug/Obj/nrf_fprintf_format.o
                                      0x4af65 (size before relaxing)
 .debug_str     0x0000000000050391      0x242 Output/twi_scanner_pca10040 Debug/Obj/nrf_memobj.o
                                      0x4c208 (size before relaxing)
 .debug_str     0x00000000000505d3      0x108 Output/twi_scanner_pca10040 Debug/Obj/nrf_strerror.o
                                      0x4a8af (size before relaxing)
 .debug_str     0x00000000000506db      0x809 Output/twi_scanner_pca10040 Debug/Obj/nrf_drv_common.o
                                      0x4b88f (size before relaxing)
 .debug_str     0x0000000000050ee4     0x1c1d Output/twi_scanner_pca10040 Debug/Obj/nrf_drv_twi.o
                                      0x4f338 (size before relaxing)
 .debug_str     0x0000000000052b01     0x14e3 Output/twi_scanner_pca10040 Debug/Obj/nrf_drv_uart.o
                                      0x4ef41 (size before relaxing)
 .debug_str     0x0000000000053fe4      0x924 Output/twi_scanner_pca10040 Debug/Obj/main.o
                                      0x4f795 (size before relaxing)
 .debug_str     0x0000000000054908      0x54e Output/twi_scanner_pca10040 Debug/Obj/SEGGER_RTT.o
                                      0x474d2 (size before relaxing)
 .debug_str     0x0000000000054e56       0x4a Output/twi_scanner_pca10040 Debug/Obj/ses_nRF_Startup.o
                                         0xb1 (size before relaxing)
 .debug_str     0x0000000000054ea0      0x321 Output/twi_scanner_pca10040 Debug/Obj/system_nrf52810.o
                                      0x43894 (size before relaxing)
 .debug_str     0x00000000000551c1       0x4f Output/twi_scanner_pca10040 Debug/Obj/ses_nrf52810_Vectors.o
                                         0xb6 (size before relaxing)

.debug_ranges   0x0000000000000000      0x8b0
 .debug_ranges  0x0000000000000000       0x80 Output/twi_scanner_pca10040 Debug/Obj/thumb_crt0.o
 .debug_ranges  0x0000000000000080       0x48 Output/twi_scanner_pca10040 Debug/Obj/nrf_log_backend_rtt.o
 .debug_ranges  0x00000000000000c8       0x10 Output/twi_scanner_pca10040 Debug/Obj/nrf_log_backend_serial.o
 .debug_ranges  0x00000000000000d8       0x18 Output/twi_scanner_pca10040 Debug/Obj/nrf_log_default_backends.o
 .debug_ranges  0x00000000000000f0      0x138 Output/twi_scanner_pca10040 Debug/Obj/nrf_log_frontend.o
 .debug_ranges  0x0000000000000228       0x28 Output/twi_scanner_pca10040 Debug/Obj/nrf_log_str_formatter.o
 .debug_ranges  0x0000000000000250       0x20 Output/twi_scanner_pca10040 Debug/Obj/app_error.o
 .debug_ranges  0x0000000000000270       0x10 Output/twi_scanner_pca10040 Debug/Obj/app_error_weak.o
 .debug_ranges  0x0000000000000280       0x40 Output/twi_scanner_pca10040 Debug/Obj/app_util_platform.o
 .debug_ranges  0x00000000000002c0       0x10 Output/twi_scanner_pca10040 Debug/Obj/nrf_assert.o
 .debug_ranges  0x00000000000002d0       0x30 Output/twi_scanner_pca10040 Debug/Obj/nrf_balloc.o
 .debug_ranges  0x0000000000000300       0x18 Output/twi_scanner_pca10040 Debug/Obj/nrf_fprintf.o
 .debug_ranges  0x0000000000000318       0x30 Output/twi_scanner_pca10040 Debug/Obj/nrf_fprintf_format.o
 .debug_ranges  0x0000000000000348       0x58 Output/twi_scanner_pca10040 Debug/Obj/nrf_memobj.o
 .debug_ranges  0x00000000000003a0       0x18 Output/twi_scanner_pca10040 Debug/Obj/nrf_strerror.o
 .debug_ranges  0x00000000000003b8       0x28 Output/twi_scanner_pca10040 Debug/Obj/nrf_drv_common.o
 .debug_ranges  0x00000000000003e0      0x1a8 Output/twi_scanner_pca10040 Debug/Obj/nrf_drv_twi.o
 .debug_ranges  0x0000000000000588      0x1d8 Output/twi_scanner_pca10040 Debug/Obj/nrf_drv_uart.o
 .debug_ranges  0x0000000000000760       0x18 Output/twi_scanner_pca10040 Debug/Obj/main.o
 .debug_ranges  0x0000000000000778       0xf8 Output/twi_scanner_pca10040 Debug/Obj/SEGGER_RTT.o
 .debug_ranges  0x0000000000000870       0x40 Output/twi_scanner_pca10040 Debug/Obj/system_nrf52810.o

.debug_frame    0x0000000000000000     0x2338
 .debug_frame   0x0000000000000000       0xbc Output/twi_scanner_pca10040 Debug/Obj/nrf_log_backend_rtt.o
 .debug_frame   0x00000000000000bc       0x38 Output/twi_scanner_pca10040 Debug/Obj/nrf_log_backend_serial.o
 .debug_frame   0x00000000000000f4       0x58 Output/twi_scanner_pca10040 Debug/Obj/nrf_log_default_backends.o
 .debug_frame   0x000000000000014c      0x5a4 Output/twi_scanner_pca10040 Debug/Obj/nrf_log_frontend.o
 .debug_frame   0x00000000000006f0       0xb8 Output/twi_scanner_pca10040 Debug/Obj/nrf_log_str_formatter.o
 .debug_frame   0x00000000000007a8       0x80 Output/twi_scanner_pca10040 Debug/Obj/app_error.o
 .debug_frame   0x0000000000000828       0x3c Output/twi_scanner_pca10040 Debug/Obj/app_error_weak.o
 .debug_frame   0x0000000000000864       0xe8 Output/twi_scanner_pca10040 Debug/Obj/app_util_platform.o
 .debug_frame   0x000000000000094c       0x38 Output/twi_scanner_pca10040 Debug/Obj/nrf_assert.o
 .debug_frame   0x0000000000000984       0xdc Output/twi_scanner_pca10040 Debug/Obj/nrf_balloc.o
 .debug_frame   0x0000000000000a60       0x80 Output/twi_scanner_pca10040 Debug/Obj/nrf_fprintf.o
 .debug_frame   0x0000000000000ae0       0xd8 Output/twi_scanner_pca10040 Debug/Obj/nrf_fprintf_format.o
 .debug_frame   0x0000000000000bb8      0x1b0 Output/twi_scanner_pca10040 Debug/Obj/nrf_memobj.o
 .debug_frame   0x0000000000000d68       0x58 Output/twi_scanner_pca10040 Debug/Obj/nrf_strerror.o
 .debug_frame   0x0000000000000dc0       0x98 Output/twi_scanner_pca10040 Debug/Obj/nrf_drv_common.o
 .debug_frame   0x0000000000000e58      0x724 Output/twi_scanner_pca10040 Debug/Obj/nrf_drv_twi.o
 .debug_frame   0x000000000000157c      0x83c Output/twi_scanner_pca10040 Debug/Obj/nrf_drv_uart.o
 .debug_frame   0x0000000000001db8       0x58 Output/twi_scanner_pca10040 Debug/Obj/main.o
 .debug_frame   0x0000000000001e10      0x49c Output/twi_scanner_pca10040 Debug/Obj/SEGGER_RTT.o
 .debug_frame   0x00000000000022ac       0x8c Output/twi_scanner_pca10040 Debug/Obj/system_nrf52810.o

.debug_pubnames
                0x0000000000000000     0x29f1
 .debug_pubnames
                0x0000000000000000       0xd9 Output/twi_scanner_pca10040 Debug/Obj/nrf_log_backend_rtt.o
 .debug_pubnames
                0x00000000000000d9       0x31 Output/twi_scanner_pca10040 Debug/Obj/nrf_log_backend_serial.o
 .debug_pubnames
                0x000000000000010a       0xea Output/twi_scanner_pca10040 Debug/Obj/nrf_log_default_backends.o
 .debug_pubnames
                0x00000000000001f4      0x59f Output/twi_scanner_pca10040 Debug/Obj/nrf_log_frontend.o
 .debug_pubnames
                0x0000000000000793       0x99 Output/twi_scanner_pca10040 Debug/Obj/nrf_log_str_formatter.o
 .debug_pubnames
                0x000000000000082c       0x82 Output/twi_scanner_pca10040 Debug/Obj/app_error.o
 .debug_pubnames
                0x00000000000008ae       0x2e Output/twi_scanner_pca10040 Debug/Obj/app_error_weak.o
 .debug_pubnames
                0x00000000000008dc      0x204 Output/twi_scanner_pca10040 Debug/Obj/app_util_platform.o
 .debug_pubnames
                0x0000000000000ae0       0x2a Output/twi_scanner_pca10040 Debug/Obj/nrf_assert.o
 .debug_pubnames
                0x0000000000000b0a       0xf4 Output/twi_scanner_pca10040 Debug/Obj/nrf_balloc.o
 .debug_pubnames
                0x0000000000000bfe       0x3f Output/twi_scanner_pca10040 Debug/Obj/nrf_fprintf.o
 .debug_pubnames
                0x0000000000000c3d       0x67 Output/twi_scanner_pca10040 Debug/Obj/nrf_fprintf_format.o
 .debug_pubnames
                0x0000000000000ca4       0xdf Output/twi_scanner_pca10040 Debug/Obj/nrf_memobj.o
 .debug_pubnames
                0x0000000000000d83       0x66 Output/twi_scanner_pca10040 Debug/Obj/nrf_strerror.o
 .debug_pubnames
                0x0000000000000de9       0x71 Output/twi_scanner_pca10040 Debug/Obj/nrf_drv_common.o
 .debug_pubnames
                0x0000000000000e5a      0x9fe Output/twi_scanner_pca10040 Debug/Obj/nrf_drv_twi.o
 .debug_pubnames
                0x0000000000001858      0xbe5 Output/twi_scanner_pca10040 Debug/Obj/nrf_drv_uart.o
 .debug_pubnames
                0x000000000000243d      0x15a Output/twi_scanner_pca10040 Debug/Obj/main.o
 .debug_pubnames
                0x0000000000002597      0x3c3 Output/twi_scanner_pca10040 Debug/Obj/SEGGER_RTT.o
 .debug_pubnames
                0x000000000000295a       0x97 Output/twi_scanner_pca10040 Debug/Obj/system_nrf52810.o

.debug_pubtypes
                0x0000000000000000     0x301d
 .debug_pubtypes
                0x0000000000000000      0x28e Output/twi_scanner_pca10040 Debug/Obj/nrf_log_backend_rtt.o
 .debug_pubtypes
                0x000000000000028e      0x34d Output/twi_scanner_pca10040 Debug/Obj/nrf_log_backend_serial.o
 .debug_pubtypes
                0x00000000000005db      0x257 Output/twi_scanner_pca10040 Debug/Obj/nrf_log_default_backends.o
 .debug_pubtypes
                0x0000000000000832      0x38e Output/twi_scanner_pca10040 Debug/Obj/nrf_log_frontend.o
 .debug_pubtypes
                0x0000000000000bc0      0x25e Output/twi_scanner_pca10040 Debug/Obj/nrf_log_str_formatter.o
 .debug_pubtypes
                0x0000000000000e1e      0x1e2 Output/twi_scanner_pca10040 Debug/Obj/app_error.o
 .debug_pubtypes
                0x0000000000001000      0x208 Output/twi_scanner_pca10040 Debug/Obj/app_error_weak.o
 .debug_pubtypes
                0x0000000000001208      0x1cf Output/twi_scanner_pca10040 Debug/Obj/app_util_platform.o
 .debug_pubtypes
                0x00000000000013d7      0x1b8 Output/twi_scanner_pca10040 Debug/Obj/nrf_assert.o
 .debug_pubtypes
                0x000000000000158f      0x227 Output/twi_scanner_pca10040 Debug/Obj/nrf_balloc.o
 .debug_pubtypes