Archive member included to satisfy reference by file (symbol)

C:/Program Files/SEGGER/SEGGER Embedded Studio for ARM 4.52c/lib/libc_v7em_t_le_eabi.a(libc2.o)
                              Output/ble_app_blinky_pca10040_s132 Debug/Obj/nrf_log_str_formatter.o (isprint)
C:/Program Files/SEGGER/SEGGER Embedded Studio for ARM 4.52c/lib/libc_v7em_t_le_eabi.a(libc2_asm.o)
                              Output/ble_app_blinky_pca10040_s132 Debug/Obj/nrf_log_frontend.o (memcpy)
C:/Program Files/SEGGER/SEGGER Embedded Studio for ARM 4.52c/lib/libc_v7em_t_le_eabi.a(libc.o)
                              C:/Program Files/SEGGER/SEGGER Embedded Studio for ARM 4.52c/lib/libc_v7em_t_le_eabi.a(libc2.o) (__heap_lock)
C:/Program Files/SEGGER/SEGGER Embedded Studio for ARM 4.52c/lib/libc_v7em_t_le_eabi.a(libc_asm.o)
                              C:/Program Files/SEGGER/SEGGER Embedded Studio for ARM 4.52c/lib/libc_v7em_t_le_eabi.a(libc2.o) (__aeabi_uldivmod)
C:/Program Files/SEGGER/SEGGER Embedded Studio for ARM 4.52c/lib/libdebugio_v7em_t_le_eabi.a(libdebugio.o)
                              Output/ble_app_blinky_pca10040_s132 Debug/Obj/thumb_crt0.o (debug_fopen)
C:/Program Files/SEGGER/SEGGER Embedded Studio for ARM 4.52c/lib/libdebugio_mempoll_v7em_t_le_eabi.a(mempoll_debug_operations.o)
                              C:/Program Files/SEGGER/SEGGER Embedded Studio for ARM 4.52c/lib/libdebugio_v7em_t_le_eabi.a(libdebugio.o) (__do_debug_operation)
C:/Program Files/SEGGER/SEGGER Embedded Studio for ARM 4.52c/lib/libdebugio_mempoll_v7em_t_le_eabi.a(do_nv_debug_operation.o)
                              C:/Program Files/SEGGER/SEGGER Embedded Studio for ARM 4.52c/lib/libdebugio_v7em_t_le_eabi.a(libdebugio.o) (__do_nvdebug_operation)
C:/Program Files/SEGGER/SEGGER Embedded Studio for ARM 4.52c/lib/libm_v7em_t_le_eabi.a(libm_asm.o)
                              C:/Program Files/SEGGER/SEGGER Embedded Studio for ARM 4.52c/lib/libc_v7em_t_le_eabi.a(libc2.o) (__aeabi_fadd)
C:/Program Files/SEGGER/SEGGER Embedded Studio for ARM 4.52c/lib/libm_v7em_t_le_eabi.a(libm2.o)
                              C:/Program Files/SEGGER/SEGGER Embedded Studio for ARM 4.52c/lib/libvfprintf_v7em_t_le_eabi.o (frexp)

Discarded input sections

 .text          0x0000000000000000        0x0 Output/ble_app_blinky_pca10040_s132 Debug/Obj/thumb_crt0.o
 .data          0x0000000000000000        0x0 Output/ble_app_blinky_pca10040_s132 Debug/Obj/thumb_crt0.o
 .bss           0x0000000000000000        0x0 Output/ble_app_blinky_pca10040_s132 Debug/Obj/thumb_crt0.o
 .text.__aeabi_read_tp
                0x0000000000000000        0x8 Output/ble_app_blinky_pca10040_s132 Debug/Obj/thumb_crt0.o
 .text.abort    0x0000000000000000        0x2 Output/ble_app_blinky_pca10040_s132 Debug/Obj/thumb_crt0.o
 .text.__assert
                0x0000000000000000        0x2 Output/ble_app_blinky_pca10040_s132 Debug/Obj/thumb_crt0.o
 .text.__assert_func
                0x0000000000000000        0x2 Output/ble_app_blinky_pca10040_s132 Debug/Obj/thumb_crt0.o
 .text.__aeabi_assert
                0x0000000000000000        0x2 Output/ble_app_blinky_pca10040_s132 Debug/Obj/thumb_crt0.o
 .text.__sync_synchronize
                0x0000000000000000        0x2 Output/ble_app_blinky_pca10040_s132 Debug/Obj/thumb_crt0.o
 .text.__getchar
                0x0000000000000000        0x4 Output/ble_app_blinky_pca10040_s132 Debug/Obj/thumb_crt0.o
 .text.__putchar
                0x0000000000000000        0x4 Output/ble_app_blinky_pca10040_s132 Debug/Obj/thumb_crt0.o
 .text.__open   0x0000000000000000        0x4 Output/ble_app_blinky_pca10040_s132 Debug/Obj/thumb_crt0.o
 .text.__close  0x0000000000000000        0x4 Output/ble_app_blinky_pca10040_s132 Debug/Obj/thumb_crt0.o
 .text.__write  0x0000000000000000        0xa Output/ble_app_blinky_pca10040_s132 Debug/Obj/thumb_crt0.o
 .text.__read   0x0000000000000000        0xa Output/ble_app_blinky_pca10040_s132 Debug/Obj/thumb_crt0.o
 .text.__seek   0x0000000000000000       0x1a Output/ble_app_blinky_pca10040_s132 Debug/Obj/thumb_crt0.o
 .bss.__user_locale_name_buffer
                0x0000000000000000        0x4 Output/ble_app_blinky_pca10040_s132 Debug/Obj/thumb_crt0.o
 .stack         0x0000000000000000        0x0 Output/ble_app_blinky_pca10040_s132 Debug/Obj/thumb_crt0.o
 .stack_process
                0x0000000000000000        0x0 Output/ble_app_blinky_pca10040_s132 Debug/Obj/thumb_crt0.o
 .heap          0x0000000000000000        0x0 Output/ble_app_blinky_pca10040_s132 Debug/Obj/thumb_crt0.o
 .group         0x0000000000000000        0xc Output/ble_app_blinky_pca10040_s132 Debug/Obj/nrf_log_backend_rtt.o
 .group         0x0000000000000000        0xc Output/ble_app_blinky_pca10040_s132 Debug/Obj/nrf_log_backend_rtt.o
 .group         0x0000000000000000        0xc Output/ble_app_blinky_pca10040_s132 Debug/Obj/nrf_log_backend_rtt.o
 .group         0x0000000000000000        0xc Output/ble_app_blinky_pca10040_s132 Debug/Obj/nrf_log_backend_rtt.o
[...]
Memory Configuration

Name             Origin             Length             Attributes
UNPLACED_SECTIONS 0x0000000100000000 0x0000000000000000 xw
RAM              0x0000000020000000 0x0000000000006000 xw
FLASH            0x0000000000000000 0x0000000000030000 xw
*default*        0x0000000000000000 0xffffffffffffffff

Linker script and memory map

                0x0000000000000000                __vfprintf = __vfprintf_long
                0x0000000000000000                __vfscanf = __vfscanf_int
                0x0000000020000000                __RAM_segment_start__ = 0x20000000
                0x0000000020006000                __RAM_segment_end__ = 0x20006000
                0x0000000000006000                __RAM_segment_size__ = 0x6000
                0x0000000000000000                __FLASH_segment_start__ = 0x0
                0x0000000000030000                __FLASH_segment_end__ = 0x30000
                0x0000000000030000                __FLASH_segment_size__ = 0x30000
                0x0000000000000200                __HEAPSIZE__ = 0x200
                0x0000000000000000                __STACKSIZE_PROCESS__ = 0x0
                0x0000000000000800                __STACKSIZE__ = 0x800
                0x0000000020000000                __reserved_ram_load_start__ = 0x20000000

.reserved_ram   0x0000000020000000     0x2180
                0x0000000020000000                __reserved_ram_start__ = .
 *(.reserved_ram .reserved_ram.*)
                0x0000000020002180                . = MAX (((__reserved_ram_start__ + 0x20002180) - 0x20000000), .)
 *fill*         0x0000000020000000     0x2180 
                0x0000000020002180                __reserved_ram_end__ = (__reserved_ram_start__ + SIZEOF (.reserved_ram))
                0x0000000000002180                __reserved_ram_size__ = SIZEOF (.reserved_ram)
                0x0000000020002180                __reserved_ram_load_end__ = __reserved_ram_end__
                0x0000000000000001                . = ASSERT (((__reserved_ram_start__ == __reserved_ram_end__) || ((__reserved_ram_end__ - __RAM_segment_start__) <= __RAM_segment_size__)), error: .reserved_ram is too large to fit in RAM memory segment)
                0x0000000020002180                __vectors_ram_load_start__ = 0x20002180

.vectors_ram    0x0000000020002180        0x0
                0x0000000020002180                __vectors_ram_start__ = .
                0x0000000020002180                __app_ram_start__ = __vectors_ram_start__
 *(.vectors_ram .vectors_ram.*)
                0x0000000020002180                __vectors_ram_end__ = (__vectors_ram_start__ + SIZEOF (.vectors_ram))
                0x0000000000000000                __vectors_ram_size__ = SIZEOF (.vectors_ram)
                0x0000000020002180                __vectors_ram_load_end__ = __vectors_ram_end__
                0x0000000000000001                . = ASSERT (((__vectors_ram_start__ == __vectors_ram_end__) || ((__vectors_ram_end__ - __RAM_segment_start__) <= __RAM_segment_size__)), error: .vectors_ram is too large to fit in RAM memory segment)
                0x0000000000000001                . = ASSERT ((__reserved_ram_end__ <= __vectors_ram_start__), error: section .reserved_ram overlaps absolute placed section .vectors_ram)
                0x0000000020002180                __nrf_sections_run_load_start__ = ALIGN (__vectors_ram_end__, 0x4)

.nrf_sections_run
                0x0000000020002180        0x0
                0x0000000020002180                __nrf_sections_run_start__ = .
                0x0000000020002180                __start_nrf_sections_run = __nrf_sections_run_start__
 *(.nrf_sections_run .nrf_sections_run.*)
                0x0000000020002180                __nrf_sections_run_end__ = (__nrf_sections_run_start__ + SIZEOF (.nrf_sections_run))
                0x0000000000000000                __nrf_sections_run_size__ = SIZEOF (.nrf_sections_run)
                0x0000000020002180                __nrf_sections_run_load_end__ = __nrf_sections_run_end__
                0x0000000000000001                . = ASSERT (((__nrf_sections_run_start__ == __nrf_sections_run_end__) || ((__nrf_sections_run_end__ - __RAM_segment_start__) <= __RAM_segment_size__)), error: .nrf_sections_run is too large to fit in RAM memory segment)
                0x0000000000000000                __reserved_flash_load_start__ = 0x0

.reserved_flash
                0x0000000000000000    0x23000
                0x0000000000000000                __reserved_flash_start__ = .
 *(.reserved_flash .reserved_flash.*)
                0x0000000000023000                . = MAX (((__reserved_flash_start__ + 0x23000) - 0x0), .)
 *fill*         0x0000000000000000    0x23000 
                0x0000000000023000                __reserved_flash_end__ = (__reserved_flash_start__ + SIZEOF (.reserved_flash))
                0x0000000000023000                __reserved_flash_size__ = SIZEOF (.reserved_flash)
                0x0000000000023000                __reserved_flash_load_end__ = __reserved_flash_end__
                0x0000000000000001                . = ASSERT (((__reserved_flash_start__ == __reserved_flash_end__) || ((__reserved_flash_end__ - __FLASH_segment_start__) <= __FLASH_segment_size__)), error: .reserved_flash is too large to fit in FLASH memory segment)
                0x0000000000023000                __vectors_load_start__ = 0x23000

.vectors        0x0000000000023000       0xb8
                0x0000000000023000                __vectors_start__ = .
 *(.vectors .vectors.*)
 .vectors       0x0000000000023000       0xb8 Output/ble_app_blinky_pca10040_s132 Debug/Obj/ses_nrf52810_Vectors.o
                0x0000000000023000                _vectors
                0x00000000000230b8                __vectors_end__ = (__vectors_start__ + SIZEOF (.vectors))
                0x00000000000000b8                __vectors_size__ = SIZEOF (.vectors)
                0x00000000000230b8                __vectors_load_end__ = __vectors_end__
                0x0000000000000001                . = ASSERT (((__vectors_start__ == __vectors_end__) || ((__vectors_end__ - __FLASH_segment_start__) <= __FLASH_segment_size__)), error: .vectors is too large to fit in FLASH memory segment)
                0x0000000000000001                . = ASSERT ((__reserved_flash_end__ <= __vectors_start__), error: section .reserved_flash overlaps absolute placed section .vectors)
                0x00000000000230b8                __init_load_start__ = ALIGN (__vectors_end__, 0x4)

.init           0x00000000000230b8      0x1ec
                0x00000000000230b8                __init_start__ = .
 *(.init .init.*)
 .init          0x00000000000230b8      0x15c Output/ble_app_blinky_pca10040_s132 Debug/Obj/thumb_crt0.o
                0x00000000000230b8                _start
                0x000000000002316c                exit
 .init          0x0000000000023214       0x44 Output/ble_app_blinky_pca10040_s132 Debug/Obj/ses_nRF_Startup.o
                0x0000000000023214                Reset_Handler
                0x0000000000023226                InitializeUserMemorySections
 .init          0x0000000000023258       0x4c Output/ble_app_blinky_pca10040_s132 Debug/Obj/ses_nrf52810_Vectors.o
                0x0000000000023258                NMI_Handler
                0x000000000002325a                HardFault_Handler
                0x000000000002325c                MemoryManagement_Handler
                0x000000000002325e                BusFault_Handler
                0x0000000000023260                UsageFault_Handler
                0x0000000000023262                SVC_Handler
                0x0000000000023264                DebugMon_Handler
                0x0000000000023266                PendSV_Handler
                0x0000000000023268                SysTick_Handler
                0x000000000002326e                RADIO_IRQHandler
                0x0000000000023272                TWIM0_TWIS0_IRQHandler
                0x0000000000023274                SPIM0_SPIS0_IRQHandler
                0x0000000000023278                SAADC_IRQHandler
                0x000000000002327a                TIMER0_IRQHandler
                0x000000000002327c                TIMER1_IRQHandler
                0x000000000002327e                TIMER2_IRQHandler
                0x0000000000023280                RTC0_IRQHandler
                0x0000000000023282                TEMP_IRQHandler
                0x0000000000023284                RNG_IRQHandler
                0x0000000000023286                ECB_IRQHandler
                0x0000000000023288                CCM_AAR_IRQHandler
                0x000000000002328a                WDT_IRQHandler
                0x000000000002328e                QDEC_IRQHandler
                0x0000000000023290                COMP_IRQHandler
                0x0000000000023294                SWI1_EGU1_IRQHandler
                0x0000000000023298                SWI3_IRQHandler
                0x000000000002329a                SWI4_IRQHandler
                0x000000000002329c                SWI5_IRQHandler
                0x000000000002329e                PWM0_IRQHandler
                0x00000000000232a0                PDM_IRQHandler
                0x00000000000232a4                __init_end__ = (__init_start__ + SIZEOF (.init))
                0x00000000000001ec                __init_size__ = SIZEOF (.init)
                0x00000000000232a4                __init_load_end__ = __init_end__
                0x0000000000000001                . = ASSERT (((__init_start__ == __init_end__) || ((__init_end__ - __FLASH_segment_start__) <= __FLASH_segment_size__)), error: .init is too large to fit in FLASH memory segment)
                0x00000000000232a4                __init_rodata_load_start__ = ALIGN (__init_end__, 0x4)

.init_rodata    0x00000000000232a4        0x0
                0x00000000000232a4                __init_rodata_start__ = .
 *(.init_rodata .init_rodata.*)
                0x00000000000232a4                __init_rodata_end__ = (__init_rodata_start__ + SIZEOF (.init_rodata))
                0x0000000000000000                __init_rodata_size__ = SIZEOF (.init_rodata)
                0x00000000000232a4                __init_rodata_load_end__ = __init_rodata_end__
                0x0000000000000001                . = ASSERT (((__init_rodata_start__ == __init_rodata_end__) || ((__init_rodata_end__ - __FLASH_segment_start__) <= __FLASH_segment_size__)), error: .init_rodata is too large to fit in FLASH memory segment)
                0x00000000000232a4                __text_load_start__ = ALIGN (__init_rodata_end__, 0x4)

.text           0x00000000000232a4     0x7916
                0x00000000000232a4                __text_start__ = .
 *(.text .text.* .glue_7t .glue_7 .gnu.linkonce.t.* .gcc_except_table .ARM.extab* .gnu.linkonce.armextab.*)
 .glue_7        0x00000000000232a4        0x0 linker stubs
 .glue_7t       0x00000000000232a4        0x0 linker stubs
 .text.nrf_log_backend_serial_put
                0x00000000000232a4      0x14c Output/ble_app_blinky_pca10040_s132 Debug/Obj/nrf_log_backend_serial.o
                0x00000000000232a4                nrf_log_backend_serial_put
 .text.uart_evt_handler
                0x00000000000233f0       0x18 Output/ble_app_blinky_pca10040_s132 Debug/Obj/nrf_log_backend_uart.o
 .text.uart_init
                0x0000000000023408       0x88 Output/ble_app_blinky_pca10040_s132 Debug/Obj/nrf_log_backend_uart.o
 .text.nrf_log_backend_uart_init
                0x0000000000023490       0x1c Output/ble_app_blinky_pca10040_s132 Debug/Obj/nrf_log_backend_uart.o
                0x0000000000023490                nrf_log_backend_uart_init
 .text.serial_tx
                0x00000000000234ac       0x6c Output/ble_app_blinky_pca10040_s132 Debug/Obj/nrf_log_backend_uart.o
 .text.nrf_log_backend_uart_put
                0x0000000000023518       0x28 Output/ble_app_blinky_pca10040_s132 Debug/Obj/nrf_log_backend_uart.o
 .text.nrf_log_backend_uart_flush
                0x0000000000023540        0xa Output/ble_app_blinky_pca10040_s132 Debug/Obj/nrf_log_backend_uart.o
 *fill*         0x000000000002354a        0x2 
 .text.nrf_log_backend_uart_panic_set
                0x000000000002354c       0x20 Output/ble_app_blinky_pca10040_s132 Debug/Obj/nrf_log_backend_uart.o
 .text.nrf_log_backend_enable
                0x000000000002356c       0x10 Output/ble_app_blinky_pca10040_s132 Debug/Obj/nrf_log_default_backends.o
 .text.nrf_log_default_backends_init
                0x000000000002357c       0x3c Output/ble_app_blinky_pca10040_s132 Debug/Obj/nrf_log_default_backends.o
                0x000000000002357c                nrf_log_default_backends_init
 .text.nrf_log_backend_put
                0x00000000000235b8       0x1c Output/ble_app_blinky_pca10040_s132 Debug/Obj/nrf_log_frontend.o
 .text.nrf_log_backend_panic_set
                0x00000000000235d4       0x18 Output/ble_app_blinky_pca10040_s132 Debug/Obj/nrf_log_frontend.o
 .text.nrf_log_backend_id_set
                0x00000000000235ec       0x18 Output/ble_app_blinky_pca10040_s132 Debug/Obj/nrf_log_frontend.o
 .text.nrf_log_backend_id_get
                0x0000000000023604        0xe Output/ble_app_blinky_pca10040_s132 Debug/Obj/nrf_log_frontend.o
 .text.nrf_log_backend_enable
                0x0000000000023612       0x10 Output/ble_app_blinky_pca10040_s132 Debug/Obj/nrf_log_frontend.o
 .text.nrf_log_backend_is_enabled
                0x0000000000023622        0xe Output/ble_app_blinky_pca10040_s132 Debug/Obj/nrf_log_frontend.o
 .text.nrf_atomic_u32_or
                0x0000000000023630       0x2e Output/ble_app_blinky_pca10040_s132 Debug/Obj/nrf_log_frontend.o
 .text.nrf_atomic_u32_fetch_and
                0x000000000002365e       0x2e Output/ble_app_blinky_pca10040_s132 Debug/Obj/nrf_log_frontend.o
 .text.nrf_atomic_flag_set
                0x000000000002368c       0x18 Output/ble_app_blinky_pca10040_s132 Debug/Obj/nrf_log_frontend.o
 .text.nrf_atomic_flag_clear_fetch
                0x00000000000236a4       0x18 Output/ble_app_blinky_pca10040_s132 Debug/Obj/nrf_log_frontend.o
 .text.nrf_log_init
                0x00000000000236bc       0x98 Output/ble_app_blinky_pca10040_s132 Debug/Obj/nrf_log_frontend.o
                0x00000000000236bc                nrf_log_init
 .text.nrf_log_module_cnt_get
                0x0000000000023754       0x14 Output/ble_app_blinky_pca10040_s132 Debug/Obj/nrf_log_frontend.o
                0x0000000000023754                nrf_log_module_cnt_get
 .text.module_idx_get
                0x0000000000023768       0x6c Output/ble_app_blinky_pca10040_s132 Debug/Obj/nrf_log_frontend.o
 .text.nrf_log_module_name_get
                0x00000000000237d4       0x40 Output/ble_app_blinky_pca10040_s132 Debug/Obj/nrf_log_frontend.o
                0x00000000000237d4                nrf_log_module_name_get
 .text.nrf_log_color_id_get
                0x0000000000023814       0x70 Output/ble_app_blinky_pca10040_s132 Debug/Obj/nrf_log_frontend.o
                0x0000000000023814                nrf_log_color_id_get
 .text.log_skip
                0x0000000000023884      0x11c Output/ble_app_blinky_pca10040_s132 Debug/Obj/nrf_log_frontend.o
 .text.std_header_set
                0x00000000000239a0       0xb8 Output/ble_app_blinky_pca10040_s132 Debug/Obj/nrf_log_frontend.o
 .text.buf_prealloc
                0x0000000000023a58       0xb4 Output/ble_app_blinky_pca10040_s132 Debug/Obj/nrf_log_frontend.o
 .text.std_n    0x0000000000023b0c       0x90 Output/ble_app_blinky_pca10040_s132 Debug/Obj/nrf_log_frontend.o
 .text.nrf_log_frontend_std_0
                0x0000000000023b9c       0x1c Output/ble_app_blinky_pca10040_s132 Debug/Obj/nrf_log_frontend.o
                0x0000000000023b9c                nrf_log_frontend_std_0
 .text.nrf_log_frontend_std_1
                0x0000000000023bb8       0x22 Output/ble_app_blinky_pca10040_s132 Debug/Obj/nrf_log_frontend.o
                0x0000000000023bb8                nrf_log_frontend_std_1
 .text.nrf_log_frontend_std_2
                0x0000000000023bda       0x28 Output/ble_app_blinky_pca10040_s132 Debug/Obj/nrf_log_frontend.o
                0x0000000000023bda                nrf_log_frontend_std_2
 .text.nrf_log_frontend_std_4
                0x0000000000023c02       0x30 Output/ble_app_blinky_pca10040_s132 Debug/Obj/nrf_log_frontend.o
                0x0000000000023c02                nrf_log_frontend_std_4
 *fill*         0x0000000000023c32        0x2 
 .text.buffer_is_empty
                0x0000000000023c34       0x1c Output/ble_app_blinky_pca10040_s132 Debug/Obj/nrf_log_frontend.o
                0x0000000000023c34                buffer_is_empty
 .text.nrf_log_frontend_dequeue
                0x0000000000023c50      0x384 Output/ble_app_blinky_pca10040_s132 Debug/Obj/nrf_log_frontend.o
                0x0000000000023c50                nrf_log_frontend_dequeue
 .text.backend_id_assign
                0x0000000000023fd4       0x68 Output/ble_app_blinky_pca10040_s132 Debug/Obj/nrf_log_frontend.o
 .text.nrf_log_backend_add
                0x000000000002403c       0x68 Output/ble_app_blinky_pca10040_s132 Debug/Obj/nrf_log_frontend.o
                0x000000000002403c                nrf_log_backend_add
 .text.nrf_log_panic
                0x00000000000240a4       0x3c Output/ble_app_blinky_pca10040_s132 Debug/Obj/nrf_log_frontend.o
                0x00000000000240a4                nrf_log_panic
 .text.prefix_process
                0x00000000000240e0       0x80 Output/ble_app_blinky_pca10040_s132 Debug/Obj/nrf_log_str_formatter.o
 .text.postfix_process
                0x0000000000024160       0x68 Output/ble_app_blinky_pca10040_s132 Debug/Obj/nrf_log_str_formatter.o
 .text.nrf_log_std_entry_process
                0x00000000000241c8      0x144 Output/ble_app_blinky_pca10040_s132 Debug/Obj/nrf_log_str_formatter.o
                0x00000000000241c8                nrf_log_std_entry_process
 .text.nrf_log_hexdump_entry_process
                0x000000000002430c       0xe8 Output/ble_app_blinky_pca10040_s132 Debug/Obj/nrf_log_str_formatter.o
                0x000000000002430c                nrf_log_hexdump_entry_process
 .text.app_error_handler
                0x00000000000243f4       0x30 Output/ble_app_blinky_pca10040_s132 Debug/Obj/app_error.o
                0x00000000000243f4                app_error_handler
 .text.app_error_save_and_stop
                0x0000000000024424       0x9c Output/ble_app_blinky_pca10040_s132 Debug/Obj/app_error.o
                0x0000000000024424                app_error_save_and_stop
 .text.app_error_fault_handler
                0x00000000000244c0      0x128 Output/ble_app_blinky_pca10040_s132 Debug/Obj/app_error_weak.o
                0x00000000000244c0                app_error_fault_handler
 .text.NVIC_EnableIRQ
                0x00000000000245e8       0x2c Output/ble_app_blinky_pca10040_s132 Debug/Obj/app_timer.o
 .text.NVIC_DisableIRQ
                0x0000000000024614       0x30 Output/ble_app_blinky_pca10040_s132 Debug/Obj/app_timer.o
 .text.NVIC_SetPendingIRQ
                0x0000000000024644       0x30 Output/ble_app_blinky_pca10040_s132 Debug/Obj/app_timer.o
 .text.NVIC_ClearPendingIRQ
                0x0000000000024674       0x30 Output/ble_app_blinky_pca10040_s132 Debug/Obj/app_timer.o
 .text.NVIC_SetPriority
                0x00000000000246a4       0x50 Output/ble_app_blinky_pca10040_s132 Debug/Obj/app_timer.o
 .text.nrf_delay_us
                0x00000000000246f4       0xa0 Output/ble_app_blinky_pca10040_s132 Debug/Obj/app_timer.o
 .text.rtc1_init
                0x0000000000024794       0x24 Output/ble_app_blinky_pca10040_s132 Debug/Obj/app_timer.o
 .text.rtc1_start
                0x00000000000247b8       0x40 Output/ble_app_blinky_pca10040_s132 Debug/Obj/app_timer.o
 .text.rtc1_stop
                0x00000000000247f8       0x50 Output/ble_app_blinky_pca10040_s132 Debug/Obj/app_timer.o
 .text.rtc1_counter_get
                0x0000000000024848       0x10 Output/ble_app_blinky_pca10040_s132 Debug/Obj/app_timer.o
 .text.ticks_diff_get
                0x0000000000024858       0x16 Output/ble_app_blinky_pca10040_s132 Debug/Obj/app_timer.o
 *fill*         0x000000000002486e        0x2 
 .text.rtc1_compare0_set
                0x0000000000024870       0x18 Output/ble_app_blinky_pca10040_s132 Debug/Obj/app_timer.o
 .text.timer_list_insert
                0x0000000000024888       0xac Output/ble_app_blinky_pca10040_s132 Debug/Obj/app_timer.o
 .text.timer_list_remove
                0x0000000000024934       0xc0 Output/ble_app_blinky_pca10040_s132 Debug/Obj/app_timer.o
 .text.timer_timeouts_check_sched
                0x00000000000249f4        0xc Output/ble_app_blinky_pca10040_s132 Debug/Obj/app_timer.o
 .text.timer_list_handler_sched
                0x0000000000024a00        0xc Output/ble_app_blinky_pca10040_s132 Debug/Obj/app_timer.o
 .text.timeout_handler_exec
                0x0000000000024a0c       0x1a Output/ble_app_blinky_pca10040_s132 Debug/Obj/app_timer.o
 *fill*         0x0000000000024a26        0x2 
 .text.timer_timeouts_check
                0x0000000000024a28       0xc8 Output/ble_app_blinky_pca10040_s132 Debug/Obj/app_timer.o
 .text.elapsed_ticks_acquire
                0x0000000000024af0       0x78 Output/ble_app_blinky_pca10040_s132 Debug/Obj/app_timer.o
 .text.expired_timers_handler
                0x0000000000024b68       0x94 Output/ble_app_blinky_pca10040_s132 Debug/Obj/app_timer.o
 .text.list_insertions_handler
                0x0000000000024bfc      0x1bc Output/ble_app_blinky_pca10040_s132 Debug/Obj/app_timer.o
 .text.compare_reg_update
                0x0000000000024db8       0xb0 Output/ble_app_blinky_pca10040_s132 Debug/Obj/app_timer.o
 .text.timer_list_handler
                0x0000000000024e68       0x80 Output/ble_app_blinky_pca10040_s132 Debug/Obj/app_timer.o
 .text.user_op_enque
                0x0000000000024ee8       0x1c Output/ble_app_blinky_pca10040_s132 Debug/Obj/app_timer.o
 .text.user_op_alloc
                0x0000000000024f04       0x5c Output/ble_app_blinky_pca10040_s132 Debug/Obj/app_timer.o
 .text.timer_start_op_schedule
                0x0000000000024f60       0x88 Output/ble_app_blinky_pca10040_s132 Debug/Obj/app_timer.o
 .text.timer_stop_op_schedule
                0x0000000000024fe8       0x6e Output/ble_app_blinky_pca10040_s132 Debug/Obj/app_timer.o
 *fill*         0x0000000000025056        0x2 
 .text.RTC1_IRQHandler
                0x0000000000025058       0x40 Output/ble_app_blinky_pca10040_s132 Debug/Obj/app_timer.o
                0x0000000000025058                RTC1_IRQHandler
 .text.SWI0_EGU0_IRQHandler
                0x0000000000025098        0xa Output/ble_app_blinky_pca10040_s132 Debug/Obj/app_timer.o
                0x0000000000025098                SWI0_EGU0_IRQHandler
 *fill*         0x00000000000250a2        0x2 
 .text.app_timer_init
                0x00000000000250a4       0x68 Output/ble_app_blinky_pca10040_s132 Debug/Obj/app_timer.o
                0x00000000000250a4                app_timer_init
 .text.app_timer_create
                0x000000000002510c       0x60 Output/ble_app_blinky_pca10040_s132 Debug/Obj/app_timer.o
                0x000000000002510c                app_timer_create
 .text.app_timer_start
                0x000000000002516c       0x64 Output/ble_app_blinky_pca10040_s132 Debug/Obj/app_timer.o
                0x000000000002516c                app_timer_start
 .text.app_timer_stop
                0x00000000000251d0       0x44 Output/ble_app_blinky_pca10040_s132 Debug/Obj/app_timer.o
                0x00000000000251d0                app_timer_stop
 .text.__sd_nvic_irq_disable
                0x0000000000025214       0x18 Output/ble_app_blinky_pca10040_s132 Debug/Obj/app_util_platform.o
 .text.__sd_nvic_irq_enable
                0x000000000002522c        0x8 Output/ble_app_blinky_pca10040_s132 Debug/Obj/app_util_platform.o
 .text.sd_nvic_critical_region_enter
                0x0000000000025234       0x74 Output/ble_app_blinky_pca10040_s132 Debug/Obj/app_util_platform.o
 .text.sd_nvic_critical_region_exit
                0x00000000000252a8       0x54 Output/ble_app_blinky_pca10040_s132 Debug/Obj/app_util_platform.o
 .text.app_util_critical_region_enter
                0x00000000000252fc       0x2c Output/ble_app_blinky_pca10040_s132 Debug/Obj/app_util_platform.o
                0x00000000000252fc                app_util_critical_region_enter
 .text.app_util_critical_region_exit
                0x0000000000025328       0x34 Output/ble_app_blinky_pca10040_s132 Debug/Obj/app_util_platform.o
                0x0000000000025328                app_util_critical_region_exit
 .text.privilege_level_get
                0x000000000002535c       0x3a Output/ble_app_blinky_pca10040_s132 Debug/Obj/app_util_platform.o
                0x000000000002535c                privilege_level_get
 *fill*         0x0000000000025396        0x2 
 .text.nrf_balloc_idx2block
                0x0000000000025398       0x38 Output/ble_app_blinky_pca10040_s132 Debug/Obj/nrf_balloc.o
 .text.nrf_balloc_block2idx
                0x00000000000253d0       0x34 Output/ble_app_blinky_pca10040_s132 Debug/Obj/nrf_balloc.o
 .text.nrf_balloc_init
                0x0000000000025404       0xb0 Output/ble_app_blinky_pca10040_s132 Debug/Obj/nrf_balloc.o
                0x0000000000025404                nrf_balloc_init
 .text.nrf_balloc_alloc
                0x00000000000254b4       0x90 Output/ble_app_blinky_pca10040_s132 Debug/Obj/nrf_balloc.o
                0x00000000000254b4                nrf_balloc_alloc
 .text.nrf_balloc_free
                0x0000000000025544       0x68 Output/ble_app_blinky_pca10040_s132 Debug/Obj/nrf_balloc.o
                0x0000000000025544                nrf_balloc_free
 .text.nrf_fprintf_buffer_flush
                0x00000000000255ac       0x44 Output/ble_app_blinky_pca10040_s132 Debug/Obj/nrf_fprintf.o
                0x00000000000255ac                nrf_fprintf_buffer_flush
 .text.nrf_fprintf
                0x00000000000255f0       0x74 Output/ble_app_blinky_pca10040_s132 Debug/Obj/nrf_fprintf.o
                0x00000000000255f0                nrf_fprintf
 .text.buffer_add
                0x0000000000025664       0x3c Output/ble_app_blinky_pca10040_s132 Debug/Obj/nrf_fprintf_format.o
 .text.string_print
                0x00000000000256a0       0xc2 Output/ble_app_blinky_pca10040_s132 Debug/Obj/nrf_fprintf_format.o
 *fill*         0x0000000000025762        0x2 
 .text.unsigned_print
                0x0000000000025764      0x130 Output/ble_app_blinky_pca10040_s132 Debug/Obj/nrf_fprintf_format.o
 .text.int_print
                0x0000000000025894      0x11c Output/ble_app_blinky_pca10040_s132 Debug/Obj/nrf_fprintf_format.o
 .text.nrf_fprintf_fmt
                0x00000000000259b0      0x388 Output/ble_app_blinky_pca10040_s132 Debug/Obj/nrf_fprintf_format.o
                0x00000000000259b0                nrf_fprintf_fmt
 .text.nrf_atomic_u32_add
                0x0000000000025d38       0x2e Output/ble_app_blinky_pca10040_s132 Debug/Obj/nrf_memobj.o
 .text.nrf_atomic_u32_sub
                0x0000000000025d66       0x2e Output/ble_app_blinky_pca10040_s132 Debug/Obj/nrf_memobj.o
 .text.nrf_memobj_pool_init
                0x0000000000025d94       0x16 Output/ble_app_blinky_pca10040_s132 Debug/Obj/nrf_memobj.o
                0x0000000000025d94                nrf_memobj_pool_init
 .text.nrf_memobj_alloc
                0x0000000000025daa       0xae Output/ble_app_blinky_pca10040_s132 Debug/Obj/nrf_memobj.o
                0x0000000000025daa                nrf_memobj_alloc
 .text.nrf_memobj_free
                0x0000000000025e58       0x74 Output/ble_app_blinky_pca10040_s132 Debug/Obj/nrf_memobj.o
                0x0000000000025e58                nrf_memobj_free
 .text.nrf_memobj_get
                0x0000000000025ecc       0x1e Output/ble_app_blinky_pca10040_s132 Debug/Obj/nrf_memobj.o
                0x0000000000025ecc                nrf_memobj_get
 .text.nrf_memobj_put
                0x0000000000025eea       0x34 Output/ble_app_blinky_pca10040_s132 Debug/Obj/nrf_memobj.o
                0x0000000000025eea                nrf_memobj_put
 *fill*         0x0000000000025f1e        0x2 
 .text.memobj_op
                0x0000000000025f20      0x104 Output/ble_app_blinky_pca10040_s132 Debug/Obj/nrf_memobj.o
 .text.nrf_memobj_write
                0x0000000000026024       0x24 Output/ble_app_blinky_pca10040_s132 Debug/Obj/nrf_memobj.o
                0x0000000000026024                nrf_memobj_write
 .text.nrf_memobj_read
                0x0000000000026048       0x24 Output/ble_app_blinky_pca10040_s132 Debug/Obj/nrf_memobj.o
                0x0000000000026048                nrf_memobj_read
 .text.nrf_section_iter_init
                0x000000000002606c       0x54 Output/ble_app_blinky_pca10040_s132 Debug/Obj/nrf_section_iter.o
                0x000000000002606c                nrf_section_iter_init
 .text.nrf_section_iter_next
                0x00000000000260c0       0x64 Output/ble_app_blinky_pca10040_s132 Debug/Obj/nrf_section_iter.o
                0x00000000000260c0                nrf_section_iter_next
 .text.nrf_strerror_get
                0x0000000000026124       0x28 Output/ble_app_blinky_pca10040_s132 Debug/Obj/nrf_strerror.o
                0x0000000000026124                nrf_strerror_get
 .text.nrf_strerror_find
                0x000000000002614c       0x68 Output/ble_app_blinky_pca10040_s132 Debug/Obj/nrf_strerror.o
                0x000000000002614c                nrf_strerror_find
 .text.sdk_mapped_flags_set_by_index
                0x00000000000261b4       0x24 Output/ble_app_blinky_pca10040_s132 Debug/Obj/sdk_mapped_flags.o
 .text.sdk_mapped_flags_clear_by_index
                0x00000000000261d8       0x26 Output/ble_app_blinky_pca10040_s132 Debug/Obj/sdk_mapped_flags.o
 .text.sdk_mapped_flags_get_by_index
                0x00000000000261fe       0x2a Output/ble_app_blinky_pca10040_s132 Debug/Obj/sdk_mapped_flags.o
 .text.sdk_mapped_flags_first_key_index_get
                0x0000000000026228       0x44 Output/ble_app_blinky_pca10040_s132 Debug/Obj/sdk_mapped_flags.o
                0x0000000000026228                sdk_mapped_flags_first_key_index_get
 .text.sdk_mapped_flags_update_by_key
                0x000000000002626c       0x36 Output/ble_app_blinky_pca10040_s132 Debug/Obj/sdk_mapped_flags.o
                0x000000000002626c                sdk_mapped_flags_update_by_key
 .text.sdk_mapped_flags_bulk_update_by_key
                0x00000000000262a2       0x92 Output/ble_app_blinky_pca10040_s132 Debug/Obj/sdk_mapped_flags.o
                0x00000000000262a2                sdk_mapped_flags_bulk_update_by_key
 .text.sdk_mapped_flags_key_list_get
                0x0000000000026334       0x68 Output/ble_app_blinky_pca10040_s132 Debug/Obj/sdk_mapped_flags.o
                0x0000000000026334                sdk_mapped_flags_key_list_get
 .text.nrf_gpio_pin_port_decode
                0x000000000002639c       0x28 Output/ble_app_blinky_pca10040_s132 Debug/Obj/boards.o
 .text.nrf_gpio_cfg
                0x00000000000263c4       0x62 Output/ble_app_blinky_pca10040_s132 Debug/Obj/boards.o
 .text.nrf_gpio_cfg_output
                0x0000000000026426       0x22 Output/ble_app_blinky_pca10040_s132 Debug/Obj/boards.o
 .text.nrf_gpio_pin_set
                0x0000000000026448       0x28 Output/ble_app_blinky_pca10040_s132 Debug/Obj/boards.o
 .text.nrf_gpio_pin_clear
                0x0000000000026470       0x28 Output/ble_app_blinky_pca10040_s132 Debug/Obj/boards.o
 .text.nrf_gpio_pin_write
                0x0000000000026498       0x24 Output/ble_app_blinky_pca10040_s132 Debug/Obj/boards.o
 .text.nrf_gpio_port_out_set
                0x00000000000264bc       0x14 Output/ble_app_blinky_pca10040_s132 Debug/Obj/boards.o
 .text.nrf_gpio_port_out_clear
                0x00000000000264d0       0x14 Output/ble_app_blinky_pca10040_s132 Debug/Obj/boards.o
 .text.bsp_board_led_on
                0x00000000000264e4       0x34 Output/ble_app_blinky_pca10040_s132 Debug/Obj/boards.o
                0x00000000000264e4                bsp_board_led_on
 .text.bsp_board_led_off
                0x0000000000026518       0x34 Output/ble_app_blinky_pca10040_s132 Debug/Obj/boards.o
                0x0000000000026518                bsp_board_led_off
 .text.bsp_board_leds_off
                0x000000000002654c       0x26 Output/ble_app_blinky_pca10040_s132 Debug/Obj/boards.o
                0x000000000002654c                bsp_board_leds_off
 *fill*         0x0000000000026572        0x2 
 .text.bsp_board_leds_init
                0x0000000000026574       0x34 Output/ble_app_blinky_pca10040_s132 Debug/Obj/boards.o
                0x0000000000026574                bsp_board_leds_init
 .text.NVIC_DisableIRQ
                0x00000000000265a8       0x30 Output/ble_app_blinky_pca10040_s132 Debug/Obj/nrf_drv_clock.o
 .text.nrf_clock_int_disable
                0x00000000000265d8       0x14 Output/ble_app_blinky_pca10040_s132 Debug/Obj/nrf_drv_clock.o
 .text.nrf_clock_task_trigger
                0x00000000000265ec       0x1a Output/ble_app_blinky_pca10040_s132 Debug/Obj/nrf_drv_clock.o
 .text.nrf_clock_event_clear
                0x0000000000026606       0x28 Output/ble_app_blinky_pca10040_s132 Debug/Obj/nrf_drv_clock.o
 .text.nrf_clock_event_check
                0x000000000002662e       0x22 Output/ble_app_blinky_pca10040_s132 Debug/Obj/nrf_drv_clock.o
 .text.nrf_clock_lf_src_set
                0x0000000000026650       0x1e Output/ble_app_blinky_pca10040_s132 Debug/Obj/nrf_drv_clock.o
 .text.nrf_clock_lf_is_running
                0x000000000002666e       0x1c Output/ble_app_blinky_pca10040_s132 Debug/Obj/nrf_drv_clock.o
 *fill*         0x000000000002668a        0x2 
 .text.nrf_drv_common_irq_enable_check
                0x000000000002668c       0x38 Output/ble_app_blinky_pca10040_s132 Debug/Obj/nrf_drv_clock.o
 .text.nrf_drv_common_power_clock_irq_init
                0x00000000000266c4       0x20 Output/ble_app_blinky_pca10040_s132 Debug/Obj/nrf_drv_clock.o
 .text.lfclk_stop
                0x00000000000266e4       0x40 Output/ble_app_blinky_pca10040_s132 Debug/Obj/nrf_drv_clock.o
 .text.nrf_drv_clock_init
                0x0000000000026724       0x5c Output/ble_app_blinky_pca10040_s132 Debug/Obj/nrf_drv_clock.o
                0x0000000000026724                nrf_drv_clock_init
 .text.item_dequeue
                0x0000000000026780       0x20 Output/ble_app_blinky_pca10040_s132 Debug/Obj/nrf_drv_clock.o
 .text.nrf_drv_clock_lfclk_release
                0x00000000000267a0       0x68 Output/ble_app_blinky_pca10040_s132 Debug/Obj/nrf_drv_clock.o
                0x00000000000267a0                nrf_drv_clock_lfclk_release
 .text.clock_clk_started_notify
                0x0000000000026808       0x4c Output/ble_app_blinky_pca10040_s132 Debug/Obj/nrf_drv_clock.o
 .text.POWER_CLOCK_IRQHandler
                0x0000000000026854       0x5c Output/ble_app_blinky_pca10040_s132 Debug/Obj/nrf_drv_clock.o
                0x0000000000026854                POWER_CLOCK_IRQHandler
 .text.soc_evt_handler
                0x00000000000268b0       0x1c Output/ble_app_blinky_pca10040_s132 Debug/Obj/nrf_drv_clock.o
 .text.sd_state_evt_handler
                0x00000000000268cc       0x9c Output/ble_app_blinky_pca10040_s132 Debug/Obj/nrf_drv_clock.o
 .text.NVIC_EnableIRQ
                0x0000000000026968       0x2c Output/ble_app_blinky_pca10040_s132 Debug/Obj/nrf_drv_common.o
 .text.NVIC_ClearPendingIRQ
                0x0000000000026994       0x30 Output/ble_app_blinky_pca10040_s132 Debug/Obj/nrf_drv_common.o
 .text.NVIC_SetPriority
                0x00000000000269c4       0x50 Output/ble_app_blinky_pca10040_s132 Debug/Obj/nrf_drv_common.o
 .text.nrf_drv_common_irq_enable
                0x0000000000026a14       0x6c Output/ble_app_blinky_pca10040_s132 Debug/Obj/nrf_drv_common.o
                0x0000000000026a14                nrf_drv_common_irq_enable
 .text.nrf_gpiote_event_is_set
                0x0000000000026a80       0x2a Output/ble_app_blinky_pca10040_s132 Debug/Obj/nrf_drv_gpiote.o
 .text.nrf_gpiote_event_clear
                0x0000000000026aaa       0x36 Output/ble_app_blinky_pca10040_s132 Debug/Obj/nrf_drv_gpiote.o
 .text.nrf_gpiote_event_addr_get
                0x0000000000026ae0       0x1a Output/ble_app_blinky_pca10040_s132 Debug/Obj/nrf_drv_gpiote.o
 *fill*         0x0000000000026afa        0x2 
 .text.nrf_gpiote_int_is_enabled
                0x0000000000026afc       0x18 Output/ble_app_blinky_pca10040_s132 Debug/Obj/nrf_drv_gpiote.o
 .text.nrf_gpiote_event_pin_get
                0x0000000000026b14       0x20 Output/ble_app_blinky_pca10040_s132 Debug/Obj/nrf_drv_gpiote.o
 .text.nrf_gpiote_event_polarity_get
                0x0000000000026b34       0x24 Output/ble_app_blinky_pca10040_s132 Debug/Obj/nrf_drv_gpiote.o
 .text.nrf_gpio_pin_port_decode
                0x0000000000026b58       0x28 Output/ble_app_blinky_pca10040_s132 Debug/Obj/nrf_drv_gpiote.o
 .text.nrf_gpio_cfg_sense_set
                0x0000000000026b80       0x5c Output/ble_app_blinky_pca10040_s132 Debug/Obj/nrf_drv_gpiote.o
 .text.nrf_gpio_pin_sense_get
                0x0000000000026bdc       0x2c Output/ble_app_blinky_pca10040_s132 Debug/Obj/nrf_drv_gpiote.o
 .text.nrf_gpio_port_in_read
                0x0000000000026c08       0x10 Output/ble_app_blinky_pca10040_s132 Debug/Obj/nrf_drv_gpiote.o
 .text.nrf_gpio_ports_read
                0x0000000000026c18       0x68 Output/ble_app_blinky_pca10040_s132 Debug/Obj/nrf_drv_gpiote.o
 .text.nrf_bitmask_bit_is_set
                0x0000000000026c80       0x30 Output/ble_app_blinky_pca10040_s132 Debug/Obj/nrf_drv_gpiote.o
 .text.nrf_bitmask_bit_set
                0x0000000000026cb0       0x40 Output/ble_app_blinky_pca10040_s132 Debug/Obj/nrf_drv_gpiote.o
 .text.channel_port_get
                0x0000000000026cf0       0x1c Output/ble_app_blinky_pca10040_s132 Debug/Obj/nrf_drv_gpiote.o
 .text.channel_handler_get
                0x0000000000026d0c       0x18 Output/ble_app_blinky_pca10040_s132 Debug/Obj/nrf_drv_gpiote.o
 .text.GPIOTE_IRQHandler
                0x0000000000026d24      0x2e0 Output/ble_app_blinky_pca10040_s132 Debug/Obj/nrf_drv_gpiote.o
                0x0000000000026d24                GPIOTE_IRQHandler
 .text.NVIC_DisableIRQ
                0x0000000000027004       0x30 Output/ble_app_blinky_pca10040_s132 Debug/Obj/nrf_drv_uart.o
 .text.nrf_uarte_event_clear
                0x0000000000027034       0x2a Output/ble_app_blinky_pca10040_s132 Debug/Obj/nrf_drv_uart.o
 .text.nrf_uarte_event_check
                0x000000000002705e       0x24 Output/ble_app_blinky_pca10040_s132 Debug/Obj/nrf_drv_uart.o
 .text.nrf_uarte_shorts_disable
                0x0000000000027082       0x1e Output/ble_app_blinky_pca10040_s132 Debug/Obj/nrf_drv_uart.o
 .text.nrf_uarte_int_enable
                0x00000000000270a0       0x14 Output/ble_app_blinky_pca10040_s132 Debug/Obj/nrf_drv_uart.o
 .text.nrf_uarte_int_disable
                0x00000000000270b4       0x14 Output/ble_app_blinky_pca10040_s132 Debug/Obj/nrf_drv_uart.o
 .text.nrf_uarte_errorsrc_get_and_clear
                0x00000000000270c8       0x1c Output/ble_app_blinky_pca10040_s132 Debug/Obj/nrf_drv_uart.o
 .text.nrf_uarte_enable
                0x00000000000270e4       0x12 Output/ble_app_blinky_pca10040_s132 Debug/Obj/nrf_drv_uart.o
 .text.nrf_uarte_disable
                0x00000000000270f6       0x12 Output/ble_app_blinky_pca10040_s132 Debug/Obj/nrf_drv_uart.o
 .text.nrf_uarte_txrx_pins_set
                0x0000000000027108       0x1e Output/ble_app_blinky_pca10040_s132 Debug/Obj/nrf_drv_uart.o
 .text.nrf_uarte_txrx_pins_disconnect
                0x0000000000027126       0x1c Output/ble_app_blinky_pca10040_s132 Debug/Obj/nrf_drv_uart.o
 .text.nrf_uarte_tx_pin_get
                0x0000000000027142       0x10 Output/ble_app_blinky_pca10040_s132 Debug/Obj/nrf_drv_uart.o
 .text.nrf_uarte_rx_pin_get
                0x0000000000027152       0x10 Output/ble_app_blinky_pca10040_s132 Debug/Obj/nrf_drv_uart.o
 .text.nrf_uarte_rts_pin_get
                0x0000000000027162       0x10 Output/ble_app_blinky_pca10040_s132 Debug/Obj/nrf_drv_uart.o
 .text.nrf_uarte_cts_pin_get
                0x0000000000027172       0x10 Output/ble_app_blinky_pca10040_s132 Debug/Obj/nrf_drv_uart.o
 .text.nrf_uarte_hwfc_pins_set
                0x0000000000027182       0x1e Output/ble_app_blinky_pca10040_s132 Debug/Obj/nrf_drv_uart.o
 .text.nrf_uarte_hwfc_pins_disconnect
                0x00000000000271a0       0x1c Output/ble_app_blinky_pca10040_s132 Debug/Obj/nrf_drv_uart.o
 .text.nrf_uarte_task_trigger
                0x00000000000271bc       0x1c Output/ble_app_blinky_pca10040_s132 Debug/Obj/nrf_drv_uart.o
 .text.nrf_uarte_configure
                0x00000000000271d8       0x2a Output/ble_app_blinky_pca10040_s132 Debug/Obj/nrf_drv_uart.o
 .text.nrf_uarte_baudrate_set
                0x0000000000027202       0x14 Output/ble_app_blinky_pca10040_s132 Debug/Obj/nrf_drv_uart.o
 .text.nrf_uarte_tx_buffer_set
                0x0000000000027216       0x24 Output/ble_app_blinky_pca10040_s132 Debug/Obj/nrf_drv_uart.o
 .text.nrf_uarte_tx_amount_get
                0x000000000002723a       0x10 Output/ble_app_blinky_pca10040_s132 Debug/Obj/nrf_drv_uart.o
 .text.nrf_uarte_rx_amount_get
                0x000000000002724a       0x10 Output/ble_app_blinky_pca10040_s132 Debug/Obj/nrf_drv_uart.o
 .text.nrf_drv_common_irq_disable
                0x000000000002725a       0x1c Output/ble_app_blinky_pca10040_s132 Debug/Obj/nrf_drv_uart.o
 .text.nrf_drv_get_IRQn
                0x0000000000027276       0x16 Output/ble_app_blinky_pca10040_s132 Debug/Obj/nrf_drv_uart.o
 .text.nrf_drv_is_in_RAM
                0x000000000002728c       0x1c Output/ble_app_blinky_pca10040_s132 Debug/Obj/nrf_drv_uart.o
 .text.nrf_gpio_pin_port_decode
                0x00000000000272a8       0x28 Output/ble_app_blinky_pca10040_s132 Debug/Obj/nrf_drv_uart.o
 .text.nrf_gpio_cfg
                0x00000000000272d0       0x62 Output/ble_app_blinky_pca10040_s132 Debug/Obj/nrf_drv_uart.o
 .text.nrf_gpio_cfg_output
                0x0000000000027332       0x22 Output/ble_app_blinky_pca10040_s132 Debug/Obj/nrf_drv_uart.o
 .text.nrf_gpio_cfg_input
                0x0000000000027354       0x2a Output/ble_app_blinky_pca10040_s132 Debug/Obj/nrf_drv_uart.o
 .text.nrf_gpio_cfg_default
                0x000000000002737e       0x22 Output/ble_app_blinky_pca10040_s132 Debug/Obj/nrf_drv_uart.o
 .text.nrf_gpio_pin_set
                0x00000000000273a0       0x28 Output/ble_app_blinky_pca10040_s132 Debug/Obj/nrf_drv_uart.o
 .text.nrf_gpio_port_out_set
                0x00000000000273c8       0x14 Output/ble_app_blinky_pca10040_s132 Debug/Obj/nrf_drv_uart.o
 .text.apply_config
                0x00000000000273dc       0xc6 Output/ble_app_blinky_pca10040_s132 Debug/Obj/nrf_drv_uart.o
 *fill*         0x00000000000274a2        0x2 
 .text.interrupts_enable
                0x00000000000274a4       0x78 Output/ble_app_blinky_pca10040_s132 Debug/Obj/nrf_drv_uart.o
 .text.interrupts_disable
                0x000000000002751c       0x30 Output/ble_app_blinky_pca10040_s132 Debug/Obj/nrf_drv_uart.o
 .text.pins_to_default
                0x000000000002754c       0x8a Output/ble_app_blinky_pca10040_s132 Debug/Obj/nrf_drv_uart.o
 .text.uart_enable
                0x00000000000275d6       0x18 Output/ble_app_blinky_pca10040_s132 Debug/Obj/nrf_drv_uart.o
 .text.uart_disable
                0x00000000000275ee       0x18 Output/ble_app_blinky_pca10040_s132 Debug/Obj/nrf_drv_uart.o
 *fill*         0x0000000000027606        0x2 
 .text.nrf_drv_uart_init
                0x0000000000027608       0xa4 Output/ble_app_blinky_pca10040_s132 Debug/Obj/nrf_drv_uart.o
                0x0000000000027608                nrf_drv_uart_init
 .text.nrf_drv_uart_uninit
                0x00000000000276ac       0x4c Output/ble_app_blinky_pca10040_s132 Debug/Obj/nrf_drv_uart.o
                0x00000000000276ac                nrf_drv_uart_uninit
 .text.nrf_drv_uart_tx_for_uarte
                0x00000000000276f8       0xc4 Output/ble_app_blinky_pca10040_s132 Debug/Obj/nrf_drv_uart.o
 .text.nrf_drv_uart_tx
                0x00000000000277bc       0xb0 Output/ble_app_blinky_pca10040_s132 Debug/Obj/nrf_drv_uart.o
                0x00000000000277bc                nrf_drv_uart_tx
 .text.nrf_drv_uart_tx_in_progress
                0x000000000002786c       0x30 Output/ble_app_blinky_pca10040_s132 Debug/Obj/nrf_drv_uart.o
                0x000000000002786c                nrf_drv_uart_tx_in_progress
 .text.rx_done_event
                0x000000000002789c       0x36 Output/ble_app_blinky_pca10040_s132 Debug/Obj/nrf_drv_uart.o
 .text.tx_done_event
                0x00000000000278d2       0x3c Output/ble_app_blinky_pca10040_s132 Debug/Obj/nrf_drv_uart.o
 .text.uarte_irq_handler
                0x000000000002790e      0x160 Output/ble_app_blinky_pca10040_s132 Debug/Obj/nrf_drv_uart.o
 *fill*         0x0000000000027a6e        0x2 
 .text.UARTE0_IRQHandler
                0x0000000000027a70       0x18 Output/ble_app_blinky_pca10040_s132 Debug/Obj/nrf_drv_uart.o
                0x0000000000027a70                UARTE0_IRQHandler
 .text.sd_ble_gap_adv_start
                0x0000000000027a88        0x8 Output/ble_app_blinky_pca10040_s132 Debug/Obj/main.o
 .text.sd_ble_gap_disconnect
                0x0000000000027a90        0x8 Output/ble_app_blinky_pca10040_s132 Debug/Obj/main.o
 .text.sd_ble_gap_ppcp_set
                0x0000000000027a98        0x8 Output/ble_app_blinky_pca10040_s132 Debug/Obj/main.o
 .text.sd_ble_gap_device_name_set
                0x0000000000027aa0        0x8 Output/ble_app_blinky_pca10040_s132 Debug/Obj/main.o
 .text.sd_ble_gap_sec_params_reply
                0x0000000000027aa8        0x8 Output/ble_app_blinky_pca10040_s132 Debug/Obj/main.o
 .text.sd_ble_gap_phy_update
                0x0000000000027ab0        0x8 Output/ble_app_blinky_pca10040_s132 Debug/Obj/main.o
 .text.sd_ble_gatts_rw_authorize_reply
                0x0000000000027ab8        0x8 Output/ble_app_blinky_pca10040_s132 Debug/Obj/main.o
 .text.sd_ble_gatts_sys_attr_set
                0x0000000000027ac0        0x8 Output/ble_app_blinky_pca10040_s132 Debug/Obj/main.o
 .text.sd_ble_user_mem_reply
                0x0000000000027ac8        0x8 Output/ble_app_blinky_pca10040_s132 Debug/Obj/main.o
 .text.sd_app_evt_wait
                0x0000000000027ad0        0x8 Output/ble_app_blinky_pca10040_s132 Debug/Obj/main.o
 .text.assert_nrf_callback
                0x0000000000027ad8       0x28 Output/ble_app_blinky_pca10040_s132 Debug/Obj/main.o
                0x0000000000027ad8                assert_nrf_callback
 .text.leds_init
                0x0000000000027b00        0xa Output/ble_app_blinky_pca10040_s132 Debug/Obj/main.o
 *fill*         0x0000000000027b0a        0x2 
 .text.timers_init
                0x0000000000027b0c       0x2c Output/ble_app_blinky_pca10040_s132 Debug/Obj/main.o
 .text.gap_params_init
                0x0000000000027b38       0xa0 Output/ble_app_blinky_pca10040_s132 Debug/Obj/main.o
 .text.gatt_init
                0x0000000000027bd8       0x34 Output/ble_app_blinky_pca10040_s132 Debug/Obj/main.o
 .text.advertising_init
                0x0000000000027c0c       0x7c Output/ble_app_blinky_pca10040_s132 Debug/Obj/main.o
 .text.led_write_handler
                0x0000000000027c88       0x60 Output/ble_app_blinky_pca10040_s132 Debug/Obj/main.o
 .text.services_init
                0x0000000000027ce8       0x3c Output/ble_app_blinky_pca10040_s132 Debug/Obj/main.o
 .text.on_conn_params_evt
                0x0000000000027d24       0x44 Output/ble_app_blinky_pca10040_s132 Debug/Obj/main.o
 .text.conn_params_error_handler
                0x0000000000027d68       0x20 Output/ble_app_blinky_pca10040_s132 Debug/Obj/main.o
 .text.conn_params_init
                0x0000000000027d88       0x70 Output/ble_app_blinky_pca10040_s132 Debug/Obj/main.o
 .text.advertising_start
                0x0000000000027df8       0x60 Output/ble_app_blinky_pca10040_s132 Debug/Obj/main.o
 .text.ble_evt_handler
                0x0000000000027e58      0x334 Output/ble_app_blinky_pca10040_s132 Debug/Obj/main.o
 .text.ble_stack_init
                0x000000000002818c       0x74 Output/ble_app_blinky_pca10040_s132 Debug/Obj/main.o
 .text.log_init
                0x0000000000028200       0x34 Output/ble_app_blinky_pca10040_s132 Debug/Obj/main.o
 .text.power_manage
                0x0000000000028234       0x2c Output/ble_app_blinky_pca10040_s132 Debug/Obj/main.o
 .text.main     0x0000000000028260       0x5c Output/ble_app_blinky_pca10040_s132 Debug/Obj/main.o
                0x0000000000028260                main
 .text.sd_ble_gap_addr_get
                0x00000000000282bc        0x8 Output/ble_app_blinky_pca10040_s132 Debug/Obj/ble_advdata.o
 .text.sd_ble_gap_adv_data_set
                0x00000000000282c4        0x8 Output/ble_app_blinky_pca10040_s132 Debug/Obj/ble_advdata.o
 .text.sd_ble_gap_appearance_get
                0x00000000000282cc        0x8 Output/ble_app_blinky_pca10040_s132 Debug/Obj/ble_advdata.o
 .text.sd_ble_gap_device_name_get
                0x00000000000282d4        0x8 Output/ble_app_blinky_pca10040_s132 Debug/Obj/ble_advdata.o
 .text.sd_ble_uuid_encode
                0x00000000000282dc        0x8 Output/ble_app_blinky_pca10040_s132 Debug/Obj/ble_advdata.o
 .text.uint16_encode
                0x00000000000282e4       0x2c Output/ble_app_blinky_pca10040_s132 Debug/Obj/ble_advdata.o
 .text.ble_device_addr_encode
                0x0000000000028310       0xce Output/ble_app_blinky_pca10040_s132 Debug/Obj/ble_advdata.o
 .text.name_encode
                0x00000000000283de      0x13e Output/ble_app_blinky_pca10040_s132 Debug/Obj/ble_advdata.o
 .text.appearance_encode
                0x000000000002851c       0x9c Output/ble_app_blinky_pca10040_s132 Debug/Obj/ble_advdata.o
 .text.flags_encode
                0x00000000000285b8       0x7e Output/ble_app_blinky_pca10040_s132 Debug/Obj/ble_advdata.o
 .text.tx_power_level_encode
                0x0000000000028636       0x7e Output/ble_app_blinky_pca10040_s132 Debug/Obj/ble_advdata.o
 .text.uuid_list_sized_encode
                0x00000000000286b4      0x150 Output/ble_app_blinky_pca10040_s132 Debug/Obj/ble_advdata.o
 .text.uuid_list_encode
                0x0000000000028804       0x66 Output/ble_app_blinky_pca10040_s132 Debug/Obj/ble_advdata.o
 .text.conn_int_check
                0x000000000002886a       0x78 Output/ble_app_blinky_pca10040_s132 Debug/Obj/ble_advdata.o
 .text.conn_int_encode
                0x00000000000288e2       0xc0 Output/ble_app_blinky_pca10040_s132 Debug/Obj/ble_advdata.o
 .text.manuf_specific_data_encode
                0x00000000000289a2       0xe0 Output/ble_app_blinky_pca10040_s132 Debug/Obj/ble_advdata.o
 .text.service_data_encode
                0x0000000000028a82      0x108 Output/ble_app_blinky_pca10040_s132 Debug/Obj/ble_advdata.o
 .text.ble_advdata_encode
                0x0000000000028b8a      0x1d2 Output/ble_app_blinky_pca10040_s132 Debug/Obj/ble_advdata.o
                0x0000000000028b8a                ble_advdata_encode
 .text.advdata_check
                0x0000000000028d5c       0x1c Output/ble_app_blinky_pca10040_s132 Debug/Obj/ble_advdata.o
 .text.srdata_check
                0x0000000000028d78       0x18 Output/ble_app_blinky_pca10040_s132 Debug/Obj/ble_advdata.o
 .text.ble_advdata_set
                0x0000000000028d90       0xb4 Output/ble_app_blinky_pca10040_s132 Debug/Obj/ble_advdata.o
                0x0000000000028d90                ble_advdata_set
 .text.sd_ble_gap_conn_param_update
                0x0000000000028e44        0x8 Output/ble_app_blinky_pca10040_s132 Debug/Obj/ble_conn_params.o
 .text.sd_ble_gap_disconnect
                0x0000000000028e4c        0x8 Output/ble_app_blinky_pca10040_s132 Debug/Obj/ble_conn_params.o
 .text.sd_ble_gap_ppcp_set
                0x0000000000028e54        0x8 Output/ble_app_blinky_pca10040_s132 Debug/Obj/ble_conn_params.o
 .text.sd_ble_gap_ppcp_get
                0x0000000000028e5c        0x8 Output/ble_app_blinky_pca10040_s132 Debug/Obj/ble_conn_params.o
 .text.instance_get
                0x0000000000028e64       0x50 Output/ble_app_blinky_pca10040_s132 Debug/Obj/ble_conn_params.o
 .text.instance_claim
                0x0000000000028eb4       0x34 Output/ble_app_blinky_pca10040_s132 Debug/Obj/ble_conn_params.o
 .text.instance_free
                0x0000000000028ee8       0x12 Output/ble_app_blinky_pca10040_s132 Debug/Obj/ble_conn_params.o
 .text.is_conn_params_ok
                0x0000000000028efa       0xc2 Output/ble_app_blinky_pca10040_s132 Debug/Obj/ble_conn_params.o
 .text.send_error_evt
                0x0000000000028fbc       0x24 Output/ble_app_blinky_pca10040_s132 Debug/Obj/ble_conn_params.o
 .text.send_update_request
                0x0000000000028fe0       0x40 Output/ble_app_blinky_pca10040_s132 Debug/Obj/ble_conn_params.o
 .text.update_timeout_handler
                0x0000000000029020       0xb0 Output/ble_app_blinky_pca10040_s132 Debug/Obj/ble_conn_params.o
 .text.ble_conn_params_init
                0x00000000000290d0       0xd4 Output/ble_app_blinky_pca10040_s132 Debug/Obj/ble_conn_params.o
                0x00000000000290d0                ble_conn_params_init
 .text.conn_params_negotiation
                0x00000000000291a4       0x7c Output/ble_app_blinky_pca10040_s132 Debug/Obj/ble_conn_params.o
 .text.on_connect
                0x0000000000029220       0x84 Output/ble_app_blinky_pca10040_s132 Debug/Obj/ble_conn_params.o
 .text.on_disconnect
                0x00000000000292a4       0x46 Output/ble_app_blinky_pca10040_s132 Debug/Obj/ble_conn_params.o
 *fill*         0x00000000000292ea        0x2 
 .text.on_write
                0x00000000000292ec       0x7c Output/ble_app_blinky_pca10040_s132 Debug/Obj/ble_conn_params.o
 .text.on_conn_params_update
                0x0000000000029368       0x54 Output/ble_app_blinky_pca10040_s132 Debug/Obj/ble_conn_params.o
 .text.ble_evt_handler
                0x00000000000293bc       0x50 Output/ble_app_blinky_pca10040_s132 Debug/Obj/ble_conn_params.o
 .text.record_activate
                0x000000000002940c       0x74 Output/ble_app_blinky_pca10040_s132 Debug/Obj/ble_conn_state.o
 .text.record_invalidate
                0x0000000000029480       0x2c Output/ble_app_blinky_pca10040_s132 Debug/Obj/ble_conn_state.o
 .text.record_set_disconnected
                0x00000000000294ac       0x28 Output/ble_app_blinky_pca10040_s132 Debug/Obj/ble_conn_state.o
 .text.record_purge_disconnected
                0x00000000000294d4       0x60 Output/ble_app_blinky_pca10040_s132 Debug/Obj/ble_conn_state.o
 .text.ble_evt_handler
                0x0000000000029534       0xd0 Output/ble_app_blinky_pca10040_s132 Debug/Obj/ble_conn_state.o
 .text.uint16_decode
                0x0000000000029604       0x20 Output/ble_app_blinky_pca10040_s132 Debug/Obj/ble_srv_common.o
 .text.ble_srv_is_notification_enabled
                0x0000000000029624       0x2c Output/ble_app_blinky_pca10040_s132 Debug/Obj/ble_srv_common.o
                0x0000000000029624                ble_srv_is_notification_enabled
 .text.sd_ble_gap_data_length_update
                0x0000000000029650        0x8 Output/ble_app_blinky_pca10040_s132 Debug/Obj/nrf_ble_gatt.o
 .text.sd_ble_gattc_exchange_mtu_request
                0x0000000000029658        0x8 Output/ble_app_blinky_pca10040_s132 Debug/Obj/nrf_ble_gatt.o
 .text.sd_ble_gatts_exchange_mtu_reply
                0x0000000000029660        0x8 Output/ble_app_blinky_pca10040_s132 Debug/Obj/nrf_ble_gatt.o
 .text.link_init
                0x0000000000029668       0x2e Output/ble_app_blinky_pca10040_s132 Debug/Obj/nrf_ble_gatt.o
 *fill*         0x0000000000029696        0x2 
 .text.data_length_update
                0x0000000000029698       0x78 Output/ble_app_blinky_pca10040_s132 Debug/Obj/nrf_ble_gatt.o
 .text.on_connected_evt
                0x0000000000029710       0xc0 Output/ble_app_blinky_pca10040_s132 Debug/Obj/nrf_ble_gatt.o
 .text.on_disconnected_evt
                0x00000000000297d0       0x22 Output/ble_app_blinky_pca10040_s132 Debug/Obj/nrf_ble_gatt.o
 .text.on_exchange_mtu_rsp_evt
                0x00000000000297f2       0x92 Output/ble_app_blinky_pca10040_s132 Debug/Obj/nrf_ble_gatt.o
 .text.on_exchange_mtu_request_evt
                0x0000000000029884       0xc0 Output/ble_app_blinky_pca10040_s132 Debug/Obj/nrf_ble_gatt.o
 .text.on_data_length_update_evt
                0x0000000000029944       0x7c Output/ble_app_blinky_pca10040_s132 Debug/Obj/nrf_ble_gatt.o
 .text.on_data_length_update_request_evt
                0x00000000000299c0       0x8c Output/ble_app_blinky_pca10040_s132 Debug/Obj/nrf_ble_gatt.o
 .text.nrf_ble_gatt_init
                0x0000000000029a4c       0x56 Output/ble_app_blinky_pca10040_s132 Debug/Obj/nrf_ble_gatt.o
                0x0000000000029a4c                nrf_ble_gatt_init
 *fill*         0x0000000000029aa2        0x2 
 .text.nrf_ble_gatt_on_ble_evt
                0x0000000000029aa4      0x154 Output/ble_app_blinky_pca10040_s132 Debug/Obj/nrf_ble_gatt.o
                0x0000000000029aa4                nrf_ble_gatt_on_ble_evt
 .text.SystemCoreClockUpdate
                0x0000000000029bf8       0x14 Output/ble_app_blinky_pca10040_s132 Debug/Obj/system_nrf52810.o
                0x0000000000029bf8                SystemCoreClockUpdate
 .text.SystemInit
                0x0000000000029c0c      0x174 Output/ble_app_blinky_pca10040_s132 Debug/Obj/system_nrf52810.o
                0x0000000000029c0c                SystemInit
 .text.errata_31
                0x0000000000029d80       0x24 Output/ble_app_blinky_pca10040_s132 Debug/Obj/system_nrf52810.o
 .text.errata_36
                0x0000000000029da4       0x24 Output/ble_app_blinky_pca10040_s132 Debug/Obj/system_nrf52810.o
 .text.errata_66
                0x0000000000029dc8       0x24 Output/ble_app_blinky_pca10040_s132 Debug/Obj/system_nrf52810.o
 .text.errata_136
                0x0000000000029dec       0x24 Output/ble_app_blinky_pca10040_s132 Debug/Obj/system_nrf52810.o
 .text.sd_ble_gatts_service_add
                0x0000000000029e10        0x8 Output/ble_app_blinky_pca10040_s132 Debug/Obj/ble_lbs.o
 .text.sd_ble_gatts_characteristic_add
                0x0000000000029e18        0x8 Output/ble_app_blinky_pca10040_s132 Debug/Obj/ble_lbs.o
 .text.sd_ble_uuid_vs_add
                0x0000000000029e20        0x8 Output/ble_app_blinky_pca10040_s132 Debug/Obj/ble_lbs.o
 .text.on_write
                0x0000000000029e28       0x42 Output/ble_app_blinky_pca10040_s132 Debug/Obj/ble_lbs.o
 .text.ble_lbs_on_ble_evt
                0x0000000000029e6a       0x28 Output/ble_app_blinky_pca10040_s132 Debug/Obj/ble_lbs.o
                0x0000000000029e6a                ble_lbs_on_ble_evt
 .text.led_char_add
                0x0000000000029e92      0x10a Output/ble_app_blinky_pca10040_s132 Debug/Obj/ble_lbs.o
 .text.button_char_add
                0x0000000000029f9c      0x158 Output/ble_app_blinky_pca10040_s132 Debug/Obj/ble_lbs.o
 .text.ble_lbs_init
                0x000000000002a0f4       0x94 Output/ble_app_blinky_pca10040_s132 Debug/Obj/ble_lbs.o
                0x000000000002a0f4                ble_lbs_init
 .text.NVIC_EnableIRQ
                0x000000000002a188       0x2c Output/ble_app_blinky_pca10040_s132 Debug/Obj/nrf_sdh.o
 .text.NVIC_SetPriority
                0x000000000002a1b4       0x50 Output/ble_app_blinky_pca10040_s132 Debug/Obj/nrf_sdh.o
 .text.NVIC_GetPriority
                0x000000000002a204       0x48 Output/ble_app_blinky_pca10040_s132 Debug/Obj/nrf_sdh.o
 .text.nrf_section_iter_get
                0x000000000002a24c       0x24 Output/ble_app_blinky_pca10040_s132 Debug/Obj/nrf_sdh.o
 .text.sd_softdevice_enable
                0x000000000002a270        0x8 Output/ble_app_blinky_pca10040_s132 Debug/Obj/nrf_sdh.o
 .text.__sd_nvic_app_accessible_irq
                0x000000000002a278       0x58 Output/ble_app_blinky_pca10040_s132 Debug/Obj/nrf_sdh.o
 .text.__sd_nvic_is_app_accessible_priority
                0x000000000002a2d0       0x2c Output/ble_app_blinky_pca10040_s132 Debug/Obj/nrf_sdh.o
 .text.sd_nvic_EnableIRQ
                0x000000000002a2fc       0x8c Output/ble_app_blinky_pca10040_s132 Debug/Obj/nrf_sdh.o
 .text.sd_nvic_SetPriority
                0x000000000002a388       0x4a Output/ble_app_blinky_pca10040_s132 Debug/Obj/nrf_sdh.o
 *fill*         0x000000000002a3d2        0x2 
 .text.sdh_request_observer_notify
                0x000000000002a3d4       0x64 Output/ble_app_blinky_pca10040_s132 Debug/Obj/nrf_sdh.o
 .text.sdh_state_observer_notify
                0x000000000002a438       0x58 Output/ble_app_blinky_pca10040_s132 Debug/Obj/nrf_sdh.o
 .text.softdevices_evt_irq_enable
                0x000000000002a490       0x2c Output/ble_app_blinky_pca10040_s132 Debug/Obj/nrf_sdh.o
 .text.swi_interrupt_priority_workaround
                0x000000000002a4bc       0x4c Output/ble_app_blinky_pca10040_s132 Debug/Obj/nrf_sdh.o
 .text.nrf_sdh_enable_request
                0x000000000002a508       0x88 Output/ble_app_blinky_pca10040_s132 Debug/Obj/nrf_sdh.o
                0x000000000002a508                nrf_sdh_enable_request
 .text.nrf_sdh_is_enabled
                0x000000000002a590        0xc Output/ble_app_blinky_pca10040_s132 Debug/Obj/nrf_sdh.o
                0x000000000002a590                nrf_sdh_is_enabled
 .text.nrf_sdh_evts_poll
                0x000000000002a59c       0x50 Output/ble_app_blinky_pca10040_s132 Debug/Obj/nrf_sdh.o
                0x000000000002a59c                nrf_sdh_evts_poll
 .text.SWI2_IRQHandler
                0x000000000002a5ec        0xa Output/ble_app_blinky_pca10040_s132 Debug/Obj/nrf_sdh.o
                0x000000000002a5ec                SWI2_IRQHandler
 .text.sd_ble_enable
                0x000000000002a5f6        0x8 Output/ble_app_blinky_pca10040_s132 Debug/Obj/nrf_sdh_ble.o
 .text.sd_ble_cfg_set
                0x000000000002a5fe        0x8 Output/ble_app_blinky_pca10040_s132 Debug/Obj/nrf_sdh_ble.o
 .text.sd_ble_evt_get
                0x000000000002a606        0x8 Output/ble_app_blinky_pca10040_s132 Debug/Obj/nrf_sdh_ble.o
 *fill*         0x000000000002a60e        0x2 
 .text.nrf_section_iter_get
                0x000000000002a610       0x24 Output/ble_app_blinky_pca10040_s132 Debug/Obj/nrf_sdh_ble.o
 .text.nrf_sdh_ble_app_ram_start_get
                0x000000000002a634       0x24 Output/ble_app_blinky_pca10040_s132 Debug/Obj/nrf_sdh_ble.o
                0x000000000002a634                nrf_sdh_ble_app_ram_start_get
 .text.nrf_sdh_ble_default_cfg_set
                0x000000000002a658      0x1b4 Output/ble_app_blinky_pca10040_s132 Debug/Obj/nrf_sdh_ble.o
                0x000000000002a658                nrf_sdh_ble_default_cfg_set
 .text.ram_end_address_get
                0x000000000002a80c       0x1a Output/ble_app_blinky_pca10040_s132 Debug/Obj/nrf_sdh_ble.o
 *fill*         0x000000000002a826        0x2 
 .text.nrf_sdh_ble_enable
                0x000000000002a828       0x90 Output/ble_app_blinky_pca10040_s132 Debug/Obj/nrf_sdh_ble.o
                0x000000000002a828                nrf_sdh_ble_enable
 .text.nrf_sdh_ble_evts_poll
                0x000000000002a8b8       0x8c Output/ble_app_blinky_pca10040_s132 Debug/Obj/nrf_sdh_ble.o
 .text.nrf_section_iter_get
                0x000000000002a944       0x24 Output/ble_app_blinky_pca10040_s132 Debug/Obj/nrf_sdh_soc.o
 .text.sd_evt_get
                0x000000000002a968        0x8 Output/ble_app_blinky_pca10040_s132 Debug/Obj/nrf_sdh_soc.o
 .text.nrf_sdh_soc_evts_poll
                0x000000000002a970       0x78 Output/ble_app_blinky_pca10040_s132 Debug/Obj/nrf_sdh_soc.o
 .text.libc.__RAL_ascii_isctype
                0x000000000002a9e8       0x1c C:/Program Files/SEGGER/SEGGER Embedded Studio for ARM 4.52c/lib/libc_v7em_t_le_eabi.a(libc2.o)
 .text.libc.__RAL_ascii_toupper
                0x000000000002aa04        0xc C:/Program Files/SEGGER/SEGGER Embedded Studio for ARM 4.52c/lib/libc_v7em_t_le_eabi.a(libc2.o)
 .text.libc.__RAL_ascii_tolower
                0x000000000002aa10        0xc C:/Program Files/SEGGER/SEGGER Embedded Studio for ARM 4.52c/lib/libc_v7em_t_le_eabi.a(libc2.o)
 .text.libc.__RAL_ascii_iswctype
                0x000000000002aa1c       0x1c C:/Program Files/SEGGER/SEGGER Embedded Studio for ARM 4.52c/lib/libc_v7em_t_le_eabi.a(libc2.o)
 .text.libc.__RAL_ascii_towupper
                0x000000000002aa38        0xc C:/Program Files/SEGGER/SEGGER Embedded Studio for ARM 4.52c/lib/libc_v7em_t_le_eabi.a(libc2.o)
 .text.libc.__RAL_ascii_towlower
                0x000000000002aa44        0xc C:/Program Files/SEGGER/SEGGER Embedded Studio for ARM 4.52c/lib/libc_v7em_t_le_eabi.a(libc2.o)
 .text.libc.__RAL_ascii_wctomb
                0x000000000002aa50        0xe C:/Program Files/SEGGER/SEGGER Embedded Studio for ARM 4.52c/lib/libc_v7em_t_le_eabi.a(libc2.o)
                0x000000000002aa50                __RAL_ascii_wctomb
 .text.libc.__RAL_ascii_mbtowc
                0x000000000002aa5e       0x24 C:/Program Files/SEGGER/SEGGER Embedded Studio for ARM 4.52c/lib/libc_v7em_t_le_eabi.a(libc2.o)
                0x000000000002aa5e                __RAL_ascii_mbtowc
 *fill*         0x000000000002aa82        0x2 
 .text.libc.__RAL_isctype
                0x000000000002aa84       0x14 C:/Program Files/SEGGER/SEGGER Embedded Studio for ARM 4.52c/lib/libc_v7em_t_le_eabi.a(libc2.o)
                0x000000000002aa84                __RAL_isctype
 .text.libc.isprint
                0x000000000002aa98        0xa C:/Program Files/SEGGER/SEGGER Embedded Studio for ARM 4.52c/lib/libc_v7em_t_le_eabi.a(libc2.o)
                0x000000000002aa98                isprint
 .text.libc.memcpy
                0x000000000002aaa2       0x52 C:/Program Files/SEGGER/SEGGER Embedded Studio for ARM 4.52c/lib/libc_v7em_t_le_eabi.a(libc2_asm.o)
                0x000000000002aaa2                __aeabi_memcpy
                0x000000000002aaa2                memcpy
                0x000000000002aaae                __aeabi_memcpy8
                0x000000000002aaae                __aeabi_memcpy4
 .text.libc.memset
                0x000000000002aaf4       0x66 C:/Program Files/SEGGER/SEGGER Embedded Studio for ARM 4.52c/lib/libc_v7em_t_le_eabi.a(libc2_asm.o)
                0x000000000002aaf4                memset
 .text.libc.strlen
                0x000000000002ab5a       0x60 C:/Program Files/SEGGER/SEGGER Embedded Studio for ARM 4.52c/lib/libc_v7em_t_le_eabi.a(libc2_asm.o)
                0x000000000002ab5a                strlen
                0x000000000002abba                __text_end__ = (__text_start__ + SIZEOF (.text))
                0x0000000000007916                __text_size__ = SIZEOF (.text)
                0x000000000002abba                __text_load_end__ = __text_end__

.vfp11_veneer   0x0000000100000000        0x0
 .vfp11_veneer  0x0000000100000000        0x0 linker stubs

.v4_bx          0x0000000100000000        0x0
 .v4_bx         0x0000000100000000        0x0 linker stubs

.iplt           0x0000000100000000        0x0
 .iplt          0x0000000100000000        0x0 Output/ble_app_blinky_pca10040_s132 Debug/Obj/thumb_crt0.o
                0x0000000000000001                . = ASSERT (((__text_start__ == __text_end__) || ((__text_end__ - __FLASH_segment_start__) <= __FLASH_segment_size__)), error: .text is too large to fit in FLASH memory segment)
                0x000000000002abbc                __sdh_soc_observers_load_start__ = ALIGN (__text_end__, 0x4)

.sdh_soc_observers
                0x000000000002abbc        0x8
                0x000000000002abbc                __sdh_soc_observers_start__ = .
                0x000000000002abbc                __start_sdh_soc_observers = __sdh_soc_observers_start__
 *(SORT_BY_NAME(.sdh_soc_observers*))
 .sdh_soc_observers0
                0x000000000002abbc        0x8 Output/ble_app_blinky_pca10040_s132 Debug/Obj/nrf_drv_clock.o
                0x000000000002abc4                __sdh_soc_observers_end__ = (__sdh_soc_observers_start__ + SIZEOF (.sdh_soc_observers))
                0x0000000000000008                __sdh_soc_observers_size__ = SIZEOF (.sdh_soc_observers)
                0x000000000002abc4                __stop_sdh_soc_observers = __sdh_soc_observers_end__
                0x000000000002abc4                __sdh_soc_observers_load_end__ = __sdh_soc_observers_end__
                0x0000000000000001                . = ASSERT (((__sdh_soc_observers_start__ == __sdh_soc_observers_end__) || ((__sdh_soc_observers_end__ - __FLASH_segment_start__) <= __FLASH_segment_size__)), error: .sdh_soc_observers is too large to fit in FLASH memory segment)
                0x000000000002abc4                __pwr_mgmt_data_load_start__ = ALIGN (__sdh_soc_observers_end__, 0x4)

.pwr_mgmt_data  0x000000000002abc4        0x0
                0x000000000002abc4                __pwr_mgmt_data_start__ = .
                0x000000000002abc4                __start_pwr_mgmt_data = __pwr_mgmt_data_start__
 *(SORT_BY_NAME(.pwr_mgmt_data*))
                0x000000000002abc4                __pwr_mgmt_data_end__ = (__pwr_mgmt_data_start__ + SIZEOF (.pwr_mgmt_data))
                0x0000000000000000                __pwr_mgmt_data_size__ = SIZEOF (.pwr_mgmt_data)
                0x000000000002abc4                __stop_pwr_mgmt_data = __pwr_mgmt_data_end__
                0x000000000002abc4                __pwr_mgmt_data_load_end__ = __pwr_mgmt_data_end__
                0x0000000000000001                . = ASSERT (((__pwr_mgmt_data_start__ == __pwr_mgmt_data_end__) || ((__pwr_mgmt_data_end__ - __FLASH_segment_start__) <= __FLASH_segment_size__)), error: .pwr_mgmt_data is too large to fit in FLASH memory segment)
                0x000000000002abc4                __sdh_ble_observers_load_start__ = ALIGN (__pwr_mgmt_data_end__, 0x4)

.sdh_ble_observers
                0x000000000002abc4       0x28
                0x000000000002abc4                __sdh_ble_observers_start__ = .
                0x000000000002abc4                __start_sdh_ble_observers = __sdh_ble_observers_start__
 *(SORT_BY_NAME(.sdh_ble_observers*))
 .sdh_ble_observers0
                0x000000000002abc4        0x8 Output/ble_app_blinky_pca10040_s132 Debug/Obj/ble_conn_state.o
 .sdh_ble_observers1
                0x000000000002abcc        0x8 Output/ble_app_blinky_pca10040_s132 Debug/Obj/main.o
 .sdh_ble_observers1
                0x000000000002abd4        0x8 Output/ble_app_blinky_pca10040_s132 Debug/Obj/ble_conn_params.o
 .sdh_ble_observers2
                0x000000000002abdc        0x8 Output/ble_app_blinky_pca10040_s132 Debug/Obj/main.o
 .sdh_ble_observers3
                0x000000000002abe4        0x8 Output/ble_app_blinky_pca10040_s132 Debug/Obj/main.o
                0x000000000002abec                __sdh_ble_observers_end__ = (__sdh_ble_observers_start__ + SIZEOF (.sdh_ble_observers))
                0x0000000000000028                __sdh_ble_observers_size__ = SIZEOF (.sdh_ble_observers)
                0x000000000002abec                __stop_sdh_ble_observers = __sdh_ble_observers_end__
                0x000000000002abec                __sdh_ble_observers_load_end__ = __sdh_ble_observers_end__
                0x0000000000000001                . = ASSERT (((__sdh_ble_observers_start__ == __sdh_ble_observers_end__) || ((__sdh_ble_observers_end__ - __FLASH_segment_start__) <= __FLASH_segment_size__)), error: .sdh_ble_observers is too large to fit in FLASH memory segment)
                0x000000000002abec                __log_const_data_load_start__ = ALIGN (__sdh_ble_observers_end__, 0x4)

.log_const_data
                0x000000000002abec       0x50
                0x000000000002abec                __log_const_data_start__ = .
                0x000000000002abec                __start_log_const_data = __log_const_data_start__
 *(SORT_BY_NAME(.log_const_data*))
 .log_const_data_app
                0x000000000002abec        0x8 Output/ble_app_blinky_pca10040_s132 Debug/Obj/nrf_log_frontend.o
                0x000000000002abec                m_nrf_log_app_logs_data_const
 .log_const_data_balloc
                0x000000000002abf4        0x8 Output/ble_app_blinky_pca10040_s132 Debug/Obj/nrf_balloc.o
                0x000000000002abf4                m_nrf_log_balloc_logs_data_const
 .log_const_data_ble_gatt
                0x000000000002abfc        0x8 Output/ble_app_blinky_pca10040_s132 Debug/Obj/nrf_ble_gatt.o
                0x000000000002abfc                m_nrf_log_ble_gatt_logs_data_const
 .log_const_data_clock
                0x000000000002ac04        0x8 Output/ble_app_blinky_pca10040_s132 Debug/Obj/nrf_drv_clock.o
                0x000000000002ac04                m_nrf_log_clock_logs_data_const
 .log_const_data_gpiote
                0x000000000002ac0c        0x8 Output/ble_app_blinky_pca10040_s132 Debug/Obj/nrf_drv_gpiote.o
                0x000000000002ac0c                m_nrf_log_gpiote_logs_data_const
 .log_const_data_nrf_sdh
                0x000000000002ac14        0x8 Output/ble_app_blinky_pca10040_s132 Debug/Obj/nrf_sdh.o
                0x000000000002ac14                m_nrf_log_nrf_sdh_logs_data_const
 .log_const_data_nrf_sdh_ble
                0x000000000002ac1c        0x8 Output/ble_app_blinky_pca10040_s132 Debug/Obj/nrf_sdh_ble.o
                0x000000000002ac1c                m_nrf_log_nrf_sdh_ble_logs_data_const
 .log_const_data_nrf_sdh_soc
                0x000000000002ac24        0x8 Output/ble_app_blinky_pca10040_s132 Debug/Obj/nrf_sdh_soc.o
                0x000000000002ac24                m_nrf_log_nrf_sdh_soc_logs_data_const
 .log_const_data_pwr_mgmt
                0x000000000002ac2c        0x8 Output/ble_app_blinky_pca10040_s132 Debug/Obj/nrf_pwr_mgmt.o
                0x000000000002ac2c                m_nrf_log_pwr_mgmt_logs_data_const
 .log_const_data_uart
                0x000000000002ac34        0x8 Output/ble_app_blinky_pca10040_s132 Debug/Obj/nrf_drv_uart.o
                0x000000000002ac34                m_nrf_log_uart_logs_data_const
                0x000000000002ac3c                __log_const_data_end__ = (__log_const_data_start__ + SIZEOF (.log_const_data))
                0x0000000000000050                __log_const_data_size__ = SIZEOF (.log_const_data)
                0x000000000002ac3c                __stop_log_const_data = __log_const_data_end__
                0x000000000002ac3c                __log_const_data_load_end__ = __log_const_data_end__
                0x0000000000000001                . = ASSERT (((__log_const_data_start__ == __log_const_data_end__) || ((__log_const_data_end__ - __FLASH_segment_start__) <= __FLASH_segment_size__)), error: .log_const_data is too large to fit in FLASH memory segment)
                0x000000000002ac3c                __sdh_req_observers_load_start__ = ALIGN (__log_const_data_end__, 0x4)

.sdh_req_observers
                0x000000000002ac3c        0x0
                0x000000000002ac3c                __sdh_req_observers_start__ = .
                0x000000000002ac3c                __start_sdh_req_observers = __sdh_req_observers_start__
 *(SORT_BY_NAME(.sdh_req_observers*))
                0x000000000002ac3c                __sdh_req_observers_end__ = (__sdh_req_observers_start__ + SIZEOF (.sdh_req_observers))
                0x0000000000000000                __sdh_req_observers_size__ = SIZEOF (.sdh_req_observers)
                0x000000000002ac3c                __stop_sdh_req_observers = __sdh_req_observers_end__
                0x000000000002ac3c                __sdh_req_observers_load_end__ = __sdh_req_observers_end__
                0x0000000000000001                . = ASSERT (((__sdh_req_observers_start__ == __sdh_req_observers_end__) || ((__sdh_req_observers_end__ - __FLASH_segment_start__) <= __FLASH_segment_size__)), error: .sdh_req_observers is too large to fit in FLASH memory segment)
                0x000000000002ac3c                __sdh_state_observers_load_start__ = ALIGN (__sdh_req_observers_end__, 0x4)

.sdh_state_observers
                0x000000000002ac3c        0x8
                0x000000000002ac3c                __sdh_state_observers_start__ = .
                0x000000000002ac3c                __start_sdh_state_observers = __sdh_state_observers_start__
 *(SORT_BY_NAME(.sdh_state_observers*))
 .sdh_state_observers0
                0x000000000002ac3c        0x8 Output/ble_app_blinky_pca10040_s132 Debug/Obj/nrf_drv_clock.o
                0x000000000002ac44                __sdh_state_observers_end__ = (__sdh_state_observers_start__ + SIZEOF (.sdh_state_observers))
                0x0000000000000008                __sdh_state_observers_size__ = SIZEOF (.sdh_state_observers)
                0x000000000002ac44                __stop_sdh_state_observers = __sdh_state_observers_end__
                0x000000000002ac44                __sdh_state_observers_load_end__ = __sdh_state_observers_end__
                0x0000000000000001                . = ASSERT (((__sdh_state_observers_start__ == __sdh_state_observers_end__) || ((__sdh_state_observers_end__ - __FLASH_segment_start__) <= __FLASH_segment_size__)), error: .sdh_state_observers is too large to fit in FLASH memory segment)
                0x000000000002ac44                __sdh_stack_observers_load_start__ = ALIGN (__sdh_state_observers_end__, 0x4)

.sdh_stack_observers
                0x000000000002ac44       0x10
                0x000000000002ac44                __sdh_stack_observers_start__ = .
                0x000000000002ac44                __start_sdh_stack_observers = __sdh_stack_observers_start__
 *(SORT_BY_NAME(.sdh_stack_observers*))
 .sdh_stack_observers0
                0x000000000002ac44        0x8 Output/ble_app_blinky_pca10040_s132 Debug/Obj/nrf_sdh_ble.o
 .sdh_stack_observers0
                0x000000000002ac4c        0x8 Output/ble_app_blinky_pca10040_s132 Debug/Obj/nrf_sdh_soc.o
                0x000000000002ac54                __sdh_stack_observers_end__ = (__sdh_stack_observers_start__ + SIZEOF (.sdh_stack_observers))
                0x0000000000000010                __sdh_stack_observers_size__ = SIZEOF (.sdh_stack_observers)
                0x000000000002ac54                __stop_sdh_stack_observers = __sdh_stack_observers_end__
                0x000000000002ac54                __sdh_stack_observers_load_end__ = __sdh_stack_observers_end__
                0x0000000000000001                . = ASSERT (((__sdh_stack_observers_start__ == __sdh_stack_observers_end__) || ((__sdh_stack_observers_end__ - __FLASH_segment_start__) <= __FLASH_segment_size__)), error: .sdh_stack_observers is too large to fit in FLASH memory segment)
                0x000000000002ac54                __cli_command_load_start__ = ALIGN (__sdh_stack_observers_end__, 0x4)

.cli_command    0x000000000002ac54        0x0
                0x000000000002ac54                __cli_command_start__ = .
                0x000000000002ac54                __start_cli_command = __cli_command_start__
 *(.cli_command*)
                0x000000000002ac54                __cli_command_end__ = (__cli_command_start__ + SIZEOF (.cli_command))
                0x0000000000000000                __cli_command_size__ = SIZEOF (.cli_command)
                0x000000000002ac54                __stop_cli_command = __cli_command_end__
                0x000000000002ac54                __cli_command_load_end__ = __cli_command_end__
                0x0000000000000001                . = ASSERT (((__cli_command_start__ == __cli_command_end__) || ((__cli_command_end__ - __FLASH_segment_start__) <= __FLASH_segment_size__)), error: .cli_command is too large to fit in FLASH memory segment)
                0x000000000002ac54                __nrf_sections_load_start__ = ALIGN (__cli_command_end__, 0x4)

.nrf_sections   0x000000000002ac54        0x0
                0x000000000002ac54                __nrf_sections_start__ = .
                0x000000000002ac54                __start_nrf_sections = __nrf_sections_start__
 *(.nrf_sections .nrf_sections.*)
                0x000000000002ac54                __nrf_sections_end__ = (__nrf_sections_start__ + SIZEOF (.nrf_sections))
                0x0000000000000000                __nrf_sections_size__ = SIZEOF (.nrf_sections)
                0x000000000002ac54                __nrf_sections_load_end__ = __nrf_sections_end__
                0x0000000000000001                . = ASSERT (((__nrf_sections_start__ == __nrf_sections_end__) || ((__nrf_sections_end__ - __FLASH_segment_start__) <= __FLASH_segment_size__)), error: .nrf_sections is too large to fit in FLASH memory segment)
                0x000000000002ac54                __log_dynamic_data_load_start__ = ALIGN (__nrf_sections_end__, 0x4)

.log_dynamic_data
                0x0000000020002180       0x78 load address 0x000000000002ac54
                0x0000000020002180                __log_dynamic_data_start__ = .
 *(SORT_BY_NAME(.log_dynamic_data*))
 .log_dynamic_data_app
                0x0000000020002180        0xc Output/ble_app_blinky_pca10040_s132 Debug/Obj/nrf_log_frontend.o
                0x0000000020002180                m_nrf_log_app_logs_data_dynamic
 .log_dynamic_data_balloc
                0x000000002000218c        0xc Output/ble_app_blinky_pca10040_s132 Debug/Obj/nrf_balloc.o
                0x000000002000218c                m_nrf_log_balloc_logs_data_dynamic
 .log_dynamic_data_ble_gatt
                0x0000000020002198        0xc Output/ble_app_blinky_pca10040_s132 Debug/Obj/nrf_ble_gatt.o
                0x0000000020002198                m_nrf_log_ble_gatt_logs_data_dynamic
 .log_dynamic_data_clock
                0x00000000200021a4        0xc Output/ble_app_blinky_pca10040_s132 Debug/Obj/nrf_drv_clock.o
                0x00000000200021a4                m_nrf_log_clock_logs_data_dynamic
 .log_dynamic_data_gpiote
                0x00000000200021b0        0xc Output/ble_app_blinky_pca10040_s132 Debug/Obj/nrf_drv_gpiote.o
                0x00000000200021b0                m_nrf_log_gpiote_logs_data_dynamic
 .log_dynamic_data_nrf_sdh
                0x00000000200021bc        0xc Output/ble_app_blinky_pca10040_s132 Debug/Obj/nrf_sdh.o
                0x00000000200021bc                m_nrf_log_nrf_sdh_logs_data_dynamic
 .log_dynamic_data_nrf_sdh_ble
                0x00000000200021c8        0xc Output/ble_app_blinky_pca10040_s132 Debug/Obj/nrf_sdh_ble.o
                0x00000000200021c8                m_nrf_log_nrf_sdh_ble_logs_data_dynamic
 .log_dynamic_data_nrf_sdh_soc
                0x00000000200021d4        0xc Output/ble_app_blinky_pca10040_s132 Debug/Obj/nrf_sdh_soc.o
                0x00000000200021d4                m_nrf_log_nrf_sdh_soc_logs_data_dynamic
 .log_dynamic_data_pwr_mgmt
                0x00000000200021e0        0xc Output/ble_app_blinky_pca10040_s132 Debug/Obj/nrf_pwr_mgmt.o
                0x00000000200021e0                m_nrf_log_pwr_mgmt_logs_data_dynamic
 .log_dynamic_data_uart
                0x00000000200021ec        0xc Output/ble_app_blinky_pca10040_s132 Debug/Obj/nrf_drv_uart.o
                0x00000000200021ec                m_nrf_log_uart_logs_data_dynamic
                0x00000000200021f8                __log_dynamic_data_end__ = (__log_dynamic_data_start__ + SIZEOF (.log_dynamic_data))
                0x0000000000000078                __log_dynamic_data_size__ = SIZEOF (.log_dynamic_data)
                0x000000000002accc                __log_dynamic_data_load_end__ = (__log_dynamic_data_load_start__ + SIZEOF (.log_dynamic_data))
                0x0000000000000001                . = ASSERT (((__log_dynamic_data_load_start__ == __log_dynamic_data_load_end__) || ((__log_dynamic_data_load_end__ - __FLASH_segment_start__) <= __FLASH_segment_size__)), error: .log_dynamic_data is too large to fit in FLASH memory segment)

.log_dynamic_data_run
                0x0000000020002180       0x78 load address 0x000000000002ac54
                0x0000000020002180                __log_dynamic_data_run_start__ = .
                0x0000000020002180                __start_log_dynamic_data = __log_dynamic_data_run_start__
                0x00000000200021f8                . = MAX ((__log_dynamic_data_run_start__ + SIZEOF (.log_dynamic_data)), .)
 *fill*         0x0000000020002180       0x78 
                0x00000000200021f8                __log_dynamic_data_run_end__ = (__log_dynamic_data_run_start__ + SIZEOF (.log_dynamic_data_run))
                0x0000000000000078                __log_dynamic_data_run_size__ = SIZEOF (.log_dynamic_data_run)
                0x00000000200021f8                __stop_log_dynamic_data = __log_dynamic_data_run_end__
                0x00000000200021f8                __log_dynamic_data_run_load_end__ = __log_dynamic_data_run_end__
                0x0000000000000001                . = ASSERT (((__log_dynamic_data_run_start__ == __log_dynamic_data_run_end__) || ((__log_dynamic_data_run_end__ - __RAM_segment_start__) <= __RAM_segment_size__)), error: .log_dynamic_data_run is too large to fit in RAM memory segment)
                0x000000000002accc                __cli_sorted_cmd_ptrs_load_start__ = ALIGN ((__log_dynamic_data_load_start__ + SIZEOF (.log_dynamic_data)), 0x4)

.cli_sorted_cmd_ptrs
                0x00000000200021f8        0x0 load address 0x000000000002accc
                0x00000000200021f8                __cli_sorted_cmd_ptrs_start__ = .
 *(.cli_sorted_cmd_ptrs*)
                0x00000000200021f8                __cli_sorted_cmd_ptrs_end__ = (__cli_sorted_cmd_ptrs_start__ + SIZEOF (.cli_sorted_cmd_ptrs))
                0x0000000000000000                __cli_sorted_cmd_ptrs_size__ = SIZEOF (.cli_sorted_cmd_ptrs)
                0x000000000002accc                __cli_sorted_cmd_ptrs_load_end__ = (__cli_sorted_cmd_ptrs_load_start__ + SIZEOF (.cli_sorted_cmd_ptrs))
                0x0000000000000001                . = ASSERT (((__cli_sorted_cmd_ptrs_load_start__ == __cli_sorted_cmd_ptrs_load_end__) || ((__cli_sorted_cmd_ptrs_load_end__ - __FLASH_segment_start__) <= __FLASH_segment_size__)), error: .cli_sorted_cmd_ptrs is too large to fit in FLASH memory segment)

.cli_sorted_cmd_ptrs_run
                0x00000000200021f8        0x0
                0x00000000200021f8                __cli_sorted_cmd_ptrs_run_start__ = .
                0x00000000200021f8                __start_cli_sorted_cmd_ptrs = __cli_sorted_cmd_ptrs_run_start__
                0x00000000200021f8                . = MAX ((__cli_sorted_cmd_ptrs_run_start__ + SIZEOF (.cli_sorted_cmd_ptrs)), .)
                0x00000000200021f8                __cli_sorted_cmd_ptrs_run_end__ = (__cli_sorted_cmd_ptrs_run_start__ + SIZEOF (.cli_sorted_cmd_ptrs_run))
                0x0000000000000000                __cli_sorted_cmd_ptrs_run_size__ = SIZEOF (.cli_sorted_cmd_ptrs_run)
                0x00000000200021f8                __stop_cli_sorted_cmd_ptrs = __cli_sorted_cmd_ptrs_run_end__
                0x00000000200021f8                __cli_sorted_cmd_ptrs_run_load_end__ = __cli_sorted_cmd_ptrs_run_end__
                0x0000000000000001                . = ASSERT (((__cli_sorted_cmd_ptrs_run_start__ == __cli_sorted_cmd_ptrs_run_end__) || ((__cli_sorted_cmd_ptrs_run_end__ - __RAM_segment_start__) <= __RAM_segment_size__)), error: .cli_sorted_cmd_ptrs_run is too large to fit in RAM memory segment)
                0x000000000002accc                __fs_data_load_start__ = ALIGN ((__cli_sorted_cmd_ptrs_load_start__ + SIZEOF (.cli_sorted_cmd_ptrs)), 0x4)

.fs_data        0x00000000200021f8        0x0 load address 0x000000000002accc
                0x00000000200021f8                __fs_data_start__ = .
 *(.fs_data*)
                0x00000000200021f8                __fs_data_end__ = (__fs_data_start__ + SIZEOF (.fs_data))
                0x0000000000000000                __fs_data_size__ = SIZEOF (.fs_data)
                0x000000000002accc                __fs_data_load_end__ = (__fs_data_load_start__ + SIZEOF (.fs_data))
                0x0000000000000001                . = ASSERT (((__fs_data_load_start__ == __fs_data_load_end__) || ((__fs_data_load_end__ - __FLASH_segment_start__) <= __FLASH_segment_size__)), error: .fs_data is too large to fit in FLASH memory segment)

.fs_data_run    0x00000000200021f8        0x0
                0x00000000200021f8                __fs_data_run_start__ = .
                0x00000000200021f8                __start_fs_data = __fs_data_run_start__
                0x00000000200021f8                . = MAX ((__fs_data_run_start__ + SIZEOF (.fs_data)), .)
                0x00000000200021f8                __fs_data_run_end__ = (__fs_data_run_start__ + SIZEOF (.fs_data_run))
                0x0000000000000000                __fs_data_run_size__ = SIZEOF (.fs_data_run)
                0x00000000200021f8                __stop_fs_data = __fs_data_run_end__
                0x00000000200021f8                __fs_data_run_load_end__ = __fs_data_run_end__
                0x0000000000000001                . = ASSERT (((__fs_data_run_start__ == __fs_data_run_end__) || ((__fs_data_run_end__ - __RAM_segment_start__) <= __RAM_segment_size__)), error: .fs_data_run is too large to fit in RAM memory segment)
                0x00000000200021f8                __nrf_sections_run_end_load_start__ = ALIGN (__fs_data_run_end__, 0x4)

.nrf_sections_run_end
                0x00000000200021f8        0x0
                0x00000000200021f8                __nrf_sections_run_end_start__ = .
                0x00000000200021f8                __end_nrf_sections_run = __nrf_sections_run_end_start__
 *(.nrf_sections_run_end .nrf_sections_run_end.*)
                0x00000000200021f8                __nrf_sections_run_end_end__ = (__nrf_sections_run_end_start__ + SIZEOF (.nrf_sections_run_end))
                0x0000000000000000                __nrf_sections_run_end_size__ = SIZEOF (.nrf_sections_run_end)
                0x00000000200021f8                __nrf_sections_run_end_load_end__ = __nrf_sections_run_end_end__
                0x0000000000000001                . = ASSERT (((__nrf_sections_run_end_start__ == __nrf_sections_run_end_end__) || ((__nrf_sections_run_end_end__ - __RAM_segment_start__) <= __RAM_segment_size__)), error: .nrf_sections_run_end is too large to fit in RAM memory segment)
                0x000000000002accc                __dtors_load_start__ = ALIGN ((__fs_data_load_start__ + SIZEOF (.fs_data)), 0x4)

.dtors          0x000000000002accc        0x0
                0x000000000002accc                __dtors_start__ = .
 *(SORT_BY_NAME(.dtors.*))
 *(.dtors)
 *(.fini_array)
 *(SORT_BY_NAME(.fini_array.*))
                0x000000000002accc                __dtors_end__ = (__dtors_start__ + SIZEOF (.dtors))
                0x0000000000000000                __dtors_size__ = SIZEOF (.dtors)
                0x000000000002accc                __dtors_load_end__ = __dtors_end__
                0x0000000000000001                . = ASSERT (((__dtors_start__ == __dtors_end__) || ((__dtors_end__ - __FLASH_segment_start__) <= __FLASH_segment_size__)), error: .dtors is too large to fit in FLASH memory segment)
                0x000000000002accc                __ctors_load_start__ = ALIGN (__dtors_end__, 0x4)

.ctors          0x000000000002accc        0x0
                0x000000000002accc                __ctors_start__ = .
 *(SORT_BY_NAME(.ctors.*))
 *(.ctors)
 *(.init_array)
 *(SORT_BY_NAME(.init_array.*))
                0x000000000002accc                __ctors_end__ = (__ctors_start__ + SIZEOF (.ctors))
                0x0000000000000000                __ctors_size__ = SIZEOF (.ctors)
                0x000000000002accc                __ctors_load_end__ = __ctors_end__
                0x0000000000000001                . = ASSERT (((__ctors_start__ == __ctors_end__) || ((__ctors_end__ - __FLASH_segment_start__) <= __FLASH_segment_size__)), error: .ctors is too large to fit in FLASH memory segment)
                0x000000000002accc                __rodata_load_start__ = ALIGN (__ctors_end__, 0x4)

.rodata         0x000000000002accc     0x147a
                0x000000000002accc                __rodata_start__ = .
 *(.rodata .rodata.* .gnu.linkonce.r.*)
 .rodata        0x000000000002accc       0x80 Output/ble_app_blinky_pca10040_s132 Debug/Obj/nrf_log_backend_uart.o
 .rodata.nrf_log_backend_uart_api
                0x000000000002ad4c        0xc Output/ble_app_blinky_pca10040_s132 Debug/Obj/nrf_log_backend_uart.o
                0x000000000002ad4c                nrf_log_backend_uart_api
 .rodata        0x000000000002ad58       0x64 Output/ble_app_blinky_pca10040_s132 Debug/Obj/nrf_log_default_backends.o
 .rodata.mempool
                0x000000000002adbc       0x14 Output/ble_app_blinky_pca10040_s132 Debug/Obj/nrf_log_frontend.o
 .rodata        0x000000000002add0       0x6c Output/ble_app_blinky_pca10040_s132 Debug/Obj/nrf_log_frontend.o
 .rodata        0x000000000002ae3c       0x92 Output/ble_app_blinky_pca10040_s132 Debug/Obj/nrf_log_str_formatter.o
 *fill*         0x000000000002aece        0x2 
 .rodata        0x000000000002aed0       0x90 Output/ble_app_blinky_pca10040_s132 Debug/Obj/app_error_weak.o
 .rodata        0x000000000002af60       0x4d Output/ble_app_blinky_pca10040_s132 Debug/Obj/app_util_platform.o
 *fill*         0x000000000002afad        0x3 
 .rodata        0x000000000002afb0       0x50 Output/ble_app_blinky_pca10040_s132 Debug/Obj/nrf_balloc.o
 .rodata        0x000000000002b000       0x3e Output/ble_app_blinky_pca10040_s132 Debug/Obj/nrf_fprintf.o
 *fill*         0x000000000002b03e        0x2 
 .rodata        0x000000000002b040       0x45 Output/ble_app_blinky_pca10040_s132 Debug/Obj/nrf_fprintf_format.o
 *fill*         0x000000000002b085        0x3 
 .rodata._aV2C.5997
                0x000000000002b088       0x10 Output/ble_app_blinky_pca10040_s132 Debug/Obj/nrf_fprintf_format.o
 .rodata        0x000000000002b098       0x55 Output/ble_app_blinky_pca10040_s132 Debug/Obj/nrf_memobj.o
 *fill*         0x000000000002b0ed        0x3 
 .rodata        0x000000000002b0f0       0xe4 Output/ble_app_blinky_pca10040_s132 Debug/Obj/nrf_pwr_mgmt.o
 .rodata        0x000000000002b1d4       0x61 Output/ble_app_blinky_pca10040_s132 Debug/Obj/nrf_section_iter.o
 *fill*         0x000000000002b235        0x3 
 .rodata.m_unknown_str
                0x000000000002b238       0x13 Output/ble_app_blinky_pca10040_s132 Debug/Obj/nrf_strerror.o
 *fill*         0x000000000002b24b        0x1 
 .rodata        0x000000000002b24c      0x308 Output/ble_app_blinky_pca10040_s132 Debug/Obj/nrf_strerror.o
 .rodata.nrf_strerror_array